<!doctype html public "-//w3c//dtd html 4.0 transitional//en">
<html><head>
<title>Static Call Graph - [..\OBJ\REMOTE.axf]</title></head>
<body><HR>
<H1>Static Call Graph for image ..\OBJ\REMOTE.axf</H1><HR>
<BR><P>#&#060CALLGRAPH&#062# ARM Linker, 5060960: Last Updated: Fri Apr 29 00:41:56 2022
<BR><P>
<H3>Maximum Stack Usage =        400 bytes + Unknown(Cycles, Untraceable Function Pointers)</H3><H3>
Call chain for Maximum Stack Depth:</H3>
game1_draw &rArr; MPU_Roll_Detect &rArr; mpu_dmp_get_data &rArr; dmp_read_fifo &rArr; mpu_read_fifo_stream &rArr; mpu_reset_fifo &rArr; MPU_Write_Len &rArr; MPU_I2C_WaitAck &rArr; I2C_Stop
<P>
<H3>
Mutually Recursive functions
</H3> <LI><a href="#[bc]">console_log</a>&nbsp;&nbsp;&nbsp;&rArr;&nbsp;&nbsp;&nbsp;<a href="#[bc]">console_log</a><BR>
 <LI><a href="#[2]">HardFault_Handler</a>&nbsp;&nbsp;&nbsp;&rArr;&nbsp;&nbsp;&nbsp;<a href="#[2]">HardFault_Handler</a><BR>
 <LI><a href="#[3]">MemManage_Handler</a>&nbsp;&nbsp;&nbsp;&rArr;&nbsp;&nbsp;&nbsp;<a href="#[3]">MemManage_Handler</a><BR>
 <LI><a href="#[4]">BusFault_Handler</a>&nbsp;&nbsp;&nbsp;&rArr;&nbsp;&nbsp;&nbsp;<a href="#[4]">BusFault_Handler</a><BR>
 <LI><a href="#[5]">UsageFault_Handler</a>&nbsp;&nbsp;&nbsp;&rArr;&nbsp;&nbsp;&nbsp;<a href="#[5]">UsageFault_Handler</a><BR>
 <LI><a href="#[1c]">ADC1_2_IRQHandler</a>&nbsp;&nbsp;&nbsp;&rArr;&nbsp;&nbsp;&nbsp;<a href="#[1c]">ADC1_2_IRQHandler</a><BR>
</UL>
<P>
<H3>
Function Pointers
</H3><UL>
 <LI><a href="#[1c]">ADC1_2_IRQHandler</a> from startup_stm32f10x_md.o(.text) referenced from startup_stm32f10x_md.o(RESET)
 <LI><a href="#[4]">BusFault_Handler</a> from stm32f10x_it.o(.text) referenced from startup_stm32f10x_md.o(RESET)
 <LI><a href="#[1f]">CAN1_RX1_IRQHandler</a> from startup_stm32f10x_md.o(.text) referenced from startup_stm32f10x_md.o(RESET)
 <LI><a href="#[20]">CAN1_SCE_IRQHandler</a> from startup_stm32f10x_md.o(.text) referenced from startup_stm32f10x_md.o(RESET)
 <LI><a href="#[49]">Change_State</a> from diag.o(.text) referenced from diag.o(.text)
 <LI><a href="#[15]">DMA1_Channel1_IRQHandler</a> from startup_stm32f10x_md.o(.text) referenced from startup_stm32f10x_md.o(RESET)
 <LI><a href="#[16]">DMA1_Channel2_IRQHandler</a> from startup_stm32f10x_md.o(.text) referenced from startup_stm32f10x_md.o(RESET)
 <LI><a href="#[17]">DMA1_Channel3_IRQHandler</a> from startup_stm32f10x_md.o(.text) referenced from startup_stm32f10x_md.o(RESET)
 <LI><a href="#[18]">DMA1_Channel4_IRQHandler</a> from startup_stm32f10x_md.o(.text) referenced from startup_stm32f10x_md.o(RESET)
 <LI><a href="#[19]">DMA1_Channel5_IRQHandler</a> from startup_stm32f10x_md.o(.text) referenced from startup_stm32f10x_md.o(RESET)
 <LI><a href="#[1a]">DMA1_Channel6_IRQHandler</a> from startup_stm32f10x_md.o(.text) referenced from startup_stm32f10x_md.o(RESET)
 <LI><a href="#[1b]">DMA1_Channel7_IRQHandler</a> from startup_stm32f10x_md.o(.text) referenced from startup_stm32f10x_md.o(RESET)
 <LI><a href="#[7]">DebugMon_Handler</a> from stm32f10x_it.o(.text) referenced from startup_stm32f10x_md.o(RESET)
 <LI><a href="#[10]">EXTI0_IRQHandler</a> from startup_stm32f10x_md.o(.text) referenced from startup_stm32f10x_md.o(RESET)
 <LI><a href="#[32]">EXTI15_10_IRQHandler</a> from startup_stm32f10x_md.o(.text) referenced from startup_stm32f10x_md.o(RESET)
 <LI><a href="#[11]">EXTI1_IRQHandler</a> from startup_stm32f10x_md.o(.text) referenced from startup_stm32f10x_md.o(RESET)
 <LI><a href="#[12]">EXTI2_IRQHandler</a> from startup_stm32f10x_md.o(.text) referenced from startup_stm32f10x_md.o(RESET)
 <LI><a href="#[13]">EXTI3_IRQHandler</a> from startup_stm32f10x_md.o(.text) referenced from startup_stm32f10x_md.o(RESET)
 <LI><a href="#[14]">EXTI4_IRQHandler</a> from startup_stm32f10x_md.o(.text) referenced from startup_stm32f10x_md.o(RESET)
 <LI><a href="#[21]">EXTI9_5_IRQHandler</a> from nvic.o(.text) referenced from startup_stm32f10x_md.o(RESET)
 <LI><a href="#[e]">FLASH_IRQHandler</a> from startup_stm32f10x_md.o(.text) referenced from startup_stm32f10x_md.o(RESET)
 <LI><a href="#[2]">HardFault_Handler</a> from stm32f10x_it.o(.text) referenced from startup_stm32f10x_md.o(RESET)
 <LI><a href="#[2a]">I2C1_ER_IRQHandler</a> from startup_stm32f10x_md.o(.text) referenced from startup_stm32f10x_md.o(RESET)
 <LI><a href="#[29]">I2C1_EV_IRQHandler</a> from startup_stm32f10x_md.o(.text) referenced from startup_stm32f10x_md.o(RESET)
 <LI><a href="#[2c]">I2C2_ER_IRQHandler</a> from startup_stm32f10x_md.o(.text) referenced from startup_stm32f10x_md.o(RESET)
 <LI><a href="#[2b]">I2C2_EV_IRQHandler</a> from startup_stm32f10x_md.o(.text) referenced from startup_stm32f10x_md.o(RESET)
 <LI><a href="#[4a]">MeasureTimeUpdate</a> from diag.o(.text) referenced from diag.o(.text)
 <LI><a href="#[3]">MemManage_Handler</a> from stm32f10x_it.o(.text) referenced from startup_stm32f10x_md.o(RESET)
 <LI><a href="#[1]">NMI_Handler</a> from stm32f10x_it.o(.text) referenced from startup_stm32f10x_md.o(RESET)
 <LI><a href="#[b]">PVD_IRQHandler</a> from startup_stm32f10x_md.o(.text) referenced from startup_stm32f10x_md.o(RESET)
 <LI><a href="#[8]">PendSV_Handler</a> from stm32f10x_it.o(.text) referenced from startup_stm32f10x_md.o(RESET)
 <LI><a href="#[a0]">Pulse_send</a> from mpu_task.o(.text) referenced from my_menu.o(.text)
 <LI><a href="#[f]">RCC_IRQHandler</a> from startup_stm32f10x_md.o(.text) referenced from startup_stm32f10x_md.o(RESET)
 <LI><a href="#[33]">RTCAlarm_IRQHandler</a> from startup_stm32f10x_md.o(.text) referenced from startup_stm32f10x_md.o(RESET)
 <LI><a href="#[d]">RTC_IRQHandler</a> from startup_stm32f10x_md.o(.text) referenced from startup_stm32f10x_md.o(RESET)
 <LI><a href="#[0]">Reset_Handler</a> from startup_stm32f10x_md.o(.text) referenced from startup_stm32f10x_md.o(RESET)
 <LI><a href="#[2d]">SPI1_IRQHandler</a> from startup_stm32f10x_md.o(.text) referenced from startup_stm32f10x_md.o(RESET)
 <LI><a href="#[2e]">SPI2_IRQHandler</a> from startup_stm32f10x_md.o(.text) referenced from startup_stm32f10x_md.o(RESET)
 <LI><a href="#[6]">SVC_Handler</a> from stm32f10x_it.o(.text) referenced from startup_stm32f10x_md.o(RESET)
 <LI><a href="#[9]">SysTick_Handler</a> from stm32f10x_it.o(.text) referenced from startup_stm32f10x_md.o(RESET)
 <LI><a href="#[3d]">SystemInit</a> from system_stm32f10x.o(.text) referenced from startup_stm32f10x_md.o(.text)
 <LI><a href="#[c]">TAMPER_IRQHandler</a> from startup_stm32f10x_md.o(.text) referenced from startup_stm32f10x_md.o(RESET)
 <LI><a href="#[22]">TIM1_BRK_IRQHandler</a> from startup_stm32f10x_md.o(.text) referenced from startup_stm32f10x_md.o(RESET)
 <LI><a href="#[25]">TIM1_CC_IRQHandler</a> from startup_stm32f10x_md.o(.text) referenced from startup_stm32f10x_md.o(RESET)
 <LI><a href="#[24]">TIM1_TRG_COM_IRQHandler</a> from startup_stm32f10x_md.o(.text) referenced from startup_stm32f10x_md.o(RESET)
 <LI><a href="#[23]">TIM1_UP_IRQHandler</a> from startup_stm32f10x_md.o(.text) referenced from startup_stm32f10x_md.o(RESET)
 <LI><a href="#[26]">TIM2_IRQHandler</a> from startup_stm32f10x_md.o(.text) referenced from startup_stm32f10x_md.o(RESET)
 <LI><a href="#[27]">TIM3_IRQHandler</a> from millis.o(.text) referenced from startup_stm32f10x_md.o(RESET)
 <LI><a href="#[28]">TIM4_IRQHandler</a> from startup_stm32f10x_md.o(.text) referenced from startup_stm32f10x_md.o(RESET)
 <LI><a href="#[2f]">USART1_IRQHandler</a> from usart.o(.text) referenced from startup_stm32f10x_md.o(RESET)
 <LI><a href="#[30]">USART2_IRQHandler</a> from startup_stm32f10x_md.o(.text) referenced from startup_stm32f10x_md.o(RESET)
 <LI><a href="#[31]">USART3_IRQHandler</a> from startup_stm32f10x_md.o(.text) referenced from startup_stm32f10x_md.o(RESET)
 <LI><a href="#[34]">USBWakeUp_IRQHandler</a> from startup_stm32f10x_md.o(.text) referenced from startup_stm32f10x_md.o(RESET)
 <LI><a href="#[1d]">USB_HP_CAN1_TX_IRQHandler</a> from startup_stm32f10x_md.o(.text) referenced from startup_stm32f10x_md.o(RESET)
 <LI><a href="#[1e]">USB_LP_CAN1_RX0_IRQHandler</a> from startup_stm32f10x_md.o(.text) referenced from startup_stm32f10x_md.o(RESET)
 <LI><a href="#[5]">UsageFault_Handler</a> from stm32f10x_it.o(.text) referenced from startup_stm32f10x_md.o(RESET)
 <LI><a href="#[a]">WWDG_IRQHandler</a> from startup_stm32f10x_md.o(.text) referenced from startup_stm32f10x_md.o(RESET)
 <LI><a href="#[3e]">__main</a> from entry.o(.ARM.Collect$$$$00000000) referenced from startup_stm32f10x_md.o(.text)
 <LI><a href="#[ab]">_sputc</a> from printfa.o(i._sputc) referenced from printfa.o(i.__0sprintf)
 <LI><a href="#[ab]">_sputc</a> from printfa.o(i._sputc) referenced from printfa.o(i.__0vsprintf)
 <LI><a href="#[44]">alarmsDown</a> from alarms.o(.text) referenced from alarms.o(.text)
 <LI><a href="#[45]">alarmsDraw</a> from alarms.o(.text) referenced from alarms.o(.text)
 <LI><a href="#[42]">alarmsUp</a> from alarms.o(.text) referenced from alarms.o(.text)
 <LI><a href="#[75]">altitude_open</a> from altitude_display.o(.text) referenced from normal.o(.text)
 <LI><a href="#[88]">back</a> from menu.o(.text) referenced 4 times from stopwatch.o(.text)
 <LI><a href="#[55]">btnBounce</a> from game3.o(.text) referenced from game3.o(.text)
 <LI><a href="#[51]">btnDown</a> from game2.o(.text) referenced from game2.o(.text)
 <LI><a href="#[3a]">btnExit</a> from mpu_task.o(.text) referenced 7 times from mpu_task.o(.text)
 <LI><a href="#[99]">btnFlashRate</a> from torch.o(.text) referenced from torch.o(.text)
 <LI><a href="#[4d]">btnLeft</a> from game1.o(.text) referenced from game1.o(.text)
 <LI><a href="#[57]">btnPause</a> from game3.o(.text) referenced from game3.o(.text)
 <LI><a href="#[8c]">btnReset</a> from stopwatch.o(.text) referenced from stopwatch.o(.text)
 <LI><a href="#[4f]">btnRight</a> from game1.o(.text) referenced from game1.o(.text)
 <LI><a href="#[8b]">btnStartStop</a> from stopwatch.o(.text) referenced from stopwatch.o(.text)
 <LI><a href="#[53]">btnUp</a> from game2.o(.text) referenced from game2.o(.text)
 <LI><a href="#[39]">btndown</a> from mpu_task.o(.text) referenced 2 times from mpu_task.o(.text)
 <LI><a href="#[a9]">btndown1</a> from altitude_display.o(.text) referenced from altitude_display.o(.text)
 <LI><a href="#[3b]">btnup</a> from mpu_task.o(.text) referenced 2 times from mpu_task.o(.text)
 <LI><a href="#[a8]">btnup1</a> from altitude_display.o(.text) referenced from altitude_display.o(.text)
 <LI><a href="#[26a]">cmd2</a> from my_menu.o(.text) referenced from my_menu.o(.text)
 <LI><a href="#[26c]">cmd3</a> from my_menu.o(.text) referenced from my_menu.o(.text)
 <LI><a href="#[37]">display_load</a> from display.o(.text) referenced 7 times from mpu_task.o(.text)
 <LI><a href="#[9e]">down</a> from tunemaker.o(.text) referenced from tunemaker.o(.text)
 <LI><a href="#[38]">draw</a> from mpu_task.o(.text) referenced 9 times from mpu_task.o(.text)
 <LI><a href="#[3c]">draw1</a> from mpu_task.o(.text) referenced from mpu_task.o(.text)
 <LI><a href="#[aa]">fputc</a> from usart.o(.text) referenced from printfa.o(i.__0printf)
 <LI><a href="#[209]">game1_draw</a> from game1.o(.text) referenced from game1.o(.text)
 <LI><a href="#[58]">game1_start</a> from game1.o(.text) referenced from games.o(.text)
 <LI><a href="#[59]">game2_start</a> from game2.o(.text) referenced from games.o(.text)
 <LI><a href="#[5a]">game3_start</a> from game3.o(.text) referenced from games.o(.text)
 <LI><a href="#[a7]">history_draw</a> from altitude_display.o(.text) referenced from altitude_display.o(.text)
 <LI><a href="#[41]">itemLoader</a> from alarms.o(.text) referenced 10 times from alarms.o(.text)
 <LI><a href="#[65]">mAlarmsOpen</a> from alarms.o(.text) referenced 2 times from m_main.o(.text)
 <LI><a href="#[7a]">mDiagOpen</a> from diag.o(.text) referenced 2 times from settings.o(.text)
 <LI><a href="#[79]">mDisplayOpen</a> from m_display.o(.text) referenced 2 times from settings.o(.text)
 <LI><a href="#[93]">mDown</a> from timedate.o(.text) referenced from timedate.o(.text)
 <LI><a href="#[81]">mDraw</a> from sleep.o(.text) referenced from sleep.o(.text)
 <LI><a href="#[69]">mGamesOpen</a> from games.o(.text) referenced 2 times from m_main.o(.text)
 <LI><a href="#[72]">mOpen</a> from m_main.o(.text) referenced from m_main.o(.text)
 <LI><a href="#[43]">mSelect</a> from alarms.o(.text) referenced 10 times from alarms.o(.text)
 <LI><a href="#[6a]">mSettingsOpen</a> from settings.o(.text) referenced 2 times from m_main.o(.text)
 <LI><a href="#[77]">mSleepOpen</a> from sleep.o(.text) referenced 2 times from settings.o(.text)
 <LI><a href="#[78]">mSoundOpen</a> from sound.o(.text) referenced 2 times from settings.o(.text)
 <LI><a href="#[76]">mTimeDateOpen</a> from timedate.o(.text) referenced 2 times from settings.o(.text)
 <LI><a href="#[91]">mUp</a> from timedate.o(.text) referenced from timedate.o(.text)
 <LI><a href="#[35]">main</a> from main.o(.text) referenced from entry9a.o(.ARM.Collect$$$$0000000B)
 <LI><a href="#[6b]">menu_close</a> from menu.o(.text) referenced from m_main.o(.text)
 <LI><a href="#[6d]">menu_down</a> from menu.o(.text) referenced 2 times from m_main.o(.text)
 <LI><a href="#[6c]">menu_draw</a> from menu.o(.text) referenced 2 times from m_main.o(.text)
 <LI><a href="#[6e]">menu_select</a> from menu.o(.text) referenced 3 times from m_main.o(.text)
 <LI><a href="#[6f]">menu_up</a> from menu.o(.text) referenced 2 times from m_main.o(.text)
 <LI><a href="#[9f]">mpu_open</a> from mpu_task.o(.text) referenced from my_menu.o(.text)
 <LI><a href="#[74]">my_menu_open</a> from my_menu.o(.text) referenced from normal.o(.text)
 <LI><a href="#[9a]">next</a> from tune.o(.text) referenced from tune.o(.text)
 <LI><a href="#[47]">nextOption</a> from menu.o(.text) referenced 9 times from alarms.o(.text)
 <LI><a href="#[46]">prevOption</a> from menu.o(.text) referenced 9 times from alarms.o(.text)
 <LI><a href="#[8f]">saveTimeDate</a> from timedate.o(.text) referenced from timedate.o(.text)
 <LI><a href="#[9d]">select</a> from tunemaker.o(.text) referenced from tunemaker.o(.text)
 <LI><a href="#[48]">selectAlarm</a> from alarms.o(.text) referenced from alarms.o(.text)
 <LI><a href="#[8d]">selectDate</a> from timedate.o(.text) referenced from timedate.o(.text)
 <LI><a href="#[8e]">selectTime</a> from timedate.o(.text) referenced from timedate.o(.text)
 <LI><a href="#[63]">setAnimations</a> from m_display.o(.text) referenced from m_display.o(.text)
 <LI><a href="#[60]">setBrightness</a> from m_display.o(.text) referenced from m_display.o(.text)
 <LI><a href="#[64]">setFPS</a> from m_display.o(.text) referenced from m_display.o(.text)
 <LI><a href="#[61]">setInvert</a> from m_display.o(.text) referenced from m_display.o(.text)
 <LI><a href="#[7e]">setMoveCheck</a> from sleep.o(.text) referenced from sleep.o(.text)
 <LI><a href="#[62]">setRotate</a> from m_display.o(.text) referenced from m_display.o(.text)
 <LI><a href="#[7d]">setTimeout</a> from sleep.o(.text) referenced from sleep.o(.text)
 <LI><a href="#[86]">setVolumeAlarm</a> from sound.o(.text) referenced from sound.o(.text)
 <LI><a href="#[87]">setVolumeHour</a> from sound.o(.text) referenced from sound.o(.text)
 <LI><a href="#[85]">setVolumeUI</a> from sound.o(.text) referenced from sound.o(.text)
 <LI><a href="#[40]">stopAlarm</a> from alarm.o(.text) referenced from alarm.o(.text)
 <LI><a href="#[67]">stopwatch_open</a> from stopwatch.o(.text) referenced from m_main.o(.text)
 <LI><a href="#[5f]">thisDraw</a> from m_display.o(.text) referenced from m_display.o(.text)
 <LI><a href="#[84]">thisdraw</a> from sound.o(.text) referenced from sound.o(.text)
 <LI><a href="#[95]">timeDataDown</a> from timedate.o(.text) referenced from timedate.o(.text)
 <LI><a href="#[94]">timeDataUp</a> from timedate.o(.text) referenced from timedate.o(.text)
 <LI><a href="#[96]">timeDateDraw</a> from timedate.o(.text) referenced from timedate.o(.text)
 <LI><a href="#[66]">torch_open</a> from torch.o(.text) referenced from m_main.o(.text)
 <LI><a href="#[68]">tunemakerOpen</a> from tunemaker.o(.text) referenced from m_main.o(.text)
 <LI><a href="#[9c]">up</a> from tunemaker.o(.text) referenced from tunemaker.o(.text)
 <LI><a href="#[36]">watchface_normal</a> from normal.o(.text) referenced from main.o(.text)
</UL>
<P>
<H3>
Global Symbols
</H3>
<P><STRONG><a name="[3e]"></a>__main</STRONG> (Thumb, 0 bytes, Stack size unknown bytes, entry.o(.ARM.Collect$$$$00000000))
<BR>[Address Reference Count : 1]<UL><LI> startup_stm32f10x_md.o(.text)
</UL>
<P><STRONG><a name="[28f]"></a>_main_stk</STRONG> (Thumb, 0 bytes, Stack size unknown bytes, entry2.o(.ARM.Collect$$$$00000001))

<P><STRONG><a name="[ac]"></a>_main_scatterload</STRONG> (Thumb, 0 bytes, Stack size unknown bytes, entry5.o(.ARM.Collect$$$$00000004))
<BR><BR>[Calls]<UL><LI><a href="#[ad]">&gt;&gt;</a>&nbsp;&nbsp;&nbsp;__scatterload
</UL>

<P><STRONG><a name="[278]"></a>__main_after_scatterload</STRONG> (Thumb, 0 bytes, Stack size unknown bytes, entry5.o(.ARM.Collect$$$$00000004))
<BR><BR>[Called By]<UL><LI><a href="#[ad]">&gt;&gt;</a>&nbsp;&nbsp;&nbsp;__scatterload
</UL>

<P><STRONG><a name="[290]"></a>_main_clock</STRONG> (Thumb, 0 bytes, Stack size unknown bytes, entry7b.o(.ARM.Collect$$$$00000008))

<P><STRONG><a name="[291]"></a>_main_cpp_init</STRONG> (Thumb, 0 bytes, Stack size unknown bytes, entry8b.o(.ARM.Collect$$$$0000000A))

<P><STRONG><a name="[292]"></a>_main_init</STRONG> (Thumb, 0 bytes, Stack size unknown bytes, entry9a.o(.ARM.Collect$$$$0000000B))

<P><STRONG><a name="[293]"></a>__rt_lib_shutdown_fini</STRONG> (Thumb, 0 bytes, Stack size unknown bytes, entry12b.o(.ARM.Collect$$$$0000000E))

<P><STRONG><a name="[294]"></a>__rt_final_cpp</STRONG> (Thumb, 0 bytes, Stack size unknown bytes, entry10a.o(.ARM.Collect$$$$0000000F))

<P><STRONG><a name="[295]"></a>__rt_final_exit</STRONG> (Thumb, 0 bytes, Stack size unknown bytes, entry11a.o(.ARM.Collect$$$$00000011))

<P><STRONG><a name="[ae]"></a>bme_update</STRONG> (Thumb, 36 bytes, Stack size 8 bytes, main.o(.text))
<BR><BR>[Stack]<UL><LI>Max Depth = 224<LI>Call Chain = bme_update &rArr; bme280CompensateP &rArr; presssureFilter &rArr; __aeabi_dadd &rArr; _double_epilogue &rArr; _double_round
</UL>
<BR>[Calls]<UL><LI><a href="#[af]">&gt;&gt;</a>&nbsp;&nbsp;&nbsp;readTrim
<LI><a href="#[b2]">&gt;&gt;</a>&nbsp;&nbsp;&nbsp;bme280CompensateT
<LI><a href="#[b1]">&gt;&gt;</a>&nbsp;&nbsp;&nbsp;bme280CompensateP
<LI><a href="#[b0]">&gt;&gt;</a>&nbsp;&nbsp;&nbsp;bme280CompensateH
</UL>
<BR>[Called By]<UL><LI><a href="#[cd]">&gt;&gt;</a>&nbsp;&nbsp;&nbsp;c_loop
</UL>

<P><STRONG><a name="[b3]"></a>c_setup</STRONG> (Thumb, 284 bytes, Stack size 16 bytes, main.o(.text))
<BR><BR>[Stack]<UL><LI>Max Depth = 320<LI>Call Chain = c_setup &rArr; mpu_dmp_init &rArr; run_self_test &rArr; mpu_run_self_test &rArr; mpu_set_dmp_state &rArr; mpu_set_sample_rate &rArr; mpu_lp_accel_mode &rArr; mpu_configure_fifo &rArr; mpu_reset_fifo &rArr; MPU_Write_Len &rArr; MPU_I2C_WaitAck &rArr; I2C_Stop
</UL>
<BR>[Calls]<UL><LI><a href="#[b6]">&gt;&gt;</a>&nbsp;&nbsp;&nbsp;uart_init
<LI><a href="#[c9]">&gt;&gt;</a>&nbsp;&nbsp;&nbsp;pwrmgr_init
<LI><a href="#[c0]">&gt;&gt;</a>&nbsp;&nbsp;&nbsp;mpu_dmp_init
<LI><a href="#[bb]">&gt;&gt;</a>&nbsp;&nbsp;&nbsp;millis_init
<LI><a href="#[cb]">&gt;&gt;</a>&nbsp;&nbsp;&nbsp;display_set
<LI><a href="#[37]">&gt;&gt;</a>&nbsp;&nbsp;&nbsp;display_load
<LI><a href="#[be]">&gt;&gt;</a>&nbsp;&nbsp;&nbsp;delay_ms
<LI><a href="#[b5]">&gt;&gt;</a>&nbsp;&nbsp;&nbsp;delay_init
<LI><a href="#[bc]">&gt;&gt;</a>&nbsp;&nbsp;&nbsp;console_log
<LI><a href="#[c4]">&gt;&gt;</a>&nbsp;&nbsp;&nbsp;buzzer_init
<LI><a href="#[c5]">&gt;&gt;</a>&nbsp;&nbsp;&nbsp;buttons_init
<LI><a href="#[c3]">&gt;&gt;</a>&nbsp;&nbsp;&nbsp;appconfig_init
<LI><a href="#[c7]">&gt;&gt;</a>&nbsp;&nbsp;&nbsp;alarm_init
<LI><a href="#[cc]">&gt;&gt;</a>&nbsp;&nbsp;&nbsp;USART_DMACmd
<LI><a href="#[3d]">&gt;&gt;</a>&nbsp;&nbsp;&nbsp;SystemInit
<LI><a href="#[c8]">&gt;&gt;</a>&nbsp;&nbsp;&nbsp;Set_DS3231_date
<LI><a href="#[b4]">&gt;&gt;</a>&nbsp;&nbsp;&nbsp;NVIC_PriorityGroupConfig
<LI><a href="#[b7]">&gt;&gt;</a>&nbsp;&nbsp;&nbsp;MYDMA_Config
<LI><a href="#[bf]">&gt;&gt;</a>&nbsp;&nbsp;&nbsp;MPU_Init
<LI><a href="#[b8]">&gt;&gt;</a>&nbsp;&nbsp;&nbsp;LCD_Init
<LI><a href="#[ba]">&gt;&gt;</a>&nbsp;&nbsp;&nbsp;KEY_INT_INIT
<LI><a href="#[bd]">&gt;&gt;</a>&nbsp;&nbsp;&nbsp;I2C_GPIO_Config
<LI><a href="#[c2]">&gt;&gt;</a>&nbsp;&nbsp;&nbsp;DS3231_Init
<LI><a href="#[ca]">&gt;&gt;</a>&nbsp;&nbsp;&nbsp;DA17_IIC_Init
<LI><a href="#[c6]">&gt;&gt;</a>&nbsp;&nbsp;&nbsp;Bme280_Init
<LI><a href="#[b9]">&gt;&gt;</a>&nbsp;&nbsp;&nbsp;Adc_Init
<LI><a href="#[c1]">&gt;&gt;</a>&nbsp;&nbsp;&nbsp;__aeabi_memclr
</UL>
<BR>[Called By]<UL><LI><a href="#[35]">&gt;&gt;</a>&nbsp;&nbsp;&nbsp;main
</UL>

<P><STRONG><a name="[cd]"></a>c_loop</STRONG> (Thumb, 90 bytes, Stack size 8 bytes, main.o(.text))
<BR><BR>[Stack]<UL><LI>Max Depth = 232<LI>Call Chain = c_loop &rArr; bme_update &rArr; bme280CompensateP &rArr; presssureFilter &rArr; __aeabi_dadd &rArr; _double_epilogue &rArr; _double_round
</UL>
<BR>[Calls]<UL><LI><a href="#[ce]">&gt;&gt;</a>&nbsp;&nbsp;&nbsp;time_update
<LI><a href="#[d2]">&gt;&gt;</a>&nbsp;&nbsp;&nbsp;stopwatch_update
<LI><a href="#[cf]">&gt;&gt;</a>&nbsp;&nbsp;&nbsp;pwrmgr_userActive
<LI><a href="#[d5]">&gt;&gt;</a>&nbsp;&nbsp;&nbsp;pwrmgr_update
<LI><a href="#[d4]">&gt;&gt;</a>&nbsp;&nbsp;&nbsp;display_update
<LI><a href="#[d1]">&gt;&gt;</a>&nbsp;&nbsp;&nbsp;buzzer_update
<LI><a href="#[d0]">&gt;&gt;</a>&nbsp;&nbsp;&nbsp;buttons_update
<LI><a href="#[d3]">&gt;&gt;</a>&nbsp;&nbsp;&nbsp;alarm_update
<LI><a href="#[d7]">&gt;&gt;</a>&nbsp;&nbsp;&nbsp;GPIO_WriteBit
<LI><a href="#[d6]">&gt;&gt;</a>&nbsp;&nbsp;&nbsp;GPIO_ReadOutputDataBit
<LI><a href="#[ae]">&gt;&gt;</a>&nbsp;&nbsp;&nbsp;bme_update
<LI><a href="#[c1]">&gt;&gt;</a>&nbsp;&nbsp;&nbsp;__aeabi_memclr
</UL>
<BR>[Called By]<UL><LI><a href="#[35]">&gt;&gt;</a>&nbsp;&nbsp;&nbsp;main
</UL>

<P><STRONG><a name="[35]"></a>main</STRONG> (Thumb, 10 bytes, Stack size 0 bytes, main.o(.text))
<BR><BR>[Stack]<UL><LI>Max Depth = 320<LI>Call Chain = main &rArr; c_setup &rArr; mpu_dmp_init &rArr; run_self_test &rArr; mpu_run_self_test &rArr; mpu_set_dmp_state &rArr; mpu_set_sample_rate &rArr; mpu_lp_accel_mode &rArr; mpu_configure_fifo &rArr; mpu_reset_fifo &rArr; MPU_Write_Len &rArr; MPU_I2C_WaitAck &rArr; I2C_Stop
</UL>
<BR>[Calls]<UL><LI><a href="#[cd]">&gt;&gt;</a>&nbsp;&nbsp;&nbsp;c_loop
<LI><a href="#[b3]">&gt;&gt;</a>&nbsp;&nbsp;&nbsp;c_setup
</UL>
<BR>[Address Reference Count : 1]<UL><LI> entry9a.o(.ARM.Collect$$$$0000000B)
</UL>
<P><STRONG><a name="[1]"></a>NMI_Handler</STRONG> (Thumb, 2 bytes, Stack size 0 bytes, stm32f10x_it.o(.text))
<BR>[Address Reference Count : 1]<UL><LI> startup_stm32f10x_md.o(RESET)
</UL>
<P><STRONG><a name="[2]"></a>HardFault_Handler</STRONG> (Thumb, 2 bytes, Stack size 0 bytes, stm32f10x_it.o(.text))
<BR><BR>[Calls]<UL><LI><a href="#[2]">&gt;&gt;</a>&nbsp;&nbsp;&nbsp;HardFault_Handler
</UL>
<BR>[Called By]<UL><LI><a href="#[2]">&gt;&gt;</a>&nbsp;&nbsp;&nbsp;HardFault_Handler
</UL>
<BR>[Address Reference Count : 1]<UL><LI> startup_stm32f10x_md.o(RESET)
</UL>
<P><STRONG><a name="[3]"></a>MemManage_Handler</STRONG> (Thumb, 2 bytes, Stack size 0 bytes, stm32f10x_it.o(.text))
<BR><BR>[Calls]<UL><LI><a href="#[3]">&gt;&gt;</a>&nbsp;&nbsp;&nbsp;MemManage_Handler
</UL>
<BR>[Called By]<UL><LI><a href="#[3]">&gt;&gt;</a>&nbsp;&nbsp;&nbsp;MemManage_Handler
</UL>
<BR>[Address Reference Count : 1]<UL><LI> startup_stm32f10x_md.o(RESET)
</UL>
<P><STRONG><a name="[4]"></a>BusFault_Handler</STRONG> (Thumb, 2 bytes, Stack size 0 bytes, stm32f10x_it.o(.text))
<BR><BR>[Calls]<UL><LI><a href="#[4]">&gt;&gt;</a>&nbsp;&nbsp;&nbsp;BusFault_Handler
</UL>
<BR>[Called By]<UL><LI><a href="#[4]">&gt;&gt;</a>&nbsp;&nbsp;&nbsp;BusFault_Handler
</UL>
<BR>[Address Reference Count : 1]<UL><LI> startup_stm32f10x_md.o(RESET)
</UL>
<P><STRONG><a name="[5]"></a>UsageFault_Handler</STRONG> (Thumb, 2 bytes, Stack size 0 bytes, stm32f10x_it.o(.text))
<BR><BR>[Calls]<UL><LI><a href="#[5]">&gt;&gt;</a>&nbsp;&nbsp;&nbsp;UsageFault_Handler
</UL>
<BR>[Called By]<UL><LI><a href="#[5]">&gt;&gt;</a>&nbsp;&nbsp;&nbsp;UsageFault_Handler
</UL>
<BR>[Address Reference Count : 1]<UL><LI> startup_stm32f10x_md.o(RESET)
</UL>
<P><STRONG><a name="[6]"></a>SVC_Handler</STRONG> (Thumb, 2 bytes, Stack size 0 bytes, stm32f10x_it.o(.text))
<BR>[Address Reference Count : 1]<UL><LI> startup_stm32f10x_md.o(RESET)
</UL>
<P><STRONG><a name="[7]"></a>DebugMon_Handler</STRONG> (Thumb, 2 bytes, Stack size 0 bytes, stm32f10x_it.o(.text))
<BR>[Address Reference Count : 1]<UL><LI> startup_stm32f10x_md.o(RESET)
</UL>
<P><STRONG><a name="[8]"></a>PendSV_Handler</STRONG> (Thumb, 2 bytes, Stack size 0 bytes, stm32f10x_it.o(.text))
<BR>[Address Reference Count : 1]<UL><LI> startup_stm32f10x_md.o(RESET)
</UL>
<P><STRONG><a name="[9]"></a>SysTick_Handler</STRONG> (Thumb, 2 bytes, Stack size 0 bytes, stm32f10x_it.o(.text))
<BR>[Address Reference Count : 1]<UL><LI> startup_stm32f10x_md.o(RESET)
</UL>
<P><STRONG><a name="[3d]"></a>SystemInit</STRONG> (Thumb, 64 bytes, Stack size 8 bytes, system_stm32f10x.o(.text))
<BR><BR>[Stack]<UL><LI>Max Depth = 20<LI>Call Chain = SystemInit &rArr; SetSysClockTo72
</UL>
<BR>[Calls]<UL><LI><a href="#[d8]">&gt;&gt;</a>&nbsp;&nbsp;&nbsp;SetSysClockTo72
</UL>
<BR>[Called By]<UL><LI><a href="#[b3]">&gt;&gt;</a>&nbsp;&nbsp;&nbsp;c_setup
</UL>
<BR>[Address Reference Count : 1]<UL><LI> startup_stm32f10x_md.o(.text)
</UL>
<P><STRONG><a name="[296]"></a>SystemCoreClockUpdate</STRONG> (Thumb, 86 bytes, Stack size 8 bytes, system_stm32f10x.o(.text), UNUSED)

<P><STRONG><a name="[b8]"></a>LCD_Init</STRONG> (Thumb, 38 bytes, Stack size 8 bytes, lcd.o(.text))
<BR><BR>[Stack]<UL><LI>Max Depth = 72<LI>Call Chain = LCD_Init &rArr; InitGraph &rArr; DriverInit &rArr; OLED_Init &rArr; OLED_CLS &rArr; WriteDat &rArr; Write_IIC_Byte
</UL>
<BR>[Calls]<UL><LI><a href="#[da]">&gt;&gt;</a>&nbsp;&nbsp;&nbsp;WriteCmd
<LI><a href="#[d9]">&gt;&gt;</a>&nbsp;&nbsp;&nbsp;InitGraph
</UL>
<BR>[Called By]<UL><LI><a href="#[b3]">&gt;&gt;</a>&nbsp;&nbsp;&nbsp;c_setup
</UL>

<P><STRONG><a name="[db]"></a>LCD_Clear</STRONG> (Thumb, 4 bytes, Stack size 0 bytes, lcd.o(.text), UNUSED)
<BR><BR>[Calls]<UL><LI><a href="#[dc]">&gt;&gt;</a>&nbsp;&nbsp;&nbsp;ClearScreen
</UL>

<P><STRONG><a name="[dd]"></a>oled_flush</STRONG> (Thumb, 72 bytes, Stack size 24 bytes, lcd.o(.text))
<BR><BR>[Stack]<UL><LI>Max Depth = 56<LI>Call Chain = oled_flush &rArr; WriteDat &rArr; Write_IIC_Byte
</UL>
<BR>[Calls]<UL><LI><a href="#[de]">&gt;&gt;</a>&nbsp;&nbsp;&nbsp;WriteDat
<LI><a href="#[da]">&gt;&gt;</a>&nbsp;&nbsp;&nbsp;WriteCmd
</UL>
<BR>[Called By]<UL><LI><a href="#[bc]">&gt;&gt;</a>&nbsp;&nbsp;&nbsp;console_log
<LI><a href="#[202]">&gt;&gt;</a>&nbsp;&nbsp;&nbsp;draw_end
</UL>

<P><STRONG><a name="[df]"></a>TIM_PWM_Init_Init</STRONG> (Thumb, 138 bytes, Stack size 56 bytes, beep.o(.text))
<BR><BR>[Stack]<UL><LI>Max Depth = 76<LI>Call Chain = TIM_PWM_Init_Init &rArr; GPIO_Init
</UL>
<BR>[Calls]<UL><LI><a href="#[e4]">&gt;&gt;</a>&nbsp;&nbsp;&nbsp;TIM_TimeBaseInit
<LI><a href="#[e5]">&gt;&gt;</a>&nbsp;&nbsp;&nbsp;TIM_OC1Init
<LI><a href="#[e6]">&gt;&gt;</a>&nbsp;&nbsp;&nbsp;TIM_CtrlPWMOutputs
<LI><a href="#[e7]">&gt;&gt;</a>&nbsp;&nbsp;&nbsp;TIM_Cmd
<LI><a href="#[e1]">&gt;&gt;</a>&nbsp;&nbsp;&nbsp;RCC_APB2PeriphClockCmd
<LI><a href="#[e0]">&gt;&gt;</a>&nbsp;&nbsp;&nbsp;RCC_APB1PeriphClockCmd
<LI><a href="#[e3]">&gt;&gt;</a>&nbsp;&nbsp;&nbsp;GPIO_ResetBits
<LI><a href="#[e2]">&gt;&gt;</a>&nbsp;&nbsp;&nbsp;GPIO_Init
</UL>
<BR>[Called By]<UL><LI><a href="#[c4]">&gt;&gt;</a>&nbsp;&nbsp;&nbsp;buzzer_init
</UL>

<P><STRONG><a name="[c4]"></a>buzzer_init</STRONG> (Thumb, 8 bytes, Stack size 0 bytes, beep.o(.text))
<BR><BR>[Stack]<UL><LI>Max Depth = 76<LI>Call Chain = buzzer_init &rArr; TIM_PWM_Init_Init &rArr; GPIO_Init
</UL>
<BR>[Calls]<UL><LI><a href="#[df]">&gt;&gt;</a>&nbsp;&nbsp;&nbsp;TIM_PWM_Init_Init
</UL>
<BR>[Called By]<UL><LI><a href="#[b3]">&gt;&gt;</a>&nbsp;&nbsp;&nbsp;c_setup
</UL>

<P><STRONG><a name="[ea]"></a>buzzer_buzz</STRONG> (Thumb, 174 bytes, Stack size 16 bytes, beep.o(.text))
<BR><BR>[Stack]<UL><LI>Max Depth = 24<LI>Call Chain = buzzer_buzz &rArr; stop
</UL>
<BR>[Calls]<UL><LI><a href="#[eb]">&gt;&gt;</a>&nbsp;&nbsp;&nbsp;millis_get
<LI><a href="#[ed]">&gt;&gt;</a>&nbsp;&nbsp;&nbsp;TIM_SetCounter
<LI><a href="#[e9]">&gt;&gt;</a>&nbsp;&nbsp;&nbsp;TIM_SetCompare1
<LI><a href="#[ec]">&gt;&gt;</a>&nbsp;&nbsp;&nbsp;TIM_SetAutoreload
<LI><a href="#[e7]">&gt;&gt;</a>&nbsp;&nbsp;&nbsp;TIM_Cmd
<LI><a href="#[e3]">&gt;&gt;</a>&nbsp;&nbsp;&nbsp;GPIO_ResetBits
<LI><a href="#[e8]">&gt;&gt;</a>&nbsp;&nbsp;&nbsp;stop
</UL>
<BR>[Called By]<UL><LI><a href="#[1e4]">&gt;&gt;</a>&nbsp;&nbsp;&nbsp;tune_stop
<LI><a href="#[9a]">&gt;&gt;</a>&nbsp;&nbsp;&nbsp;next
<LI><a href="#[50]">&gt;&gt;</a>&nbsp;&nbsp;&nbsp;draw
<LI><a href="#[209]">&gt;&gt;</a>&nbsp;&nbsp;&nbsp;game1_draw
</UL>

<P><STRONG><a name="[297]"></a>buzzer_buzzing</STRONG> (Thumb, 12 bytes, Stack size 0 bytes, beep.o(.text), UNUSED)

<P><STRONG><a name="[d1]"></a>buzzer_update</STRONG> (Thumb, 42 bytes, Stack size 8 bytes, beep.o(.text))
<BR><BR>[Stack]<UL><LI>Max Depth = 16<LI>Call Chain = buzzer_update &rArr; stop
</UL>
<BR>[Calls]<UL><LI><a href="#[eb]">&gt;&gt;</a>&nbsp;&nbsp;&nbsp;millis_get
<LI><a href="#[e8]">&gt;&gt;</a>&nbsp;&nbsp;&nbsp;stop
</UL>
<BR>[Called By]<UL><LI><a href="#[cd]">&gt;&gt;</a>&nbsp;&nbsp;&nbsp;c_loop
</UL>

<P><STRONG><a name="[bd]"></a>I2C_GPIO_Config</STRONG> (Thumb, 64 bytes, Stack size 24 bytes, i2c_soft.o(.text))
<BR><BR>[Stack]<UL><LI>Max Depth = 44<LI>Call Chain = I2C_GPIO_Config &rArr; GPIO_Init
</UL>
<BR>[Calls]<UL><LI><a href="#[e1]">&gt;&gt;</a>&nbsp;&nbsp;&nbsp;RCC_APB2PeriphClockCmd
<LI><a href="#[e2]">&gt;&gt;</a>&nbsp;&nbsp;&nbsp;GPIO_Init
</UL>
<BR>[Called By]<UL><LI><a href="#[bf]">&gt;&gt;</a>&nbsp;&nbsp;&nbsp;MPU_Init
<LI><a href="#[c2]">&gt;&gt;</a>&nbsp;&nbsp;&nbsp;DS3231_Init
<LI><a href="#[b3]">&gt;&gt;</a>&nbsp;&nbsp;&nbsp;c_setup
</UL>

<P><STRONG><a name="[ee]"></a>I2C_Start</STRONG> (Thumb, 62 bytes, Stack size 16 bytes, i2c_soft.o(.text))
<BR><BR>[Stack]<UL><LI>Max Depth = 16<LI>Call Chain = I2C_Start
</UL>
<BR>[Calls]<UL><LI><a href="#[ef]">&gt;&gt;</a>&nbsp;&nbsp;&nbsp;delay_us
</UL>
<BR>[Called By]<UL><LI><a href="#[15c]">&gt;&gt;</a>&nbsp;&nbsp;&nbsp;MPU_Write_Len
<LI><a href="#[158]">&gt;&gt;</a>&nbsp;&nbsp;&nbsp;MPU_Read_Len
<LI><a href="#[155]">&gt;&gt;</a>&nbsp;&nbsp;&nbsp;MPU_Read_Byte
<LI><a href="#[152]">&gt;&gt;</a>&nbsp;&nbsp;&nbsp;MPU_Write_Byte
<LI><a href="#[111]">&gt;&gt;</a>&nbsp;&nbsp;&nbsp;Bme280_WriteData
<LI><a href="#[110]">&gt;&gt;</a>&nbsp;&nbsp;&nbsp;Bme280_ReadData
<LI><a href="#[108]">&gt;&gt;</a>&nbsp;&nbsp;&nbsp;DS3231_RD_Byte
<LI><a href="#[107]">&gt;&gt;</a>&nbsp;&nbsp;&nbsp;DS3231_WR_Byte
<LI><a href="#[f8]">&gt;&gt;</a>&nbsp;&nbsp;&nbsp;Single_Read
<LI><a href="#[f7]">&gt;&gt;</a>&nbsp;&nbsp;&nbsp;Single_Write
</UL>

<P><STRONG><a name="[f0]"></a>I2C_Stop</STRONG> (Thumb, 44 bytes, Stack size 16 bytes, i2c_soft.o(.text))
<BR><BR>[Stack]<UL><LI>Max Depth = 16<LI>Call Chain = I2C_Stop
</UL>
<BR>[Calls]<UL><LI><a href="#[ef]">&gt;&gt;</a>&nbsp;&nbsp;&nbsp;delay_us
</UL>
<BR>[Called By]<UL><LI><a href="#[15c]">&gt;&gt;</a>&nbsp;&nbsp;&nbsp;MPU_Write_Len
<LI><a href="#[158]">&gt;&gt;</a>&nbsp;&nbsp;&nbsp;MPU_Read_Len
<LI><a href="#[155]">&gt;&gt;</a>&nbsp;&nbsp;&nbsp;MPU_Read_Byte
<LI><a href="#[152]">&gt;&gt;</a>&nbsp;&nbsp;&nbsp;MPU_Write_Byte
<LI><a href="#[111]">&gt;&gt;</a>&nbsp;&nbsp;&nbsp;Bme280_WriteData
<LI><a href="#[110]">&gt;&gt;</a>&nbsp;&nbsp;&nbsp;Bme280_ReadData
<LI><a href="#[108]">&gt;&gt;</a>&nbsp;&nbsp;&nbsp;DS3231_RD_Byte
<LI><a href="#[107]">&gt;&gt;</a>&nbsp;&nbsp;&nbsp;DS3231_WR_Byte
<LI><a href="#[f8]">&gt;&gt;</a>&nbsp;&nbsp;&nbsp;Single_Read
<LI><a href="#[f7]">&gt;&gt;</a>&nbsp;&nbsp;&nbsp;Single_Write
<LI><a href="#[f4]">&gt;&gt;</a>&nbsp;&nbsp;&nbsp;MPU_I2C_WaitAck
<LI><a href="#[f3]">&gt;&gt;</a>&nbsp;&nbsp;&nbsp;I2C_WaitAck
</UL>

<P><STRONG><a name="[f1]"></a>I2C_Ack</STRONG> (Thumb, 50 bytes, Stack size 16 bytes, i2c_soft.o(.text))
<BR><BR>[Stack]<UL><LI>Max Depth = 16<LI>Call Chain = I2C_Ack
</UL>
<BR>[Calls]<UL><LI><a href="#[ef]">&gt;&gt;</a>&nbsp;&nbsp;&nbsp;delay_us
</UL>
<BR>[Called By]<UL><LI><a href="#[158]">&gt;&gt;</a>&nbsp;&nbsp;&nbsp;MPU_Read_Len
</UL>

<P><STRONG><a name="[f2]"></a>I2C_NoAck</STRONG> (Thumb, 50 bytes, Stack size 16 bytes, i2c_soft.o(.text))
<BR><BR>[Stack]<UL><LI>Max Depth = 16<LI>Call Chain = I2C_NoAck
</UL>
<BR>[Calls]<UL><LI><a href="#[ef]">&gt;&gt;</a>&nbsp;&nbsp;&nbsp;delay_us
</UL>
<BR>[Called By]<UL><LI><a href="#[158]">&gt;&gt;</a>&nbsp;&nbsp;&nbsp;MPU_Read_Len
<LI><a href="#[155]">&gt;&gt;</a>&nbsp;&nbsp;&nbsp;MPU_Read_Byte
<LI><a href="#[f8]">&gt;&gt;</a>&nbsp;&nbsp;&nbsp;Single_Read
</UL>

<P><STRONG><a name="[f3]"></a>I2C_WaitAck</STRONG> (Thumb, 78 bytes, Stack size 24 bytes, i2c_soft.o(.text))
<BR><BR>[Stack]<UL><LI>Max Depth = 40<LI>Call Chain = I2C_WaitAck &rArr; I2C_Stop
</UL>
<BR>[Calls]<UL><LI><a href="#[ef]">&gt;&gt;</a>&nbsp;&nbsp;&nbsp;delay_us
<LI><a href="#[f0]">&gt;&gt;</a>&nbsp;&nbsp;&nbsp;I2C_Stop
</UL>
<BR>[Called By]<UL><LI><a href="#[111]">&gt;&gt;</a>&nbsp;&nbsp;&nbsp;Bme280_WriteData
<LI><a href="#[110]">&gt;&gt;</a>&nbsp;&nbsp;&nbsp;Bme280_ReadData
<LI><a href="#[108]">&gt;&gt;</a>&nbsp;&nbsp;&nbsp;DS3231_RD_Byte
<LI><a href="#[107]">&gt;&gt;</a>&nbsp;&nbsp;&nbsp;DS3231_WR_Byte
<LI><a href="#[f8]">&gt;&gt;</a>&nbsp;&nbsp;&nbsp;Single_Read
<LI><a href="#[f7]">&gt;&gt;</a>&nbsp;&nbsp;&nbsp;Single_Write
</UL>

<P><STRONG><a name="[f4]"></a>MPU_I2C_WaitAck</STRONG> (Thumb, 76 bytes, Stack size 24 bytes, i2c_soft.o(.text))
<BR><BR>[Stack]<UL><LI>Max Depth = 40<LI>Call Chain = MPU_I2C_WaitAck &rArr; I2C_Stop
</UL>
<BR>[Calls]<UL><LI><a href="#[ef]">&gt;&gt;</a>&nbsp;&nbsp;&nbsp;delay_us
<LI><a href="#[f0]">&gt;&gt;</a>&nbsp;&nbsp;&nbsp;I2C_Stop
</UL>
<BR>[Called By]<UL><LI><a href="#[15c]">&gt;&gt;</a>&nbsp;&nbsp;&nbsp;MPU_Write_Len
<LI><a href="#[158]">&gt;&gt;</a>&nbsp;&nbsp;&nbsp;MPU_Read_Len
<LI><a href="#[155]">&gt;&gt;</a>&nbsp;&nbsp;&nbsp;MPU_Read_Byte
<LI><a href="#[152]">&gt;&gt;</a>&nbsp;&nbsp;&nbsp;MPU_Write_Byte
</UL>

<P><STRONG><a name="[f5]"></a>I2C_SendByte</STRONG> (Thumb, 76 bytes, Stack size 32 bytes, i2c_soft.o(.text))
<BR><BR>[Stack]<UL><LI>Max Depth = 32<LI>Call Chain = I2C_SendByte
</UL>
<BR>[Calls]<UL><LI><a href="#[ef]">&gt;&gt;</a>&nbsp;&nbsp;&nbsp;delay_us
</UL>
<BR>[Called By]<UL><LI><a href="#[15c]">&gt;&gt;</a>&nbsp;&nbsp;&nbsp;MPU_Write_Len
<LI><a href="#[158]">&gt;&gt;</a>&nbsp;&nbsp;&nbsp;MPU_Read_Len
<LI><a href="#[155]">&gt;&gt;</a>&nbsp;&nbsp;&nbsp;MPU_Read_Byte
<LI><a href="#[152]">&gt;&gt;</a>&nbsp;&nbsp;&nbsp;MPU_Write_Byte
<LI><a href="#[111]">&gt;&gt;</a>&nbsp;&nbsp;&nbsp;Bme280_WriteData
<LI><a href="#[110]">&gt;&gt;</a>&nbsp;&nbsp;&nbsp;Bme280_ReadData
<LI><a href="#[108]">&gt;&gt;</a>&nbsp;&nbsp;&nbsp;DS3231_RD_Byte
<LI><a href="#[107]">&gt;&gt;</a>&nbsp;&nbsp;&nbsp;DS3231_WR_Byte
<LI><a href="#[f8]">&gt;&gt;</a>&nbsp;&nbsp;&nbsp;Single_Read
<LI><a href="#[f7]">&gt;&gt;</a>&nbsp;&nbsp;&nbsp;Single_Write
</UL>

<P><STRONG><a name="[f6]"></a>I2C_ReceiveByte</STRONG> (Thumb, 78 bytes, Stack size 32 bytes, i2c_soft.o(.text))
<BR><BR>[Stack]<UL><LI>Max Depth = 32<LI>Call Chain = I2C_ReceiveByte
</UL>
<BR>[Calls]<UL><LI><a href="#[ef]">&gt;&gt;</a>&nbsp;&nbsp;&nbsp;delay_us
</UL>
<BR>[Called By]<UL><LI><a href="#[158]">&gt;&gt;</a>&nbsp;&nbsp;&nbsp;MPU_Read_Len
<LI><a href="#[155]">&gt;&gt;</a>&nbsp;&nbsp;&nbsp;MPU_Read_Byte
<LI><a href="#[110]">&gt;&gt;</a>&nbsp;&nbsp;&nbsp;Bme280_ReadData
<LI><a href="#[108]">&gt;&gt;</a>&nbsp;&nbsp;&nbsp;DS3231_RD_Byte
<LI><a href="#[f8]">&gt;&gt;</a>&nbsp;&nbsp;&nbsp;Single_Read
</UL>

<P><STRONG><a name="[f7]"></a>Single_Write</STRONG> (Thumb, 70 bytes, Stack size 16 bytes, i2c_soft.o(.text), UNUSED)
<BR><BR>[Calls]<UL><LI><a href="#[f5]">&gt;&gt;</a>&nbsp;&nbsp;&nbsp;I2C_SendByte
<LI><a href="#[f3]">&gt;&gt;</a>&nbsp;&nbsp;&nbsp;I2C_WaitAck
<LI><a href="#[f0]">&gt;&gt;</a>&nbsp;&nbsp;&nbsp;I2C_Stop
<LI><a href="#[ee]">&gt;&gt;</a>&nbsp;&nbsp;&nbsp;I2C_Start
<LI><a href="#[be]">&gt;&gt;</a>&nbsp;&nbsp;&nbsp;delay_ms
</UL>

<P><STRONG><a name="[f8]"></a>Single_Read</STRONG> (Thumb, 78 bytes, Stack size 16 bytes, i2c_soft.o(.text), UNUSED)
<BR><BR>[Calls]<UL><LI><a href="#[f6]">&gt;&gt;</a>&nbsp;&nbsp;&nbsp;I2C_ReceiveByte
<LI><a href="#[f5]">&gt;&gt;</a>&nbsp;&nbsp;&nbsp;I2C_SendByte
<LI><a href="#[f3]">&gt;&gt;</a>&nbsp;&nbsp;&nbsp;I2C_WaitAck
<LI><a href="#[f2]">&gt;&gt;</a>&nbsp;&nbsp;&nbsp;I2C_NoAck
<LI><a href="#[f0]">&gt;&gt;</a>&nbsp;&nbsp;&nbsp;I2C_Stop
<LI><a href="#[ee]">&gt;&gt;</a>&nbsp;&nbsp;&nbsp;I2C_Start
</UL>

<P><STRONG><a name="[b9]"></a>Adc_Init</STRONG> (Thumb, 134 bytes, Stack size 40 bytes, adc.o(.text))
<BR><BR>[Stack]<UL><LI>Max Depth = 60<LI>Call Chain = Adc_Init &rArr; GPIO_Init
</UL>
<BR>[Calls]<UL><LI><a href="#[f9]">&gt;&gt;</a>&nbsp;&nbsp;&nbsp;RCC_ADCCLKConfig
<LI><a href="#[ff]">&gt;&gt;</a>&nbsp;&nbsp;&nbsp;ADC_StartCalibration
<LI><a href="#[101]">&gt;&gt;</a>&nbsp;&nbsp;&nbsp;ADC_SoftwareStartConvCmd
<LI><a href="#[fd]">&gt;&gt;</a>&nbsp;&nbsp;&nbsp;ADC_ResetCalibration
<LI><a href="#[fb]">&gt;&gt;</a>&nbsp;&nbsp;&nbsp;ADC_Init
<LI><a href="#[fe]">&gt;&gt;</a>&nbsp;&nbsp;&nbsp;ADC_GetResetCalibrationStatus
<LI><a href="#[100]">&gt;&gt;</a>&nbsp;&nbsp;&nbsp;ADC_GetCalibrationStatus
<LI><a href="#[fa]">&gt;&gt;</a>&nbsp;&nbsp;&nbsp;ADC_DeInit
<LI><a href="#[fc]">&gt;&gt;</a>&nbsp;&nbsp;&nbsp;ADC_Cmd
<LI><a href="#[e1]">&gt;&gt;</a>&nbsp;&nbsp;&nbsp;RCC_APB2PeriphClockCmd
<LI><a href="#[e2]">&gt;&gt;</a>&nbsp;&nbsp;&nbsp;GPIO_Init
</UL>
<BR>[Called By]<UL><LI><a href="#[b3]">&gt;&gt;</a>&nbsp;&nbsp;&nbsp;c_setup
</UL>

<P><STRONG><a name="[102]"></a>Get_Adc</STRONG> (Thumb, 46 bytes, Stack size 8 bytes, adc.o(.text))
<BR><BR>[Stack]<UL><LI>Max Depth = 24<LI>Call Chain = Get_Adc &rArr; ADC_RegularChannelConfig
</UL>
<BR>[Calls]<UL><LI><a href="#[101]">&gt;&gt;</a>&nbsp;&nbsp;&nbsp;ADC_SoftwareStartConvCmd
<LI><a href="#[103]">&gt;&gt;</a>&nbsp;&nbsp;&nbsp;ADC_RegularChannelConfig
<LI><a href="#[104]">&gt;&gt;</a>&nbsp;&nbsp;&nbsp;ADC_GetFlagStatus
<LI><a href="#[105]">&gt;&gt;</a>&nbsp;&nbsp;&nbsp;ADC_GetConversionValue
</UL>
<BR>[Called By]<UL><LI><a href="#[106]">&gt;&gt;</a>&nbsp;&nbsp;&nbsp;Get_Adc_Average
</UL>

<P><STRONG><a name="[106]"></a>Get_Adc_Average</STRONG> (Thumb, 46 bytes, Stack size 24 bytes, adc.o(.text))
<BR><BR>[Stack]<UL><LI>Max Depth = 48<LI>Call Chain = Get_Adc_Average &rArr; Get_Adc &rArr; ADC_RegularChannelConfig
</UL>
<BR>[Calls]<UL><LI><a href="#[102]">&gt;&gt;</a>&nbsp;&nbsp;&nbsp;Get_Adc
<LI><a href="#[ef]">&gt;&gt;</a>&nbsp;&nbsp;&nbsp;delay_us
</UL>
<BR>[Called By]<UL><LI><a href="#[27]">&gt;&gt;</a>&nbsp;&nbsp;&nbsp;TIM3_IRQHandler
</UL>

<P><STRONG><a name="[10c]"></a>BCD2HEX</STRONG> (Thumb, 18 bytes, Stack size 0 bytes, ds3231.o(.text))
<BR><BR>[Called By]<UL><LI><a href="#[10b]">&gt;&gt;</a>&nbsp;&nbsp;&nbsp;Get_DS3231_Time
</UL>

<P><STRONG><a name="[10a]"></a>B_BCD</STRONG> (Thumb, 22 bytes, Stack size 0 bytes, ds3231.o(.text))
<BR><BR>[Called By]<UL><LI><a href="#[109]">&gt;&gt;</a>&nbsp;&nbsp;&nbsp;Set_DS3231_Time
<LI><a href="#[c8]">&gt;&gt;</a>&nbsp;&nbsp;&nbsp;Set_DS3231_date
</UL>

<P><STRONG><a name="[107]"></a>DS3231_WR_Byte</STRONG> (Thumb, 48 bytes, Stack size 16 bytes, ds3231.o(.text))
<BR><BR>[Stack]<UL><LI>Max Depth = 56<LI>Call Chain = DS3231_WR_Byte &rArr; I2C_WaitAck &rArr; I2C_Stop
</UL>
<BR>[Calls]<UL><LI><a href="#[f5]">&gt;&gt;</a>&nbsp;&nbsp;&nbsp;I2C_SendByte
<LI><a href="#[f3]">&gt;&gt;</a>&nbsp;&nbsp;&nbsp;I2C_WaitAck
<LI><a href="#[f0]">&gt;&gt;</a>&nbsp;&nbsp;&nbsp;I2C_Stop
<LI><a href="#[ee]">&gt;&gt;</a>&nbsp;&nbsp;&nbsp;I2C_Start
</UL>
<BR>[Called By]<UL><LI><a href="#[109]">&gt;&gt;</a>&nbsp;&nbsp;&nbsp;Set_DS3231_Time
<LI><a href="#[c8]">&gt;&gt;</a>&nbsp;&nbsp;&nbsp;Set_DS3231_date
<LI><a href="#[c2]">&gt;&gt;</a>&nbsp;&nbsp;&nbsp;DS3231_Init
</UL>

<P><STRONG><a name="[108]"></a>DS3231_RD_Byte</STRONG> (Thumb, 56 bytes, Stack size 8 bytes, ds3231.o(.text))
<BR><BR>[Stack]<UL><LI>Max Depth = 48<LI>Call Chain = DS3231_RD_Byte &rArr; I2C_WaitAck &rArr; I2C_Stop
</UL>
<BR>[Calls]<UL><LI><a href="#[f6]">&gt;&gt;</a>&nbsp;&nbsp;&nbsp;I2C_ReceiveByte
<LI><a href="#[f5]">&gt;&gt;</a>&nbsp;&nbsp;&nbsp;I2C_SendByte
<LI><a href="#[f3]">&gt;&gt;</a>&nbsp;&nbsp;&nbsp;I2C_WaitAck
<LI><a href="#[f0]">&gt;&gt;</a>&nbsp;&nbsp;&nbsp;I2C_Stop
<LI><a href="#[ee]">&gt;&gt;</a>&nbsp;&nbsp;&nbsp;I2C_Start
</UL>
<BR>[Called By]<UL><LI><a href="#[10b]">&gt;&gt;</a>&nbsp;&nbsp;&nbsp;Get_DS3231_Time
</UL>

<P><STRONG><a name="[c2]"></a>DS3231_Init</STRONG> (Thumb, 52 bytes, Stack size 8 bytes, ds3231.o(.text))
<BR><BR>[Stack]<UL><LI>Max Depth = 64<LI>Call Chain = DS3231_Init &rArr; DS3231_WR_Byte &rArr; I2C_WaitAck &rArr; I2C_Stop
</UL>
<BR>[Calls]<UL><LI><a href="#[107]">&gt;&gt;</a>&nbsp;&nbsp;&nbsp;DS3231_WR_Byte
<LI><a href="#[be]">&gt;&gt;</a>&nbsp;&nbsp;&nbsp;delay_ms
<LI><a href="#[bd]">&gt;&gt;</a>&nbsp;&nbsp;&nbsp;I2C_GPIO_Config
</UL>
<BR>[Called By]<UL><LI><a href="#[b3]">&gt;&gt;</a>&nbsp;&nbsp;&nbsp;c_setup
</UL>

<P><STRONG><a name="[109]"></a>Set_DS3231_Time</STRONG> (Thumb, 48 bytes, Stack size 8 bytes, ds3231.o(.text))
<BR><BR>[Stack]<UL><LI>Max Depth = 64<LI>Call Chain = Set_DS3231_Time &rArr; DS3231_WR_Byte &rArr; I2C_WaitAck &rArr; I2C_Stop
</UL>
<BR>[Calls]<UL><LI><a href="#[107]">&gt;&gt;</a>&nbsp;&nbsp;&nbsp;DS3231_WR_Byte
<LI><a href="#[10a]">&gt;&gt;</a>&nbsp;&nbsp;&nbsp;B_BCD
</UL>
<BR>[Called By]<UL><LI><a href="#[22e]">&gt;&gt;</a>&nbsp;&nbsp;&nbsp;time_set
</UL>

<P><STRONG><a name="[c8]"></a>Set_DS3231_date</STRONG> (Thumb, 62 bytes, Stack size 8 bytes, ds3231.o(.text))
<BR><BR>[Stack]<UL><LI>Max Depth = 64<LI>Call Chain = Set_DS3231_date &rArr; DS3231_WR_Byte &rArr; I2C_WaitAck &rArr; I2C_Stop
</UL>
<BR>[Calls]<UL><LI><a href="#[107]">&gt;&gt;</a>&nbsp;&nbsp;&nbsp;DS3231_WR_Byte
<LI><a href="#[10a]">&gt;&gt;</a>&nbsp;&nbsp;&nbsp;B_BCD
</UL>
<BR>[Called By]<UL><LI><a href="#[b3]">&gt;&gt;</a>&nbsp;&nbsp;&nbsp;c_setup
<LI><a href="#[22e]">&gt;&gt;</a>&nbsp;&nbsp;&nbsp;time_set
</UL>

<P><STRONG><a name="[298]"></a>Date_init</STRONG> (Thumb, 20 bytes, Stack size 0 bytes, ds3231.o(.text), UNUSED)

<P><STRONG><a name="[10b]"></a>Get_DS3231_Time</STRONG> (Thumb, 160 bytes, Stack size 16 bytes, ds3231.o(.text))
<BR><BR>[Stack]<UL><LI>Max Depth = 64<LI>Call Chain = Get_DS3231_Time &rArr; DS3231_RD_Byte &rArr; I2C_WaitAck &rArr; I2C_Stop
</UL>
<BR>[Calls]<UL><LI><a href="#[10d]">&gt;&gt;</a>&nbsp;&nbsp;&nbsp;__aeabi_ui2f
<LI><a href="#[10e]">&gt;&gt;</a>&nbsp;&nbsp;&nbsp;__aeabi_fdiv
<LI><a href="#[10f]">&gt;&gt;</a>&nbsp;&nbsp;&nbsp;__aeabi_fadd
<LI><a href="#[108]">&gt;&gt;</a>&nbsp;&nbsp;&nbsp;DS3231_RD_Byte
<LI><a href="#[10c]">&gt;&gt;</a>&nbsp;&nbsp;&nbsp;BCD2HEX
</UL>
<BR>[Called By]<UL><LI><a href="#[ce]">&gt;&gt;</a>&nbsp;&nbsp;&nbsp;time_update
</UL>

<P><STRONG><a name="[299]"></a>DS3231Alarm_Config</STRONG> (Thumb, 2 bytes, Stack size 0 bytes, ds3231.o(.text), UNUSED)

<P><STRONG><a name="[110]"></a>Bme280_ReadData</STRONG> (Thumb, 56 bytes, Stack size 8 bytes, bme280.o(.text))
<BR><BR>[Stack]<UL><LI>Max Depth = 48<LI>Call Chain = Bme280_ReadData &rArr; I2C_WaitAck &rArr; I2C_Stop
</UL>
<BR>[Calls]<UL><LI><a href="#[f6]">&gt;&gt;</a>&nbsp;&nbsp;&nbsp;I2C_ReceiveByte
<LI><a href="#[f5]">&gt;&gt;</a>&nbsp;&nbsp;&nbsp;I2C_SendByte
<LI><a href="#[f3]">&gt;&gt;</a>&nbsp;&nbsp;&nbsp;I2C_WaitAck
<LI><a href="#[f0]">&gt;&gt;</a>&nbsp;&nbsp;&nbsp;I2C_Stop
<LI><a href="#[ee]">&gt;&gt;</a>&nbsp;&nbsp;&nbsp;I2C_Start
</UL>
<BR>[Called By]<UL><LI><a href="#[af]">&gt;&gt;</a>&nbsp;&nbsp;&nbsp;readTrim
<LI><a href="#[b2]">&gt;&gt;</a>&nbsp;&nbsp;&nbsp;bme280CompensateT
<LI><a href="#[b1]">&gt;&gt;</a>&nbsp;&nbsp;&nbsp;bme280CompensateP
<LI><a href="#[b0]">&gt;&gt;</a>&nbsp;&nbsp;&nbsp;bme280CompensateH
<LI><a href="#[c6]">&gt;&gt;</a>&nbsp;&nbsp;&nbsp;Bme280_Init
</UL>

<P><STRONG><a name="[af]"></a>readTrim</STRONG> (Thumb, 340 bytes, Stack size 16 bytes, bme280.o(.text))
<BR><BR>[Stack]<UL><LI>Max Depth = 64<LI>Call Chain = readTrim &rArr; Bme280_ReadData &rArr; I2C_WaitAck &rArr; I2C_Stop
</UL>
<BR>[Calls]<UL><LI><a href="#[110]">&gt;&gt;</a>&nbsp;&nbsp;&nbsp;Bme280_ReadData
<LI><a href="#[be]">&gt;&gt;</a>&nbsp;&nbsp;&nbsp;delay_ms
</UL>
<BR>[Called By]<UL><LI><a href="#[c6]">&gt;&gt;</a>&nbsp;&nbsp;&nbsp;Bme280_Init
<LI><a href="#[ae]">&gt;&gt;</a>&nbsp;&nbsp;&nbsp;bme_update
</UL>

<P><STRONG><a name="[111]"></a>Bme280_WriteData</STRONG> (Thumb, 48 bytes, Stack size 16 bytes, bme280.o(.text))
<BR><BR>[Stack]<UL><LI>Max Depth = 56<LI>Call Chain = Bme280_WriteData &rArr; I2C_WaitAck &rArr; I2C_Stop
</UL>
<BR>[Calls]<UL><LI><a href="#[f5]">&gt;&gt;</a>&nbsp;&nbsp;&nbsp;I2C_SendByte
<LI><a href="#[f3]">&gt;&gt;</a>&nbsp;&nbsp;&nbsp;I2C_WaitAck
<LI><a href="#[f0]">&gt;&gt;</a>&nbsp;&nbsp;&nbsp;I2C_Stop
<LI><a href="#[ee]">&gt;&gt;</a>&nbsp;&nbsp;&nbsp;I2C_Start
</UL>
<BR>[Called By]<UL><LI><a href="#[c6]">&gt;&gt;</a>&nbsp;&nbsp;&nbsp;Bme280_Init
</UL>

<P><STRONG><a name="[c6]"></a>Bme280_Init</STRONG> (Thumb, 58 bytes, Stack size 8 bytes, bme280.o(.text))
<BR><BR>[Stack]<UL><LI>Max Depth = 72<LI>Call Chain = Bme280_Init &rArr; readTrim &rArr; Bme280_ReadData &rArr; I2C_WaitAck &rArr; I2C_Stop
</UL>
<BR>[Calls]<UL><LI><a href="#[111]">&gt;&gt;</a>&nbsp;&nbsp;&nbsp;Bme280_WriteData
<LI><a href="#[110]">&gt;&gt;</a>&nbsp;&nbsp;&nbsp;Bme280_ReadData
<LI><a href="#[af]">&gt;&gt;</a>&nbsp;&nbsp;&nbsp;readTrim
<LI><a href="#[be]">&gt;&gt;</a>&nbsp;&nbsp;&nbsp;delay_ms
</UL>
<BR>[Called By]<UL><LI><a href="#[b3]">&gt;&gt;</a>&nbsp;&nbsp;&nbsp;c_setup
</UL>

<P><STRONG><a name="[b2]"></a>bme280CompensateT</STRONG> (Thumb, 100 bytes, Stack size 8 bytes, bme280.o(.text))
<BR><BR>[Stack]<UL><LI>Max Depth = 64<LI>Call Chain = bme280CompensateT &rArr; __aeabi_i2d &rArr; _double_epilogue &rArr; _double_round
</UL>
<BR>[Calls]<UL><LI><a href="#[112]">&gt;&gt;</a>&nbsp;&nbsp;&nbsp;__aeabi_i2d
<LI><a href="#[113]">&gt;&gt;</a>&nbsp;&nbsp;&nbsp;__aeabi_ddiv
<LI><a href="#[114]">&gt;&gt;</a>&nbsp;&nbsp;&nbsp;__aeabi_d2f
<LI><a href="#[110]">&gt;&gt;</a>&nbsp;&nbsp;&nbsp;Bme280_ReadData
</UL>
<BR>[Called By]<UL><LI><a href="#[ae]">&gt;&gt;</a>&nbsp;&nbsp;&nbsp;bme_update
</UL>

<P><STRONG><a name="[115]"></a>presssureFilter</STRONG> (Thumb, 122 bytes, Stack size 112 bytes, bme280.o(.text))
<BR><BR>[Stack]<UL><LI>Max Depth = 200<LI>Call Chain = presssureFilter &rArr; __aeabi_dadd &rArr; _double_epilogue &rArr; _double_round
</UL>
<BR>[Calls]<UL><LI><a href="#[117]">&gt;&gt;</a>&nbsp;&nbsp;&nbsp;__aeabi_fsub
<LI><a href="#[119]">&gt;&gt;</a>&nbsp;&nbsp;&nbsp;__aeabi_f2d
<LI><a href="#[113]">&gt;&gt;</a>&nbsp;&nbsp;&nbsp;__aeabi_ddiv
<LI><a href="#[11a]">&gt;&gt;</a>&nbsp;&nbsp;&nbsp;__aeabi_dadd
<LI><a href="#[114]">&gt;&gt;</a>&nbsp;&nbsp;&nbsp;__aeabi_d2f
<LI><a href="#[118]">&gt;&gt;</a>&nbsp;&nbsp;&nbsp;__aeabi_cfcmple
<LI><a href="#[116]">&gt;&gt;</a>&nbsp;&nbsp;&nbsp;__aeabi_memclr4
</UL>
<BR>[Called By]<UL><LI><a href="#[b1]">&gt;&gt;</a>&nbsp;&nbsp;&nbsp;bme280CompensateP
</UL>

<P><STRONG><a name="[b1]"></a>bme280CompensateP</STRONG> (Thumb, 204 bytes, Stack size 16 bytes, bme280.o(.text))
<BR><BR>[Stack]<UL><LI>Max Depth = 216<LI>Call Chain = bme280CompensateP &rArr; presssureFilter &rArr; __aeabi_dadd &rArr; _double_epilogue &rArr; _double_round
</UL>
<BR>[Calls]<UL><LI><a href="#[11b]">&gt;&gt;</a>&nbsp;&nbsp;&nbsp;__aeabi_ui2d
<LI><a href="#[113]">&gt;&gt;</a>&nbsp;&nbsp;&nbsp;__aeabi_ddiv
<LI><a href="#[114]">&gt;&gt;</a>&nbsp;&nbsp;&nbsp;__aeabi_d2f
<LI><a href="#[115]">&gt;&gt;</a>&nbsp;&nbsp;&nbsp;presssureFilter
<LI><a href="#[110]">&gt;&gt;</a>&nbsp;&nbsp;&nbsp;Bme280_ReadData
</UL>
<BR>[Called By]<UL><LI><a href="#[ae]">&gt;&gt;</a>&nbsp;&nbsp;&nbsp;bme_update
</UL>

<P><STRONG><a name="[b0]"></a>bme280CompensateH</STRONG> (Thumb, 384 bytes, Stack size 40 bytes, bme280.o(.text))
<BR><BR>[Stack]<UL><LI>Max Depth = 128<LI>Call Chain = bme280CompensateH &rArr; __aeabi_dsub &rArr; __aeabi_dadd &rArr; _double_epilogue &rArr; _double_round
</UL>
<BR>[Calls]<UL><LI><a href="#[11b]">&gt;&gt;</a>&nbsp;&nbsp;&nbsp;__aeabi_ui2d
<LI><a href="#[112]">&gt;&gt;</a>&nbsp;&nbsp;&nbsp;__aeabi_i2d
<LI><a href="#[117]">&gt;&gt;</a>&nbsp;&nbsp;&nbsp;__aeabi_fsub
<LI><a href="#[122]">&gt;&gt;</a>&nbsp;&nbsp;&nbsp;__aeabi_fmul
<LI><a href="#[123]">&gt;&gt;</a>&nbsp;&nbsp;&nbsp;__aeabi_f2iz
<LI><a href="#[11c]">&gt;&gt;</a>&nbsp;&nbsp;&nbsp;__aeabi_dsub
<LI><a href="#[11f]">&gt;&gt;</a>&nbsp;&nbsp;&nbsp;__aeabi_drsub
<LI><a href="#[11e]">&gt;&gt;</a>&nbsp;&nbsp;&nbsp;__aeabi_dmul
<LI><a href="#[11a]">&gt;&gt;</a>&nbsp;&nbsp;&nbsp;__aeabi_dadd
<LI><a href="#[114]">&gt;&gt;</a>&nbsp;&nbsp;&nbsp;__aeabi_d2f
<LI><a href="#[120]">&gt;&gt;</a>&nbsp;&nbsp;&nbsp;__aeabi_cdrcmple
<LI><a href="#[121]">&gt;&gt;</a>&nbsp;&nbsp;&nbsp;__aeabi_cdcmple
<LI><a href="#[11d]">&gt;&gt;</a>&nbsp;&nbsp;&nbsp;__ARM_scalbn
<LI><a href="#[110]">&gt;&gt;</a>&nbsp;&nbsp;&nbsp;Bme280_ReadData
<LI><a href="#[10e]">&gt;&gt;</a>&nbsp;&nbsp;&nbsp;__aeabi_fdiv
</UL>
<BR>[Called By]<UL><LI><a href="#[ae]">&gt;&gt;</a>&nbsp;&nbsp;&nbsp;bme_update
</UL>

<P><STRONG><a name="[124]"></a>display_altitude</STRONG> (Thumb, 276 bytes, Stack size 24 bytes, bme280.o(.text))
<BR><BR>[Stack]<UL><LI>Max Depth = 152<LI>Call Chain = display_altitude &rArr; draw_string &rArr; draw_bitmap
</UL>
<BR>[Calls]<UL><LI><a href="#[125]">&gt;&gt;</a>&nbsp;&nbsp;&nbsp;draw_string
<LI><a href="#[117]">&gt;&gt;</a>&nbsp;&nbsp;&nbsp;__aeabi_fsub
<LI><a href="#[122]">&gt;&gt;</a>&nbsp;&nbsp;&nbsp;__aeabi_fmul
<LI><a href="#[127]">&gt;&gt;</a>&nbsp;&nbsp;&nbsp;__aeabi_f2uiz
<LI><a href="#[123]">&gt;&gt;</a>&nbsp;&nbsp;&nbsp;__aeabi_f2iz
<LI><a href="#[119]">&gt;&gt;</a>&nbsp;&nbsp;&nbsp;__aeabi_f2d
<LI><a href="#[10e]">&gt;&gt;</a>&nbsp;&nbsp;&nbsp;__aeabi_fdiv
<LI><a href="#[126]">&gt;&gt;</a>&nbsp;&nbsp;&nbsp;__2sprintf
</UL>
<BR>[Called By]<UL><LI><a href="#[a3]">&gt;&gt;</a>&nbsp;&nbsp;&nbsp;draw
</UL>

<P><STRONG><a name="[128]"></a>Send_Read_commond</STRONG> (Thumb, 44 bytes, Stack size 8 bytes, da17.o(.text))
<BR><BR>[Stack]<UL><LI>Max Depth = 32<LI>Call Chain = Send_Read_commond &rArr; IIC_Wait_Ack &rArr; IIC_Stop
</UL>
<BR>[Calls]<UL><LI><a href="#[12b]">&gt;&gt;</a>&nbsp;&nbsp;&nbsp;IIC_Wait_Ack
<LI><a href="#[12c]">&gt;&gt;</a>&nbsp;&nbsp;&nbsp;IIC_Stop
<LI><a href="#[129]">&gt;&gt;</a>&nbsp;&nbsp;&nbsp;IIC_Start
<LI><a href="#[12a]">&gt;&gt;</a>&nbsp;&nbsp;&nbsp;IIC_Send_Byte
</UL>
<BR>[Called By]<UL><LI><a href="#[140]">&gt;&gt;</a>&nbsp;&nbsp;&nbsp;Pressure_Data
<LI><a href="#[27]">&gt;&gt;</a>&nbsp;&nbsp;&nbsp;TIM3_IRQHandler
</UL>

<P><STRONG><a name="[12d]"></a>Read_Status</STRONG> (Thumb, 56 bytes, Stack size 8 bytes, da17.o(.text), UNUSED)
<BR><BR>[Calls]<UL><LI><a href="#[12b]">&gt;&gt;</a>&nbsp;&nbsp;&nbsp;IIC_Wait_Ack
<LI><a href="#[12c]">&gt;&gt;</a>&nbsp;&nbsp;&nbsp;IIC_Stop
<LI><a href="#[129]">&gt;&gt;</a>&nbsp;&nbsp;&nbsp;IIC_Start
<LI><a href="#[12a]">&gt;&gt;</a>&nbsp;&nbsp;&nbsp;IIC_Send_Byte
<LI><a href="#[12e]">&gt;&gt;</a>&nbsp;&nbsp;&nbsp;IIC_Read_Byte
</UL>

<P><STRONG><a name="[12f]"></a>Read_Pressure_Data</STRONG> (Thumb, 110 bytes, Stack size 8 bytes, da17.o(.text))
<BR><BR>[Stack]<UL><LI>Max Depth = 40<LI>Call Chain = Read_Pressure_Data &rArr; IIC_Read_Byte &rArr; IIC_NAck
</UL>
<BR>[Calls]<UL><LI><a href="#[12b]">&gt;&gt;</a>&nbsp;&nbsp;&nbsp;IIC_Wait_Ack
<LI><a href="#[12c]">&gt;&gt;</a>&nbsp;&nbsp;&nbsp;IIC_Stop
<LI><a href="#[129]">&gt;&gt;</a>&nbsp;&nbsp;&nbsp;IIC_Start
<LI><a href="#[12a]">&gt;&gt;</a>&nbsp;&nbsp;&nbsp;IIC_Send_Byte
<LI><a href="#[12e]">&gt;&gt;</a>&nbsp;&nbsp;&nbsp;IIC_Read_Byte
</UL>
<BR>[Called By]<UL><LI><a href="#[140]">&gt;&gt;</a>&nbsp;&nbsp;&nbsp;Pressure_Data
<LI><a href="#[27]">&gt;&gt;</a>&nbsp;&nbsp;&nbsp;TIM3_IRQHandler
</UL>

<P><STRONG><a name="[130]"></a>Send_Read2_commond</STRONG> (Thumb, 44 bytes, Stack size 8 bytes, da17.o(.text))
<BR><BR>[Stack]<UL><LI>Max Depth = 32<LI>Call Chain = Send_Read2_commond &rArr; IIC2_Wait_Ack &rArr; IIC2_Stop
</UL>
<BR>[Calls]<UL><LI><a href="#[133]">&gt;&gt;</a>&nbsp;&nbsp;&nbsp;IIC2_Wait_Ack
<LI><a href="#[134]">&gt;&gt;</a>&nbsp;&nbsp;&nbsp;IIC2_Stop
<LI><a href="#[131]">&gt;&gt;</a>&nbsp;&nbsp;&nbsp;IIC2_Start
<LI><a href="#[132]">&gt;&gt;</a>&nbsp;&nbsp;&nbsp;IIC2_Send_Byte
</UL>
<BR>[Called By]<UL><LI><a href="#[140]">&gt;&gt;</a>&nbsp;&nbsp;&nbsp;Pressure_Data
<LI><a href="#[27]">&gt;&gt;</a>&nbsp;&nbsp;&nbsp;TIM3_IRQHandler
</UL>

<P><STRONG><a name="[135]"></a>Read2_Status</STRONG> (Thumb, 56 bytes, Stack size 8 bytes, da17.o(.text), UNUSED)
<BR><BR>[Calls]<UL><LI><a href="#[133]">&gt;&gt;</a>&nbsp;&nbsp;&nbsp;IIC2_Wait_Ack
<LI><a href="#[134]">&gt;&gt;</a>&nbsp;&nbsp;&nbsp;IIC2_Stop
<LI><a href="#[131]">&gt;&gt;</a>&nbsp;&nbsp;&nbsp;IIC2_Start
<LI><a href="#[132]">&gt;&gt;</a>&nbsp;&nbsp;&nbsp;IIC2_Send_Byte
<LI><a href="#[136]">&gt;&gt;</a>&nbsp;&nbsp;&nbsp;IIC2_Read_Byte
</UL>

<P><STRONG><a name="[137]"></a>Read2_Pressure_Data</STRONG> (Thumb, 128 bytes, Stack size 16 bytes, da17.o(.text))
<BR><BR>[Stack]<UL><LI>Max Depth = 48<LI>Call Chain = Read2_Pressure_Data &rArr; IIC2_Read_Byte &rArr; IIC2_NAck
</UL>
<BR>[Calls]<UL><LI><a href="#[133]">&gt;&gt;</a>&nbsp;&nbsp;&nbsp;IIC2_Wait_Ack
<LI><a href="#[134]">&gt;&gt;</a>&nbsp;&nbsp;&nbsp;IIC2_Stop
<LI><a href="#[131]">&gt;&gt;</a>&nbsp;&nbsp;&nbsp;IIC2_Start
<LI><a href="#[132]">&gt;&gt;</a>&nbsp;&nbsp;&nbsp;IIC2_Send_Byte
<LI><a href="#[136]">&gt;&gt;</a>&nbsp;&nbsp;&nbsp;IIC2_Read_Byte
</UL>
<BR>[Called By]<UL><LI><a href="#[140]">&gt;&gt;</a>&nbsp;&nbsp;&nbsp;Pressure_Data
<LI><a href="#[27]">&gt;&gt;</a>&nbsp;&nbsp;&nbsp;TIM3_IRQHandler
</UL>

<P><STRONG><a name="[138]"></a>Send_Read3_commond</STRONG> (Thumb, 44 bytes, Stack size 8 bytes, da17.o(.text))
<BR><BR>[Stack]<UL><LI>Max Depth = 48<LI>Call Chain = Send_Read3_commond &rArr; IIC3_Wait_Ack &rArr; IIC3_Stop
</UL>
<BR>[Calls]<UL><LI><a href="#[13b]">&gt;&gt;</a>&nbsp;&nbsp;&nbsp;IIC3_Wait_Ack
<LI><a href="#[13c]">&gt;&gt;</a>&nbsp;&nbsp;&nbsp;IIC3_Stop
<LI><a href="#[139]">&gt;&gt;</a>&nbsp;&nbsp;&nbsp;IIC3_Start
<LI><a href="#[13a]">&gt;&gt;</a>&nbsp;&nbsp;&nbsp;IIC3_Send_Byte
</UL>
<BR>[Called By]<UL><LI><a href="#[140]">&gt;&gt;</a>&nbsp;&nbsp;&nbsp;Pressure_Data
<LI><a href="#[27]">&gt;&gt;</a>&nbsp;&nbsp;&nbsp;TIM3_IRQHandler
</UL>

<P><STRONG><a name="[13d]"></a>Read3_Status</STRONG> (Thumb, 56 bytes, Stack size 8 bytes, da17.o(.text), UNUSED)
<BR><BR>[Calls]<UL><LI><a href="#[13b]">&gt;&gt;</a>&nbsp;&nbsp;&nbsp;IIC3_Wait_Ack
<LI><a href="#[13c]">&gt;&gt;</a>&nbsp;&nbsp;&nbsp;IIC3_Stop
<LI><a href="#[139]">&gt;&gt;</a>&nbsp;&nbsp;&nbsp;IIC3_Start
<LI><a href="#[13a]">&gt;&gt;</a>&nbsp;&nbsp;&nbsp;IIC3_Send_Byte
<LI><a href="#[13e]">&gt;&gt;</a>&nbsp;&nbsp;&nbsp;IIC3_Read_Byte
</UL>

<P><STRONG><a name="[13f]"></a>Read3_Pressure_Data</STRONG> (Thumb, 118 bytes, Stack size 8 bytes, da17.o(.text))
<BR><BR>[Stack]<UL><LI>Max Depth = 56<LI>Call Chain = Read3_Pressure_Data &rArr; IIC3_Read_Byte &rArr; IIC3_NAck
</UL>
<BR>[Calls]<UL><LI><a href="#[13b]">&gt;&gt;</a>&nbsp;&nbsp;&nbsp;IIC3_Wait_Ack
<LI><a href="#[13c]">&gt;&gt;</a>&nbsp;&nbsp;&nbsp;IIC3_Stop
<LI><a href="#[139]">&gt;&gt;</a>&nbsp;&nbsp;&nbsp;IIC3_Start
<LI><a href="#[13a]">&gt;&gt;</a>&nbsp;&nbsp;&nbsp;IIC3_Send_Byte
<LI><a href="#[13e]">&gt;&gt;</a>&nbsp;&nbsp;&nbsp;IIC3_Read_Byte
</UL>
<BR>[Called By]<UL><LI><a href="#[140]">&gt;&gt;</a>&nbsp;&nbsp;&nbsp;Pressure_Data
<LI><a href="#[27]">&gt;&gt;</a>&nbsp;&nbsp;&nbsp;TIM3_IRQHandler
</UL>

<P><STRONG><a name="[140]"></a>Pressure_Data</STRONG> (Thumb, 162 bytes, Stack size 16 bytes, da17.o(.text), UNUSED)
<BR><BR>[Calls]<UL><LI><a href="#[13f]">&gt;&gt;</a>&nbsp;&nbsp;&nbsp;Read3_Pressure_Data
<LI><a href="#[138]">&gt;&gt;</a>&nbsp;&nbsp;&nbsp;Send_Read3_commond
<LI><a href="#[137]">&gt;&gt;</a>&nbsp;&nbsp;&nbsp;Read2_Pressure_Data
<LI><a href="#[130]">&gt;&gt;</a>&nbsp;&nbsp;&nbsp;Send_Read2_commond
<LI><a href="#[12f]">&gt;&gt;</a>&nbsp;&nbsp;&nbsp;Read_Pressure_Data
<LI><a href="#[128]">&gt;&gt;</a>&nbsp;&nbsp;&nbsp;Send_Read_commond
<LI><a href="#[be]">&gt;&gt;</a>&nbsp;&nbsp;&nbsp;delay_ms
</UL>

<P><STRONG><a name="[220]"></a>Pluse_Test</STRONG> (Thumb, 66 bytes, Stack size 20 bytes, da17.o(.text))
<BR><BR>[Stack]<UL><LI>Max Depth = 20<LI>Call Chain = Pluse_Test
</UL>
<BR>[Called By]<UL><LI><a href="#[27]">&gt;&gt;</a>&nbsp;&nbsp;&nbsp;TIM3_IRQHandler
</UL>

<P><STRONG><a name="[ca]"></a>DA17_IIC_Init</STRONG> (Thumb, 90 bytes, Stack size 24 bytes, myiic.o(.text))
<BR><BR>[Stack]<UL><LI>Max Depth = 44<LI>Call Chain = DA17_IIC_Init &rArr; GPIO_Init
</UL>
<BR>[Calls]<UL><LI><a href="#[141]">&gt;&gt;</a>&nbsp;&nbsp;&nbsp;GPIO_SetBits
<LI><a href="#[e1]">&gt;&gt;</a>&nbsp;&nbsp;&nbsp;RCC_APB2PeriphClockCmd
<LI><a href="#[e3]">&gt;&gt;</a>&nbsp;&nbsp;&nbsp;GPIO_ResetBits
<LI><a href="#[e2]">&gt;&gt;</a>&nbsp;&nbsp;&nbsp;GPIO_Init
</UL>
<BR>[Called By]<UL><LI><a href="#[b3]">&gt;&gt;</a>&nbsp;&nbsp;&nbsp;c_setup
</UL>

<P><STRONG><a name="[142]"></a>Delay</STRONG> (Thumb, 12 bytes, Stack size 0 bytes, myiic.o(.text))
<BR><BR>[Called By]<UL><LI><a href="#[149]">&gt;&gt;</a>&nbsp;&nbsp;&nbsp;IIC3_NAck
<LI><a href="#[148]">&gt;&gt;</a>&nbsp;&nbsp;&nbsp;IIC3_Ack
<LI><a href="#[147]">&gt;&gt;</a>&nbsp;&nbsp;&nbsp;IIC2_NAck
<LI><a href="#[146]">&gt;&gt;</a>&nbsp;&nbsp;&nbsp;IIC2_Ack
<LI><a href="#[145]">&gt;&gt;</a>&nbsp;&nbsp;&nbsp;IIC_NAck
<LI><a href="#[144]">&gt;&gt;</a>&nbsp;&nbsp;&nbsp;IIC_Ack
<LI><a href="#[12b]">&gt;&gt;</a>&nbsp;&nbsp;&nbsp;IIC_Wait_Ack
<LI><a href="#[12c]">&gt;&gt;</a>&nbsp;&nbsp;&nbsp;IIC_Stop
<LI><a href="#[129]">&gt;&gt;</a>&nbsp;&nbsp;&nbsp;IIC_Start
<LI><a href="#[12a]">&gt;&gt;</a>&nbsp;&nbsp;&nbsp;IIC_Send_Byte
<LI><a href="#[12e]">&gt;&gt;</a>&nbsp;&nbsp;&nbsp;IIC_Read_Byte
<LI><a href="#[13b]">&gt;&gt;</a>&nbsp;&nbsp;&nbsp;IIC3_Wait_Ack
<LI><a href="#[13c]">&gt;&gt;</a>&nbsp;&nbsp;&nbsp;IIC3_Stop
<LI><a href="#[139]">&gt;&gt;</a>&nbsp;&nbsp;&nbsp;IIC3_Start
<LI><a href="#[13a]">&gt;&gt;</a>&nbsp;&nbsp;&nbsp;IIC3_Send_Byte
<LI><a href="#[13e]">&gt;&gt;</a>&nbsp;&nbsp;&nbsp;IIC3_Read_Byte
<LI><a href="#[133]">&gt;&gt;</a>&nbsp;&nbsp;&nbsp;IIC2_Wait_Ack
<LI><a href="#[134]">&gt;&gt;</a>&nbsp;&nbsp;&nbsp;IIC2_Stop
<LI><a href="#[131]">&gt;&gt;</a>&nbsp;&nbsp;&nbsp;IIC2_Start
<LI><a href="#[132]">&gt;&gt;</a>&nbsp;&nbsp;&nbsp;IIC2_Send_Byte
<LI><a href="#[136]">&gt;&gt;</a>&nbsp;&nbsp;&nbsp;IIC2_Read_Byte
</UL>

<P><STRONG><a name="[129]"></a>IIC_Start</STRONG> (Thumb, 64 bytes, Stack size 8 bytes, myiic.o(.text))
<BR><BR>[Stack]<UL><LI>Max Depth = 8<LI>Call Chain = IIC_Start
</UL>
<BR>[Calls]<UL><LI><a href="#[141]">&gt;&gt;</a>&nbsp;&nbsp;&nbsp;GPIO_SetBits
<LI><a href="#[142]">&gt;&gt;</a>&nbsp;&nbsp;&nbsp;Delay
<LI><a href="#[e3]">&gt;&gt;</a>&nbsp;&nbsp;&nbsp;GPIO_ResetBits
</UL>
<BR>[Called By]<UL><LI><a href="#[12f]">&gt;&gt;</a>&nbsp;&nbsp;&nbsp;Read_Pressure_Data
<LI><a href="#[12d]">&gt;&gt;</a>&nbsp;&nbsp;&nbsp;Read_Status
<LI><a href="#[128]">&gt;&gt;</a>&nbsp;&nbsp;&nbsp;Send_Read_commond
</UL>

<P><STRONG><a name="[12c]"></a>IIC_Stop</STRONG> (Thumb, 62 bytes, Stack size 8 bytes, myiic.o(.text))
<BR><BR>[Stack]<UL><LI>Max Depth = 8<LI>Call Chain = IIC_Stop
</UL>
<BR>[Calls]<UL><LI><a href="#[141]">&gt;&gt;</a>&nbsp;&nbsp;&nbsp;GPIO_SetBits
<LI><a href="#[142]">&gt;&gt;</a>&nbsp;&nbsp;&nbsp;Delay
<LI><a href="#[e3]">&gt;&gt;</a>&nbsp;&nbsp;&nbsp;GPIO_ResetBits
</UL>
<BR>[Called By]<UL><LI><a href="#[12b]">&gt;&gt;</a>&nbsp;&nbsp;&nbsp;IIC_Wait_Ack
<LI><a href="#[12f]">&gt;&gt;</a>&nbsp;&nbsp;&nbsp;Read_Pressure_Data
<LI><a href="#[12d]">&gt;&gt;</a>&nbsp;&nbsp;&nbsp;Read_Status
<LI><a href="#[128]">&gt;&gt;</a>&nbsp;&nbsp;&nbsp;Send_Read_commond
</UL>

<P><STRONG><a name="[12b]"></a>IIC_Wait_Ack</STRONG> (Thumb, 88 bytes, Stack size 16 bytes, myiic.o(.text))
<BR><BR>[Stack]<UL><LI>Max Depth = 24<LI>Call Chain = IIC_Wait_Ack &rArr; IIC_Stop
</UL>
<BR>[Calls]<UL><LI><a href="#[141]">&gt;&gt;</a>&nbsp;&nbsp;&nbsp;GPIO_SetBits
<LI><a href="#[143]">&gt;&gt;</a>&nbsp;&nbsp;&nbsp;GPIO_ReadInputDataBit
<LI><a href="#[142]">&gt;&gt;</a>&nbsp;&nbsp;&nbsp;Delay
<LI><a href="#[12c]">&gt;&gt;</a>&nbsp;&nbsp;&nbsp;IIC_Stop
<LI><a href="#[e3]">&gt;&gt;</a>&nbsp;&nbsp;&nbsp;GPIO_ResetBits
</UL>
<BR>[Called By]<UL><LI><a href="#[12f]">&gt;&gt;</a>&nbsp;&nbsp;&nbsp;Read_Pressure_Data
<LI><a href="#[12d]">&gt;&gt;</a>&nbsp;&nbsp;&nbsp;Read_Status
<LI><a href="#[128]">&gt;&gt;</a>&nbsp;&nbsp;&nbsp;Send_Read_commond
</UL>

<P><STRONG><a name="[144]"></a>IIC_Ack</STRONG> (Thumb, 64 bytes, Stack size 8 bytes, myiic.o(.text))
<BR><BR>[Stack]<UL><LI>Max Depth = 8<LI>Call Chain = IIC_Ack
</UL>
<BR>[Calls]<UL><LI><a href="#[141]">&gt;&gt;</a>&nbsp;&nbsp;&nbsp;GPIO_SetBits
<LI><a href="#[142]">&gt;&gt;</a>&nbsp;&nbsp;&nbsp;Delay
<LI><a href="#[e3]">&gt;&gt;</a>&nbsp;&nbsp;&nbsp;GPIO_ResetBits
</UL>
<BR>[Called By]<UL><LI><a href="#[12e]">&gt;&gt;</a>&nbsp;&nbsp;&nbsp;IIC_Read_Byte
</UL>

<P><STRONG><a name="[145]"></a>IIC_NAck</STRONG> (Thumb, 64 bytes, Stack size 8 bytes, myiic.o(.text))
<BR><BR>[Stack]<UL><LI>Max Depth = 8<LI>Call Chain = IIC_NAck
</UL>
<BR>[Calls]<UL><LI><a href="#[141]">&gt;&gt;</a>&nbsp;&nbsp;&nbsp;GPIO_SetBits
<LI><a href="#[142]">&gt;&gt;</a>&nbsp;&nbsp;&nbsp;Delay
<LI><a href="#[e3]">&gt;&gt;</a>&nbsp;&nbsp;&nbsp;GPIO_ResetBits
</UL>
<BR>[Called By]<UL><LI><a href="#[12e]">&gt;&gt;</a>&nbsp;&nbsp;&nbsp;IIC_Read_Byte
</UL>

<P><STRONG><a name="[12a]"></a>IIC_Send_Byte</STRONG> (Thumb, 94 bytes, Stack size 16 bytes, myiic.o(.text))
<BR><BR>[Stack]<UL><LI>Max Depth = 16<LI>Call Chain = IIC_Send_Byte
</UL>
<BR>[Calls]<UL><LI><a href="#[141]">&gt;&gt;</a>&nbsp;&nbsp;&nbsp;GPIO_SetBits
<LI><a href="#[142]">&gt;&gt;</a>&nbsp;&nbsp;&nbsp;Delay
<LI><a href="#[e3]">&gt;&gt;</a>&nbsp;&nbsp;&nbsp;GPIO_ResetBits
</UL>
<BR>[Called By]<UL><LI><a href="#[12f]">&gt;&gt;</a>&nbsp;&nbsp;&nbsp;Read_Pressure_Data
<LI><a href="#[12d]">&gt;&gt;</a>&nbsp;&nbsp;&nbsp;Read_Status
<LI><a href="#[128]">&gt;&gt;</a>&nbsp;&nbsp;&nbsp;Send_Read_commond
</UL>

<P><STRONG><a name="[12e]"></a>IIC_Read_Byte</STRONG> (Thumb, 98 bytes, Stack size 24 bytes, myiic.o(.text))
<BR><BR>[Stack]<UL><LI>Max Depth = 32<LI>Call Chain = IIC_Read_Byte &rArr; IIC_NAck
</UL>
<BR>[Calls]<UL><LI><a href="#[141]">&gt;&gt;</a>&nbsp;&nbsp;&nbsp;GPIO_SetBits
<LI><a href="#[143]">&gt;&gt;</a>&nbsp;&nbsp;&nbsp;GPIO_ReadInputDataBit
<LI><a href="#[145]">&gt;&gt;</a>&nbsp;&nbsp;&nbsp;IIC_NAck
<LI><a href="#[144]">&gt;&gt;</a>&nbsp;&nbsp;&nbsp;IIC_Ack
<LI><a href="#[142]">&gt;&gt;</a>&nbsp;&nbsp;&nbsp;Delay
<LI><a href="#[e3]">&gt;&gt;</a>&nbsp;&nbsp;&nbsp;GPIO_ResetBits
</UL>
<BR>[Called By]<UL><LI><a href="#[12f]">&gt;&gt;</a>&nbsp;&nbsp;&nbsp;Read_Pressure_Data
<LI><a href="#[12d]">&gt;&gt;</a>&nbsp;&nbsp;&nbsp;Read_Status
</UL>

<P><STRONG><a name="[131]"></a>IIC2_Start</STRONG> (Thumb, 64 bytes, Stack size 8 bytes, myiic.o(.text))
<BR><BR>[Stack]<UL><LI>Max Depth = 8<LI>Call Chain = IIC2_Start
</UL>
<BR>[Calls]<UL><LI><a href="#[141]">&gt;&gt;</a>&nbsp;&nbsp;&nbsp;GPIO_SetBits
<LI><a href="#[142]">&gt;&gt;</a>&nbsp;&nbsp;&nbsp;Delay
<LI><a href="#[e3]">&gt;&gt;</a>&nbsp;&nbsp;&nbsp;GPIO_ResetBits
</UL>
<BR>[Called By]<UL><LI><a href="#[137]">&gt;&gt;</a>&nbsp;&nbsp;&nbsp;Read2_Pressure_Data
<LI><a href="#[135]">&gt;&gt;</a>&nbsp;&nbsp;&nbsp;Read2_Status
<LI><a href="#[130]">&gt;&gt;</a>&nbsp;&nbsp;&nbsp;Send_Read2_commond
</UL>

<P><STRONG><a name="[134]"></a>IIC2_Stop</STRONG> (Thumb, 62 bytes, Stack size 8 bytes, myiic.o(.text))
<BR><BR>[Stack]<UL><LI>Max Depth = 8<LI>Call Chain = IIC2_Stop
</UL>
<BR>[Calls]<UL><LI><a href="#[141]">&gt;&gt;</a>&nbsp;&nbsp;&nbsp;GPIO_SetBits
<LI><a href="#[142]">&gt;&gt;</a>&nbsp;&nbsp;&nbsp;Delay
<LI><a href="#[e3]">&gt;&gt;</a>&nbsp;&nbsp;&nbsp;GPIO_ResetBits
</UL>
<BR>[Called By]<UL><LI><a href="#[133]">&gt;&gt;</a>&nbsp;&nbsp;&nbsp;IIC2_Wait_Ack
<LI><a href="#[137]">&gt;&gt;</a>&nbsp;&nbsp;&nbsp;Read2_Pressure_Data
<LI><a href="#[135]">&gt;&gt;</a>&nbsp;&nbsp;&nbsp;Read2_Status
<LI><a href="#[130]">&gt;&gt;</a>&nbsp;&nbsp;&nbsp;Send_Read2_commond
</UL>

<P><STRONG><a name="[133]"></a>IIC2_Wait_Ack</STRONG> (Thumb, 88 bytes, Stack size 16 bytes, myiic.o(.text))
<BR><BR>[Stack]<UL><LI>Max Depth = 24<LI>Call Chain = IIC2_Wait_Ack &rArr; IIC2_Stop
</UL>
<BR>[Calls]<UL><LI><a href="#[141]">&gt;&gt;</a>&nbsp;&nbsp;&nbsp;GPIO_SetBits
<LI><a href="#[143]">&gt;&gt;</a>&nbsp;&nbsp;&nbsp;GPIO_ReadInputDataBit
<LI><a href="#[142]">&gt;&gt;</a>&nbsp;&nbsp;&nbsp;Delay
<LI><a href="#[134]">&gt;&gt;</a>&nbsp;&nbsp;&nbsp;IIC2_Stop
<LI><a href="#[e3]">&gt;&gt;</a>&nbsp;&nbsp;&nbsp;GPIO_ResetBits
</UL>
<BR>[Called By]<UL><LI><a href="#[137]">&gt;&gt;</a>&nbsp;&nbsp;&nbsp;Read2_Pressure_Data
<LI><a href="#[135]">&gt;&gt;</a>&nbsp;&nbsp;&nbsp;Read2_Status
<LI><a href="#[130]">&gt;&gt;</a>&nbsp;&nbsp;&nbsp;Send_Read2_commond
</UL>

<P><STRONG><a name="[146]"></a>IIC2_Ack</STRONG> (Thumb, 64 bytes, Stack size 8 bytes, myiic.o(.text))
<BR><BR>[Stack]<UL><LI>Max Depth = 8<LI>Call Chain = IIC2_Ack
</UL>
<BR>[Calls]<UL><LI><a href="#[141]">&gt;&gt;</a>&nbsp;&nbsp;&nbsp;GPIO_SetBits
<LI><a href="#[142]">&gt;&gt;</a>&nbsp;&nbsp;&nbsp;Delay
<LI><a href="#[e3]">&gt;&gt;</a>&nbsp;&nbsp;&nbsp;GPIO_ResetBits
</UL>
<BR>[Called By]<UL><LI><a href="#[136]">&gt;&gt;</a>&nbsp;&nbsp;&nbsp;IIC2_Read_Byte
</UL>

<P><STRONG><a name="[147]"></a>IIC2_NAck</STRONG> (Thumb, 64 bytes, Stack size 8 bytes, myiic.o(.text))
<BR><BR>[Stack]<UL><LI>Max Depth = 8<LI>Call Chain = IIC2_NAck
</UL>
<BR>[Calls]<UL><LI><a href="#[141]">&gt;&gt;</a>&nbsp;&nbsp;&nbsp;GPIO_SetBits
<LI><a href="#[142]">&gt;&gt;</a>&nbsp;&nbsp;&nbsp;Delay
<LI><a href="#[e3]">&gt;&gt;</a>&nbsp;&nbsp;&nbsp;GPIO_ResetBits
</UL>
<BR>[Called By]<UL><LI><a href="#[136]">&gt;&gt;</a>&nbsp;&nbsp;&nbsp;IIC2_Read_Byte
</UL>

<P><STRONG><a name="[132]"></a>IIC2_Send_Byte</STRONG> (Thumb, 104 bytes, Stack size 16 bytes, myiic.o(.text))
<BR><BR>[Stack]<UL><LI>Max Depth = 16<LI>Call Chain = IIC2_Send_Byte
</UL>
<BR>[Calls]<UL><LI><a href="#[141]">&gt;&gt;</a>&nbsp;&nbsp;&nbsp;GPIO_SetBits
<LI><a href="#[142]">&gt;&gt;</a>&nbsp;&nbsp;&nbsp;Delay
<LI><a href="#[e3]">&gt;&gt;</a>&nbsp;&nbsp;&nbsp;GPIO_ResetBits
</UL>
<BR>[Called By]<UL><LI><a href="#[137]">&gt;&gt;</a>&nbsp;&nbsp;&nbsp;Read2_Pressure_Data
<LI><a href="#[135]">&gt;&gt;</a>&nbsp;&nbsp;&nbsp;Read2_Status
<LI><a href="#[130]">&gt;&gt;</a>&nbsp;&nbsp;&nbsp;Send_Read2_commond
</UL>

<P><STRONG><a name="[136]"></a>IIC2_Read_Byte</STRONG> (Thumb, 96 bytes, Stack size 24 bytes, myiic.o(.text))
<BR><BR>[Stack]<UL><LI>Max Depth = 32<LI>Call Chain = IIC2_Read_Byte &rArr; IIC2_NAck
</UL>
<BR>[Calls]<UL><LI><a href="#[141]">&gt;&gt;</a>&nbsp;&nbsp;&nbsp;GPIO_SetBits
<LI><a href="#[143]">&gt;&gt;</a>&nbsp;&nbsp;&nbsp;GPIO_ReadInputDataBit
<LI><a href="#[147]">&gt;&gt;</a>&nbsp;&nbsp;&nbsp;IIC2_NAck
<LI><a href="#[146]">&gt;&gt;</a>&nbsp;&nbsp;&nbsp;IIC2_Ack
<LI><a href="#[142]">&gt;&gt;</a>&nbsp;&nbsp;&nbsp;Delay
<LI><a href="#[e3]">&gt;&gt;</a>&nbsp;&nbsp;&nbsp;GPIO_ResetBits
</UL>
<BR>[Called By]<UL><LI><a href="#[137]">&gt;&gt;</a>&nbsp;&nbsp;&nbsp;Read2_Pressure_Data
<LI><a href="#[135]">&gt;&gt;</a>&nbsp;&nbsp;&nbsp;Read2_Status
</UL>

<P><STRONG><a name="[139]"></a>IIC3_Start</STRONG> (Thumb, 72 bytes, Stack size 16 bytes, myiic.o(.text))
<BR><BR>[Stack]<UL><LI>Max Depth = 16<LI>Call Chain = IIC3_Start
</UL>
<BR>[Calls]<UL><LI><a href="#[141]">&gt;&gt;</a>&nbsp;&nbsp;&nbsp;GPIO_SetBits
<LI><a href="#[142]">&gt;&gt;</a>&nbsp;&nbsp;&nbsp;Delay
<LI><a href="#[e3]">&gt;&gt;</a>&nbsp;&nbsp;&nbsp;GPIO_ResetBits
</UL>
<BR>[Called By]<UL><LI><a href="#[13f]">&gt;&gt;</a>&nbsp;&nbsp;&nbsp;Read3_Pressure_Data
<LI><a href="#[13d]">&gt;&gt;</a>&nbsp;&nbsp;&nbsp;Read3_Status
<LI><a href="#[138]">&gt;&gt;</a>&nbsp;&nbsp;&nbsp;Send_Read3_commond
</UL>

<P><STRONG><a name="[13c]"></a>IIC3_Stop</STRONG> (Thumb, 70 bytes, Stack size 16 bytes, myiic.o(.text))
<BR><BR>[Stack]<UL><LI>Max Depth = 16<LI>Call Chain = IIC3_Stop
</UL>
<BR>[Calls]<UL><LI><a href="#[141]">&gt;&gt;</a>&nbsp;&nbsp;&nbsp;GPIO_SetBits
<LI><a href="#[142]">&gt;&gt;</a>&nbsp;&nbsp;&nbsp;Delay
<LI><a href="#[e3]">&gt;&gt;</a>&nbsp;&nbsp;&nbsp;GPIO_ResetBits
</UL>
<BR>[Called By]<UL><LI><a href="#[13b]">&gt;&gt;</a>&nbsp;&nbsp;&nbsp;IIC3_Wait_Ack
<LI><a href="#[13f]">&gt;&gt;</a>&nbsp;&nbsp;&nbsp;Read3_Pressure_Data
<LI><a href="#[13d]">&gt;&gt;</a>&nbsp;&nbsp;&nbsp;Read3_Status
<LI><a href="#[138]">&gt;&gt;</a>&nbsp;&nbsp;&nbsp;Send_Read3_commond
</UL>

<P><STRONG><a name="[13b]"></a>IIC3_Wait_Ack</STRONG> (Thumb, 98 bytes, Stack size 24 bytes, myiic.o(.text))
<BR><BR>[Stack]<UL><LI>Max Depth = 40<LI>Call Chain = IIC3_Wait_Ack &rArr; IIC3_Stop
</UL>
<BR>[Calls]<UL><LI><a href="#[141]">&gt;&gt;</a>&nbsp;&nbsp;&nbsp;GPIO_SetBits
<LI><a href="#[143]">&gt;&gt;</a>&nbsp;&nbsp;&nbsp;GPIO_ReadInputDataBit
<LI><a href="#[142]">&gt;&gt;</a>&nbsp;&nbsp;&nbsp;Delay
<LI><a href="#[13c]">&gt;&gt;</a>&nbsp;&nbsp;&nbsp;IIC3_Stop
<LI><a href="#[e3]">&gt;&gt;</a>&nbsp;&nbsp;&nbsp;GPIO_ResetBits
</UL>
<BR>[Called By]<UL><LI><a href="#[13f]">&gt;&gt;</a>&nbsp;&nbsp;&nbsp;Read3_Pressure_Data
<LI><a href="#[13d]">&gt;&gt;</a>&nbsp;&nbsp;&nbsp;Read3_Status
<LI><a href="#[138]">&gt;&gt;</a>&nbsp;&nbsp;&nbsp;Send_Read3_commond
</UL>

<P><STRONG><a name="[148]"></a>IIC3_Ack</STRONG> (Thumb, 70 bytes, Stack size 16 bytes, myiic.o(.text))
<BR><BR>[Stack]<UL><LI>Max Depth = 16<LI>Call Chain = IIC3_Ack
</UL>
<BR>[Calls]<UL><LI><a href="#[141]">&gt;&gt;</a>&nbsp;&nbsp;&nbsp;GPIO_SetBits
<LI><a href="#[142]">&gt;&gt;</a>&nbsp;&nbsp;&nbsp;Delay
<LI><a href="#[e3]">&gt;&gt;</a>&nbsp;&nbsp;&nbsp;GPIO_ResetBits
</UL>
<BR>[Called By]<UL><LI><a href="#[13e]">&gt;&gt;</a>&nbsp;&nbsp;&nbsp;IIC3_Read_Byte
</UL>

<P><STRONG><a name="[149]"></a>IIC3_NAck</STRONG> (Thumb, 70 bytes, Stack size 16 bytes, myiic.o(.text))
<BR><BR>[Stack]<UL><LI>Max Depth = 16<LI>Call Chain = IIC3_NAck
</UL>
<BR>[Calls]<UL><LI><a href="#[141]">&gt;&gt;</a>&nbsp;&nbsp;&nbsp;GPIO_SetBits
<LI><a href="#[142]">&gt;&gt;</a>&nbsp;&nbsp;&nbsp;Delay
<LI><a href="#[e3]">&gt;&gt;</a>&nbsp;&nbsp;&nbsp;GPIO_ResetBits
</UL>
<BR>[Called By]<UL><LI><a href="#[13e]">&gt;&gt;</a>&nbsp;&nbsp;&nbsp;IIC3_Read_Byte
</UL>

<P><STRONG><a name="[13a]"></a>IIC3_Send_Byte</STRONG> (Thumb, 104 bytes, Stack size 24 bytes, myiic.o(.text))
<BR><BR>[Stack]<UL><LI>Max Depth = 24<LI>Call Chain = IIC3_Send_Byte
</UL>
<BR>[Calls]<UL><LI><a href="#[141]">&gt;&gt;</a>&nbsp;&nbsp;&nbsp;GPIO_SetBits
<LI><a href="#[142]">&gt;&gt;</a>&nbsp;&nbsp;&nbsp;Delay
<LI><a href="#[e3]">&gt;&gt;</a>&nbsp;&nbsp;&nbsp;GPIO_ResetBits
</UL>
<BR>[Called By]<UL><LI><a href="#[13f]">&gt;&gt;</a>&nbsp;&nbsp;&nbsp;Read3_Pressure_Data
<LI><a href="#[13d]">&gt;&gt;</a>&nbsp;&nbsp;&nbsp;Read3_Status
<LI><a href="#[138]">&gt;&gt;</a>&nbsp;&nbsp;&nbsp;Send_Read3_commond
</UL>

<P><STRONG><a name="[13e]"></a>IIC3_Read_Byte</STRONG> (Thumb, 112 bytes, Stack size 32 bytes, myiic.o(.text))
<BR><BR>[Stack]<UL><LI>Max Depth = 48<LI>Call Chain = IIC3_Read_Byte &rArr; IIC3_NAck
</UL>
<BR>[Calls]<UL><LI><a href="#[141]">&gt;&gt;</a>&nbsp;&nbsp;&nbsp;GPIO_SetBits
<LI><a href="#[143]">&gt;&gt;</a>&nbsp;&nbsp;&nbsp;GPIO_ReadInputDataBit
<LI><a href="#[149]">&gt;&gt;</a>&nbsp;&nbsp;&nbsp;IIC3_NAck
<LI><a href="#[148]">&gt;&gt;</a>&nbsp;&nbsp;&nbsp;IIC3_Ack
<LI><a href="#[142]">&gt;&gt;</a>&nbsp;&nbsp;&nbsp;Delay
<LI><a href="#[e3]">&gt;&gt;</a>&nbsp;&nbsp;&nbsp;GPIO_ResetBits
</UL>
<BR>[Called By]<UL><LI><a href="#[13f]">&gt;&gt;</a>&nbsp;&nbsp;&nbsp;Read3_Pressure_Data
<LI><a href="#[13d]">&gt;&gt;</a>&nbsp;&nbsp;&nbsp;Read3_Status
</UL>

<P><STRONG><a name="[14b]"></a>draw_point</STRONG> (Thumb, 40 bytes, Stack size 12 bytes, mpu_task.o(.text))
<BR><BR>[Stack]<UL><LI>Max Depth = 12<LI>Call Chain = draw_point
</UL>
<BR>[Called By]<UL><LI><a href="#[14a]">&gt;&gt;</a>&nbsp;&nbsp;&nbsp;myOLED_DrawLine
<LI><a href="#[14e]">&gt;&gt;</a>&nbsp;&nbsp;&nbsp;dso
</UL>

<P><STRONG><a name="[14a]"></a>myOLED_DrawLine</STRONG> (Thumb, 162 bytes, Stack size 36 bytes, mpu_task.o(.text))
<BR><BR>[Stack]<UL><LI>Max Depth = 48<LI>Call Chain = myOLED_DrawLine &rArr; draw_point
</UL>
<BR>[Calls]<UL><LI><a href="#[14b]">&gt;&gt;</a>&nbsp;&nbsp;&nbsp;draw_point
</UL>
<BR>[Called By]<UL><LI><a href="#[14e]">&gt;&gt;</a>&nbsp;&nbsp;&nbsp;dso
</UL>

<P><STRONG><a name="[14c]"></a>mpu_updata</STRONG> (Thumb, 20 bytes, Stack size 8 bytes, mpu_task.o(.text), UNUSED)
<BR><BR>[Calls]<UL><LI><a href="#[eb]">&gt;&gt;</a>&nbsp;&nbsp;&nbsp;millis_get
</UL>

<P><STRONG><a name="[9f]"></a>mpu_open</STRONG> (Thumb, 36 bytes, Stack size 8 bytes, mpu_task.o(.text))
<BR><BR>[Stack]<UL><LI>Max Depth = 8<LI>Call Chain = mpu_open
</UL>
<BR>[Calls]<UL><LI><a href="#[14f]">&gt;&gt;</a>&nbsp;&nbsp;&nbsp;display_setDrawFunc
<LI><a href="#[150]">&gt;&gt;</a>&nbsp;&nbsp;&nbsp;buttons_setFuncs
<LI><a href="#[151]">&gt;&gt;</a>&nbsp;&nbsp;&nbsp;beginAnimation2
</UL>
<BR>[Address Reference Count : 1]<UL><LI> my_menu.o(.text)
</UL>
<P><STRONG><a name="[a0]"></a>Pulse_send</STRONG> (Thumb, 36 bytes, Stack size 8 bytes, mpu_task.o(.text))
<BR><BR>[Stack]<UL><LI>Max Depth = 8<LI>Call Chain = Pulse_send
</UL>
<BR>[Calls]<UL><LI><a href="#[14f]">&gt;&gt;</a>&nbsp;&nbsp;&nbsp;display_setDrawFunc
<LI><a href="#[150]">&gt;&gt;</a>&nbsp;&nbsp;&nbsp;buttons_setFuncs
<LI><a href="#[151]">&gt;&gt;</a>&nbsp;&nbsp;&nbsp;beginAnimation2
</UL>
<BR>[Address Reference Count : 1]<UL><LI> my_menu.o(.text)
</UL>
<P><STRONG><a name="[152]"></a>MPU_Write_Byte</STRONG> (Thumb, 60 bytes, Stack size 16 bytes, mpu6050.o(.text))
<BR><BR>[Stack]<UL><LI>Max Depth = 56<LI>Call Chain = MPU_Write_Byte &rArr; MPU_I2C_WaitAck &rArr; I2C_Stop
</UL>
<BR>[Calls]<UL><LI><a href="#[f5]">&gt;&gt;</a>&nbsp;&nbsp;&nbsp;I2C_SendByte
<LI><a href="#[f4]">&gt;&gt;</a>&nbsp;&nbsp;&nbsp;MPU_I2C_WaitAck
<LI><a href="#[f0]">&gt;&gt;</a>&nbsp;&nbsp;&nbsp;I2C_Stop
<LI><a href="#[ee]">&gt;&gt;</a>&nbsp;&nbsp;&nbsp;I2C_Start
</UL>
<BR>[Called By]<UL><LI><a href="#[157]">&gt;&gt;</a>&nbsp;&nbsp;&nbsp;MPU_Set_Gyro_Fsr
<LI><a href="#[156]">&gt;&gt;</a>&nbsp;&nbsp;&nbsp;MPU_Set_Accel_Fsr
<LI><a href="#[154]">&gt;&gt;</a>&nbsp;&nbsp;&nbsp;MPU_Set_Rate
<LI><a href="#[153]">&gt;&gt;</a>&nbsp;&nbsp;&nbsp;MPU_Set_LPF
<LI><a href="#[bf]">&gt;&gt;</a>&nbsp;&nbsp;&nbsp;MPU_Init
</UL>

<P><STRONG><a name="[153]"></a>MPU_Set_LPF</STRONG> (Thumb, 46 bytes, Stack size 0 bytes, mpu6050.o(.text))
<BR><BR>[Stack]<UL><LI>Max Depth = 56<LI>Call Chain = MPU_Set_LPF &rArr; MPU_Write_Byte &rArr; MPU_I2C_WaitAck &rArr; I2C_Stop
</UL>
<BR>[Calls]<UL><LI><a href="#[152]">&gt;&gt;</a>&nbsp;&nbsp;&nbsp;MPU_Write_Byte
</UL>
<BR>[Called By]<UL><LI><a href="#[154]">&gt;&gt;</a>&nbsp;&nbsp;&nbsp;MPU_Set_Rate
</UL>

<P><STRONG><a name="[154]"></a>MPU_Set_Rate</STRONG> (Thumb, 44 bytes, Stack size 8 bytes, mpu6050.o(.text))
<BR><BR>[Stack]<UL><LI>Max Depth = 64<LI>Call Chain = MPU_Set_Rate &rArr; MPU_Set_LPF &rArr; MPU_Write_Byte &rArr; MPU_I2C_WaitAck &rArr; I2C_Stop
</UL>
<BR>[Calls]<UL><LI><a href="#[153]">&gt;&gt;</a>&nbsp;&nbsp;&nbsp;MPU_Set_LPF
<LI><a href="#[152]">&gt;&gt;</a>&nbsp;&nbsp;&nbsp;MPU_Write_Byte
</UL>
<BR>[Called By]<UL><LI><a href="#[bf]">&gt;&gt;</a>&nbsp;&nbsp;&nbsp;MPU_Init
</UL>

<P><STRONG><a name="[155]"></a>MPU_Read_Byte</STRONG> (Thumb, 60 bytes, Stack size 8 bytes, mpu6050.o(.text))
<BR><BR>[Stack]<UL><LI>Max Depth = 48<LI>Call Chain = MPU_Read_Byte &rArr; MPU_I2C_WaitAck &rArr; I2C_Stop
</UL>
<BR>[Calls]<UL><LI><a href="#[f6]">&gt;&gt;</a>&nbsp;&nbsp;&nbsp;I2C_ReceiveByte
<LI><a href="#[f5]">&gt;&gt;</a>&nbsp;&nbsp;&nbsp;I2C_SendByte
<LI><a href="#[f4]">&gt;&gt;</a>&nbsp;&nbsp;&nbsp;MPU_I2C_WaitAck
<LI><a href="#[f2]">&gt;&gt;</a>&nbsp;&nbsp;&nbsp;I2C_NoAck
<LI><a href="#[f0]">&gt;&gt;</a>&nbsp;&nbsp;&nbsp;I2C_Stop
<LI><a href="#[ee]">&gt;&gt;</a>&nbsp;&nbsp;&nbsp;I2C_Start
</UL>
<BR>[Called By]<UL><LI><a href="#[bf]">&gt;&gt;</a>&nbsp;&nbsp;&nbsp;MPU_Init
</UL>

<P><STRONG><a name="[156]"></a>MPU_Set_Accel_Fsr</STRONG> (Thumb, 8 bytes, Stack size 0 bytes, mpu6050.o(.text))
<BR><BR>[Stack]<UL><LI>Max Depth = 56<LI>Call Chain = MPU_Set_Accel_Fsr &rArr; MPU_Write_Byte &rArr; MPU_I2C_WaitAck &rArr; I2C_Stop
</UL>
<BR>[Calls]<UL><LI><a href="#[152]">&gt;&gt;</a>&nbsp;&nbsp;&nbsp;MPU_Write_Byte
</UL>
<BR>[Called By]<UL><LI><a href="#[bf]">&gt;&gt;</a>&nbsp;&nbsp;&nbsp;MPU_Init
</UL>

<P><STRONG><a name="[157]"></a>MPU_Set_Gyro_Fsr</STRONG> (Thumb, 8 bytes, Stack size 0 bytes, mpu6050.o(.text))
<BR><BR>[Stack]<UL><LI>Max Depth = 56<LI>Call Chain = MPU_Set_Gyro_Fsr &rArr; MPU_Write_Byte &rArr; MPU_I2C_WaitAck &rArr; I2C_Stop
</UL>
<BR>[Calls]<UL><LI><a href="#[152]">&gt;&gt;</a>&nbsp;&nbsp;&nbsp;MPU_Write_Byte
</UL>
<BR>[Called By]<UL><LI><a href="#[bf]">&gt;&gt;</a>&nbsp;&nbsp;&nbsp;MPU_Init
</UL>

<P><STRONG><a name="[bf]"></a>MPU_Init</STRONG> (Thumb, 118 bytes, Stack size 8 bytes, mpu6050.o(.text))
<BR><BR>[Stack]<UL><LI>Max Depth = 72<LI>Call Chain = MPU_Init &rArr; MPU_Set_Rate &rArr; MPU_Set_LPF &rArr; MPU_Write_Byte &rArr; MPU_I2C_WaitAck &rArr; I2C_Stop
</UL>
<BR>[Calls]<UL><LI><a href="#[157]">&gt;&gt;</a>&nbsp;&nbsp;&nbsp;MPU_Set_Gyro_Fsr
<LI><a href="#[156]">&gt;&gt;</a>&nbsp;&nbsp;&nbsp;MPU_Set_Accel_Fsr
<LI><a href="#[155]">&gt;&gt;</a>&nbsp;&nbsp;&nbsp;MPU_Read_Byte
<LI><a href="#[154]">&gt;&gt;</a>&nbsp;&nbsp;&nbsp;MPU_Set_Rate
<LI><a href="#[152]">&gt;&gt;</a>&nbsp;&nbsp;&nbsp;MPU_Write_Byte
<LI><a href="#[be]">&gt;&gt;</a>&nbsp;&nbsp;&nbsp;delay_ms
<LI><a href="#[bd]">&gt;&gt;</a>&nbsp;&nbsp;&nbsp;I2C_GPIO_Config
</UL>
<BR>[Called By]<UL><LI><a href="#[b3]">&gt;&gt;</a>&nbsp;&nbsp;&nbsp;c_setup
</UL>

<P><STRONG><a name="[158]"></a>MPU_Read_Len</STRONG> (Thumb, 116 bytes, Stack size 24 bytes, mpu6050.o(.text))
<BR><BR>[Stack]<UL><LI>Max Depth = 64<LI>Call Chain = MPU_Read_Len &rArr; MPU_I2C_WaitAck &rArr; I2C_Stop
</UL>
<BR>[Calls]<UL><LI><a href="#[f6]">&gt;&gt;</a>&nbsp;&nbsp;&nbsp;I2C_ReceiveByte
<LI><a href="#[f5]">&gt;&gt;</a>&nbsp;&nbsp;&nbsp;I2C_SendByte
<LI><a href="#[f4]">&gt;&gt;</a>&nbsp;&nbsp;&nbsp;MPU_I2C_WaitAck
<LI><a href="#[f2]">&gt;&gt;</a>&nbsp;&nbsp;&nbsp;I2C_NoAck
<LI><a href="#[f1]">&gt;&gt;</a>&nbsp;&nbsp;&nbsp;I2C_Ack
<LI><a href="#[f0]">&gt;&gt;</a>&nbsp;&nbsp;&nbsp;I2C_Stop
<LI><a href="#[ee]">&gt;&gt;</a>&nbsp;&nbsp;&nbsp;I2C_Start
</UL>
<BR>[Called By]<UL><LI><a href="#[184]">&gt;&gt;</a>&nbsp;&nbsp;&nbsp;mpu_read_mem
<LI><a href="#[178]">&gt;&gt;</a>&nbsp;&nbsp;&nbsp;mpu_read_fifo_stream
<LI><a href="#[177]">&gt;&gt;</a>&nbsp;&nbsp;&nbsp;mpu_read_fifo
<LI><a href="#[176]">&gt;&gt;</a>&nbsp;&nbsp;&nbsp;mpu_get_int_status
<LI><a href="#[175]">&gt;&gt;</a>&nbsp;&nbsp;&nbsp;mpu_set_accel_bias
<LI><a href="#[172]">&gt;&gt;</a>&nbsp;&nbsp;&nbsp;mpu_get_temperature
<LI><a href="#[171]">&gt;&gt;</a>&nbsp;&nbsp;&nbsp;mpu_get_accel_reg
<LI><a href="#[170]">&gt;&gt;</a>&nbsp;&nbsp;&nbsp;mpu_get_gyro_reg
<LI><a href="#[16f]">&gt;&gt;</a>&nbsp;&nbsp;&nbsp;mpu_init
<LI><a href="#[167]">&gt;&gt;</a>&nbsp;&nbsp;&nbsp;mpu_set_bypass
<LI><a href="#[164]">&gt;&gt;</a>&nbsp;&nbsp;&nbsp;mpu_read_reg
<LI><a href="#[162]">&gt;&gt;</a>&nbsp;&nbsp;&nbsp;mpu_reg_dump
<LI><a href="#[196]">&gt;&gt;</a>&nbsp;&nbsp;&nbsp;get_accel_prod_shift
<LI><a href="#[182]">&gt;&gt;</a>&nbsp;&nbsp;&nbsp;gyro_self_test
<LI><a href="#[179]">&gt;&gt;</a>&nbsp;&nbsp;&nbsp;get_st_biases
<LI><a href="#[15b]">&gt;&gt;</a>&nbsp;&nbsp;&nbsp;MPU_Get_Accelerometer
<LI><a href="#[15a]">&gt;&gt;</a>&nbsp;&nbsp;&nbsp;MPU_Get_Gyroscope
<LI><a href="#[159]">&gt;&gt;</a>&nbsp;&nbsp;&nbsp;MPU_Get_Temperature
</UL>

<P><STRONG><a name="[159]"></a>MPU_Get_Temperature</STRONG> (Thumb, 60 bytes, Stack size 8 bytes, mpu6050.o(.text), UNUSED)
<BR><BR>[Calls]<UL><LI><a href="#[158]">&gt;&gt;</a>&nbsp;&nbsp;&nbsp;MPU_Read_Len
<LI><a href="#[112]">&gt;&gt;</a>&nbsp;&nbsp;&nbsp;__aeabi_i2d
<LI><a href="#[122]">&gt;&gt;</a>&nbsp;&nbsp;&nbsp;__aeabi_fmul
[...]
<LI><a href="#[1ee]">&gt;&gt;</a>&nbsp;&nbsp;&nbsp;doAction
</UL>
<BR>[Address Reference Count : 1]<UL><LI> sleep.o(.text)
</UL>
<P><STRONG><a name="[84]"></a>thisdraw</STRONG> (Thumb, 54 bytes, Stack size 8 bytes, sound.o(.text))
<BR><BR>[Stack]<UL><LI>Max Depth = 136<LI>Call Chain = thisdraw &rArr; draw_string &rArr; draw_bitmap
</UL>
<BR>[Calls]<UL><LI><a href="#[125]">&gt;&gt;</a>&nbsp;&nbsp;&nbsp;draw_string
<LI><a href="#[126]">&gt;&gt;</a>&nbsp;&nbsp;&nbsp;__2sprintf
</UL>
<BR>[Address Reference Count : 1]<UL><LI> sound.o(.text)
</UL>
<P><STRONG><a name="[87]"></a>setVolumeHour</STRONG> (Thumb, 14 bytes, Stack size 8 bytes, sound.o(.text))
<BR><BR>[Stack]<UL><LI>Max Depth = 8<LI>Call Chain = setVolumeHour
</UL>
<BR>[Calls]<UL><LI><a href="#[22a]">&gt;&gt;</a>&nbsp;&nbsp;&nbsp;setVolume
</UL>
<BR>[Address Reference Count : 1]<UL><LI> sound.o(.text)
</UL>
<P><STRONG><a name="[86]"></a>setVolumeAlarm</STRONG> (Thumb, 14 bytes, Stack size 8 bytes, sound.o(.text))
<BR><BR>[Stack]<UL><LI>Max Depth = 8<LI>Call Chain = setVolumeAlarm
</UL>
<BR>[Calls]<UL><LI><a href="#[22a]">&gt;&gt;</a>&nbsp;&nbsp;&nbsp;setVolume
</UL>
<BR>[Address Reference Count : 1]<UL><LI> sound.o(.text)
</UL>
<P><STRONG><a name="[85]"></a>setVolumeUI</STRONG> (Thumb, 14 bytes, Stack size 8 bytes, sound.o(.text))
<BR><BR>[Stack]<UL><LI>Max Depth = 8<LI>Call Chain = setVolumeUI
</UL>
<BR>[Calls]<UL><LI><a href="#[22a]">&gt;&gt;</a>&nbsp;&nbsp;&nbsp;setVolume
</UL>
<BR>[Address Reference Count : 1]<UL><LI> sound.o(.text)
</UL>
<P><STRONG><a name="[82]"></a>itemLoader</STRONG> (Thumb, 14 bytes, Stack size 8 bytes, sound.o(.text))
<BR><BR>[Stack]<UL><LI>Max Depth = 344<LI>Call Chain = itemLoader &rArr; setMenuOptions &rArr; setMenuOption_P &rArr; setMenuOption &rArr; sin &rArr; __ieee754_rem_pio2 &rArr; __aeabi_dsub &rArr; __aeabi_dadd &rArr; _double_epilogue &rArr; _double_round
</UL>
<BR>[Calls]<UL><LI><a href="#[1f4]">&gt;&gt;</a>&nbsp;&nbsp;&nbsp;addBackOption
<LI><a href="#[22b]">&gt;&gt;</a>&nbsp;&nbsp;&nbsp;setMenuOptions
</UL>
<BR>[Address Reference Count : 1]<UL><LI> sound.o(.text)
</UL>
<P><STRONG><a name="[83]"></a>mSelect</STRONG> (Thumb, 30 bytes, Stack size 8 bytes, sound.o(.text))
<BR><BR>[Stack]<UL><LI>Max Depth = 12<LI>Call Chain = mSelect &rArr; setPrevMenuExit
</UL>
<BR>[Calls]<UL><LI><a href="#[1fe]">&gt;&gt;</a>&nbsp;&nbsp;&nbsp;appconfig_save
<LI><a href="#[1ec]">&gt;&gt;</a>&nbsp;&nbsp;&nbsp;setPrevMenuExit
<LI><a href="#[1ed]">&gt;&gt;</a>&nbsp;&nbsp;&nbsp;exitSelected
<LI><a href="#[1ee]">&gt;&gt;</a>&nbsp;&nbsp;&nbsp;doAction
</UL>
<BR>[Address Reference Count : 1]<UL><LI> sound.o(.text)
</UL>
<P><STRONG><a name="[22a]"></a>setVolume</STRONG> (Thumb, 12 bytes, Stack size 0 bytes, sound.o(.text))
<BR><BR>[Called By]<UL><LI><a href="#[85]">&gt;&gt;</a>&nbsp;&nbsp;&nbsp;setVolumeUI
<LI><a href="#[86]">&gt;&gt;</a>&nbsp;&nbsp;&nbsp;setVolumeAlarm
<LI><a href="#[87]">&gt;&gt;</a>&nbsp;&nbsp;&nbsp;setVolumeHour
</UL>

<P><STRONG><a name="[22b]"></a>setMenuOptions</STRONG> (Thumb, 58 bytes, Stack size 16 bytes, sound.o(.text))
<BR><BR>[Stack]<UL><LI>Max Depth = 336<LI>Call Chain = setMenuOptions &rArr; setMenuOption_P &rArr; setMenuOption &rArr; sin &rArr; __ieee754_rem_pio2 &rArr; __aeabi_dsub &rArr; __aeabi_dadd &rArr; _double_epilogue &rArr; _double_round
</UL>
<BR>[Calls]<UL><LI><a href="#[1fd]">&gt;&gt;</a>&nbsp;&nbsp;&nbsp;setMenuOption_P
</UL>
<BR>[Called By]<UL><LI><a href="#[82]">&gt;&gt;</a>&nbsp;&nbsp;&nbsp;itemLoader
</UL>

<P><STRONG><a name="[8a]"></a>btnExit</STRONG> (Thumb, 14 bytes, Stack size 8 bytes, stopwatch.o(.text))
<BR><BR>[Stack]<UL><LI>Max Depth = 8<LI>Call Chain = btnExit
</UL>
<BR>[Calls]<UL><LI><a href="#[14d]">&gt;&gt;</a>&nbsp;&nbsp;&nbsp;animation_start
</UL>
<BR>[Address Reference Count : 1]<UL><LI> stopwatch.o(.text)
</UL>
<P><STRONG><a name="[8b]"></a>btnStartStop</STRONG> (Thumb, 32 bytes, Stack size 8 bytes, stopwatch.o(.text))
<BR><BR>[Stack]<UL><LI>Max Depth = 8<LI>Call Chain = btnStartStop
</UL>
<BR>[Calls]<UL><LI><a href="#[eb]">&gt;&gt;</a>&nbsp;&nbsp;&nbsp;millis_get
</UL>
<BR>[Address Reference Count : 1]<UL><LI> stopwatch.o(.text)
</UL>
<P><STRONG><a name="[8c]"></a>btnReset</STRONG> (Thumb, 18 bytes, Stack size 8 bytes, stopwatch.o(.text))
<BR><BR>[Stack]<UL><LI>Max Depth = 8<LI>Call Chain = btnReset
</UL>
<BR>[Calls]<UL><LI><a href="#[eb]">&gt;&gt;</a>&nbsp;&nbsp;&nbsp;millis_get
</UL>
<BR>[Address Reference Count : 1]<UL><LI> stopwatch.o(.text)
</UL>
<P><STRONG><a name="[89]"></a>draw</STRONG> (Thumb, 340 bytes, Stack size 40 bytes, stopwatch.o(.text))
<BR><BR>[Stack]<UL><LI>Max Depth = 168<LI>Call Chain = draw &rArr; draw_string &rArr; draw_bitmap
</UL>
<BR>[Calls]<UL><LI><a href="#[1e6]">&gt;&gt;</a>&nbsp;&nbsp;&nbsp;time_timeStr
<LI><a href="#[1e5]">&gt;&gt;</a>&nbsp;&nbsp;&nbsp;draw_bitmap
<LI><a href="#[125]">&gt;&gt;</a>&nbsp;&nbsp;&nbsp;draw_string
<LI><a href="#[225]">&gt;&gt;</a>&nbsp;&nbsp;&nbsp;mod10
<LI><a href="#[224]">&gt;&gt;</a>&nbsp;&nbsp;&nbsp;div10
</UL>
<BR>[Address Reference Count : 1]<UL><LI> stopwatch.o(.text)
</UL>
<P><STRONG><a name="[8f]"></a>saveTimeDate</STRONG> (Thumb, 38 bytes, Stack size 8 bytes, timedate.o(.text))
<BR><BR>[Stack]<UL><LI>Max Depth = 80<LI>Call Chain = saveTimeDate &rArr; time_set &rArr; Set_DS3231_Time &rArr; DS3231_WR_Byte &rArr; I2C_WaitAck &rArr; I2C_Stop
</UL>
<BR>[Calls]<UL><LI><a href="#[1fe]">&gt;&gt;</a>&nbsp;&nbsp;&nbsp;appconfig_save
<LI><a href="#[22e]">&gt;&gt;</a>&nbsp;&nbsp;&nbsp;time_set
</UL>
<BR>[Address Reference Count : 1]<UL><LI> timedate.o(.text)
</UL>
<P><STRONG><a name="[91]"></a>mUp</STRONG> (Thumb, 30 bytes, Stack size 8 bytes, timedate.o(.text))
<BR><BR>[Stack]<UL><LI>Max Depth = 8<LI>Call Chain = mUp
</UL>
<BR>[Calls]<UL><LI><a href="#[46]">&gt;&gt;</a>&nbsp;&nbsp;&nbsp;prevOption
</UL>
<BR>[Address Reference Count : 1]<UL><LI> timedate.o(.text)
</UL>
<P><STRONG><a name="[92]"></a>mSelect</STRONG> (Thumb, 22 bytes, Stack size 8 bytes, timedate.o(.text))
<BR><BR>[Stack]<UL><LI>Max Depth = 12<LI>Call Chain = mSelect &rArr; setPrevMenuExit
</UL>
<BR>[Calls]<UL><LI><a href="#[1ec]">&gt;&gt;</a>&nbsp;&nbsp;&nbsp;setPrevMenuExit
<LI><a href="#[1ed]">&gt;&gt;</a>&nbsp;&nbsp;&nbsp;exitSelected
<LI><a href="#[1ee]">&gt;&gt;</a>&nbsp;&nbsp;&nbsp;doAction
</UL>
<BR>[Address Reference Count : 1]<UL><LI> timedate.o(.text)
</UL>
<P><STRONG><a name="[93]"></a>mDown</STRONG> (Thumb, 30 bytes, Stack size 8 bytes, timedate.o(.text))
<BR><BR>[Stack]<UL><LI>Max Depth = 8<LI>Call Chain = mDown
</UL>
<BR>[Calls]<UL><LI><a href="#[47]">&gt;&gt;</a>&nbsp;&nbsp;&nbsp;nextOption
</UL>
<BR>[Address Reference Count : 1]<UL><LI> timedate.o(.text)
</UL>
<P><STRONG><a name="[96]"></a>timeDateDraw</STRONG> (Thumb, 184 bytes, Stack size 24 bytes, timedate.o(.text))
<BR><BR>[Stack]<UL><LI>Max Depth = 152<LI>Call Chain = timeDateDraw &rArr; draw_string &rArr; draw_bitmap
</UL>
<BR>[Calls]<UL><LI><a href="#[1ef]">&gt;&gt;</a>&nbsp;&nbsp;&nbsp;draw_clearArea
<LI><a href="#[125]">&gt;&gt;</a>&nbsp;&nbsp;&nbsp;draw_string
<LI><a href="#[1e7]">&gt;&gt;</a>&nbsp;&nbsp;&nbsp;strcpy
<LI><a href="#[126]">&gt;&gt;</a>&nbsp;&nbsp;&nbsp;__2sprintf
</UL>
<BR>[Address Reference Count : 1]<UL><LI> timedate.o(.text)
</UL>
<P><STRONG><a name="[231]"></a>getMaxValForSetting</STRONG> (Thumb, 56 bytes, Stack size 0 bytes, timedate.o(.text))
<BR><BR>[Called By]<UL><LI><a href="#[95]">&gt;&gt;</a>&nbsp;&nbsp;&nbsp;timeDataDown
<LI><a href="#[94]">&gt;&gt;</a>&nbsp;&nbsp;&nbsp;timeDataUp
</UL>

<P><STRONG><a name="[94]"></a>timeDataUp</STRONG> (Thumb, 56 bytes, Stack size 8 bytes, timedate.o(.text))
<BR><BR>[Stack]<UL><LI>Max Depth = 8<LI>Call Chain = timeDataUp
</UL>
<BR>[Calls]<UL><LI><a href="#[231]">&gt;&gt;</a>&nbsp;&nbsp;&nbsp;getMaxValForSetting
</UL>
<BR>[Address Reference Count : 1]<UL><LI> timedate.o(.text)
</UL>
<P><STRONG><a name="[95]"></a>timeDataDown</STRONG> (Thumb, 62 bytes, Stack size 16 bytes, timedate.o(.text))
<BR><BR>[Stack]<UL><LI>Max Depth = 16<LI>Call Chain = timeDataDown
</UL>
<BR>[Calls]<UL><LI><a href="#[231]">&gt;&gt;</a>&nbsp;&nbsp;&nbsp;getMaxValForSetting
</UL>
<BR>[Address Reference Count : 1]<UL><LI> timedate.o(.text)
</UL>
<P><STRONG><a name="[8e]"></a>selectTime</STRONG> (Thumb, 124 bytes, Stack size 16 bytes, timedate.o(.text))
<BR><BR>[Stack]<UL><LI>Max Depth = 32<LI>Call Chain = selectTime &rArr; beginSelect &rArr; setMenuFuncs
</UL>
<BR>[Calls]<UL><LI><a href="#[1de]">&gt;&gt;</a>&nbsp;&nbsp;&nbsp;time_timeMode
<LI><a href="#[232]">&gt;&gt;</a>&nbsp;&nbsp;&nbsp;beginSelect
<LI><a href="#[233]">&gt;&gt;</a>&nbsp;&nbsp;&nbsp;endSelect
</UL>
<BR>[Address Reference Count : 1]<UL><LI> timedate.o(.text)
</UL>
<P><STRONG><a name="[8d]"></a>selectDate</STRONG> (Thumb, 98 bytes, Stack size 16 bytes, timedate.o(.text))
<BR><BR>[Stack]<UL><LI>Max Depth = 32<LI>Call Chain = selectDate &rArr; beginSelect &rArr; setMenuFuncs
</UL>
<BR>[Calls]<UL><LI><a href="#[232]">&gt;&gt;</a>&nbsp;&nbsp;&nbsp;beginSelect
<LI><a href="#[233]">&gt;&gt;</a>&nbsp;&nbsp;&nbsp;endSelect
<LI><a href="#[22f]">&gt;&gt;</a>&nbsp;&nbsp;&nbsp;time_monthDayCount
<LI><a href="#[234]">&gt;&gt;</a>&nbsp;&nbsp;&nbsp;time_dow
</UL>
<BR>[Address Reference Count : 1]<UL><LI> timedate.o(.text)
</UL>
<P><STRONG><a name="[90]"></a>itemLoader</STRONG> (Thumb, 124 bytes, Stack size 40 bytes, timedate.o(.text))
<BR><BR>[Stack]<UL><LI>Max Depth = 360<LI>Call Chain = itemLoader &rArr; addBackOption &rArr; setMenuOption_P &rArr; setMenuOption &rArr; sin &rArr; __ieee754_rem_pio2 &rArr; __aeabi_dsub &rArr; __aeabi_dadd &rArr; _double_epilogue &rArr; _double_round
</UL>
<BR>[Calls]<UL><LI><a href="#[1f3]">&gt;&gt;</a>&nbsp;&nbsp;&nbsp;setMenuOption
<LI><a href="#[1f4]">&gt;&gt;</a>&nbsp;&nbsp;&nbsp;addBackOption
<LI><a href="#[1fd]">&gt;&gt;</a>&nbsp;&nbsp;&nbsp;setMenuOption_P
<LI><a href="#[1e7]">&gt;&gt;</a>&nbsp;&nbsp;&nbsp;strcpy
<LI><a href="#[126]">&gt;&gt;</a>&nbsp;&nbsp;&nbsp;__2sprintf
</UL>
<BR>[Address Reference Count : 1]<UL><LI> timedate.o(.text)
</UL>
<P><STRONG><a name="[233]"></a>endSelect</STRONG> (Thumb, 26 bytes, Stack size 8 bytes, timedate.o(.text))
<BR><BR>[Stack]<UL><LI>Max Depth = 16<LI>Call Chain = endSelect &rArr; setMenuFuncs
</UL>
<BR>[Calls]<UL><LI><a href="#[1f1]">&gt;&gt;</a>&nbsp;&nbsp;&nbsp;setMenuFuncs
</UL>
<BR>[Called By]<UL><LI><a href="#[8d]">&gt;&gt;</a>&nbsp;&nbsp;&nbsp;selectDate
<LI><a href="#[8e]">&gt;&gt;</a>&nbsp;&nbsp;&nbsp;selectTime
</UL>

<P><STRONG><a name="[232]"></a>beginSelect</STRONG> (Thumb, 22 bytes, Stack size 8 bytes, timedate.o(.text))
<BR><BR>[Stack]<UL><LI>Max Depth = 16<LI>Call Chain = beginSelect &rArr; setMenuFuncs
</UL>
<BR>[Calls]<UL><LI><a href="#[1f1]">&gt;&gt;</a>&nbsp;&nbsp;&nbsp;setMenuFuncs
</UL>
<BR>[Called By]<UL><LI><a href="#[8d]">&gt;&gt;</a>&nbsp;&nbsp;&nbsp;selectDate
<LI><a href="#[8e]">&gt;&gt;</a>&nbsp;&nbsp;&nbsp;selectTime
</UL>

<P><STRONG><a name="[98]"></a>btnExit</STRONG> (Thumb, 14 bytes, Stack size 8 bytes, torch.o(.text))
<BR><BR>[Stack]<UL><LI>Max Depth = 8<LI>Call Chain = btnExit
</UL>
<BR>[Calls]<UL><LI><a href="#[14d]">&gt;&gt;</a>&nbsp;&nbsp;&nbsp;animation_start
</UL>
<BR>[Address Reference Count : 1]<UL><LI> torch.o(.text)
</UL>
<P><STRONG><a name="[99]"></a>btnFlashRate</STRONG> (Thumb, 40 bytes, Stack size 0 bytes, torch.o(.text))
<BR>[Address Reference Count : 1]<UL><LI> torch.o(.text)
</UL>
<P><STRONG><a name="[97]"></a>draw</STRONG> (Thumb, 68 bytes, Stack size 16 bytes, torch.o(.text))
<BR><BR>[Stack]<UL><LI>Max Depth = 16<LI>Call Chain = draw
</UL>
<BR>[Calls]<UL><LI><a href="#[eb]">&gt;&gt;</a>&nbsp;&nbsp;&nbsp;millis_get
<LI><a href="#[1a4]">&gt;&gt;</a>&nbsp;&nbsp;&nbsp;__aeabi_memset
</UL>
<BR>[Address Reference Count : 1]<UL><LI> torch.o(.text)
</UL>
<P><STRONG><a name="[9a]"></a>next</STRONG> (Thumb, 52 bytes, Stack size 24 bytes, tune.o(.text))
<BR><BR>[Stack]<UL><LI>Max Depth = 48<LI>Call Chain = next &rArr; buzzer_buzz &rArr; stop
</UL>
<BR>[Calls]<UL><LI><a href="#[ea]">&gt;&gt;</a>&nbsp;&nbsp;&nbsp;buzzer_buzz
</UL>
<BR>[Called By]<UL><LI><a href="#[1ea]">&gt;&gt;</a>&nbsp;&nbsp;&nbsp;tune_play
</UL>
<BR>[Address Reference Count : 1]<UL><LI> tune.o(.text)
</UL>
<P><STRONG><a name="[235]"></a>chose_tone</STRONG> (Thumb, 78 bytes, Stack size 8 bytes, tunemaker.o(.text))
<BR><BR>[Stack]<UL><LI>Max Depth = 136<LI>Call Chain = chose_tone &rArr; draw_string &rArr; draw_bitmap
</UL>
<BR>[Calls]<UL><LI><a href="#[1ea]">&gt;&gt;</a>&nbsp;&nbsp;&nbsp;tune_play
<LI><a href="#[125]">&gt;&gt;</a>&nbsp;&nbsp;&nbsp;draw_string
</UL>
<BR>[Called By]<UL><LI><a href="#[9b]">&gt;&gt;</a>&nbsp;&nbsp;&nbsp;draw
<LI><a href="#[68]">&gt;&gt;</a>&nbsp;&nbsp;&nbsp;tunemakerOpen
</UL>

<P><STRONG><a name="[9e]"></a>down</STRONG> (Thumb, 38 bytes, Stack size 0 bytes, tunemaker.o(.text))
<BR>[Address Reference Count : 1]<UL><LI> tunemaker.o(.text)
</UL>
<P><STRONG><a name="[9d]"></a>select</STRONG> (Thumb, 20 bytes, Stack size 8 bytes, tunemaker.o(.text))
<BR><BR>[Stack]<UL><LI>Max Depth = 48<LI>Call Chain = select &rArr; tune_stop &rArr; buzzer_buzz &rArr; stop
</UL>
<BR>[Calls]<UL><LI><a href="#[1e4]">&gt;&gt;</a>&nbsp;&nbsp;&nbsp;tune_stop
<LI><a href="#[14d]">&gt;&gt;</a>&nbsp;&nbsp;&nbsp;animation_start
</UL>
<BR>[Address Reference Count : 1]<UL><LI> tunemaker.o(.text)
</UL>
<P><STRONG><a name="[9c]"></a>up</STRONG> (Thumb, 36 bytes, Stack size 0 bytes, tunemaker.o(.text))
<BR>[Address Reference Count : 1]<UL><LI> tunemaker.o(.text)
</UL>
<P><STRONG><a name="[9b]"></a>draw</STRONG> (Thumb, 390 bytes, Stack size 32 bytes, tunemaker.o(.text))
<BR><BR>[Stack]<UL><LI>Max Depth = 184<LI>Call Chain = draw &rArr; draw_string_P &rArr; draw_string &rArr; draw_bitmap
</UL>
<BR>[Calls]<UL><LI><a href="#[1e5]">&gt;&gt;</a>&nbsp;&nbsp;&nbsp;draw_bitmap
<LI><a href="#[238]">&gt;&gt;</a>&nbsp;&nbsp;&nbsp;__SysTick
<LI><a href="#[236]">&gt;&gt;</a>&nbsp;&nbsp;&nbsp;OLED_DrawLine
<LI><a href="#[235]">&gt;&gt;</a>&nbsp;&nbsp;&nbsp;chose_tone
<LI><a href="#[205]">&gt;&gt;</a>&nbsp;&nbsp;&nbsp;draw_string_P
<LI><a href="#[c1]">&gt;&gt;</a>&nbsp;&nbsp;&nbsp;__aeabi_memclr
</UL>
<BR>[Address Reference Count : 1]<UL><LI> tunemaker.o(.text)
</UL>
<P><STRONG><a name="[248]"></a>Rotate</STRONG> (Thumb, 202 bytes, Stack size 64 bytes, oled_basic.o(.text), UNUSED)
<BR><BR>[Calls]<UL><LI><a href="#[173]">&gt;&gt;</a>&nbsp;&nbsp;&nbsp;__aeabi_i2f
<LI><a href="#[112]">&gt;&gt;</a>&nbsp;&nbsp;&nbsp;__aeabi_i2d
<LI><a href="#[119]">&gt;&gt;</a>&nbsp;&nbsp;&nbsp;__aeabi_f2d
<LI><a href="#[11c]">&gt;&gt;</a>&nbsp;&nbsp;&nbsp;__aeabi_dsub
<LI><a href="#[11e]">&gt;&gt;</a>&nbsp;&nbsp;&nbsp;__aeabi_dmul
<LI><a href="#[11a]">&gt;&gt;</a>&nbsp;&nbsp;&nbsp;__aeabi_dadd
<LI><a href="#[247]">&gt;&gt;</a>&nbsp;&nbsp;&nbsp;mySqrt
<LI><a href="#[239]">&gt;&gt;</a>&nbsp;&nbsp;&nbsp;__aeabi_d2iz
<LI><a href="#[21a]">&gt;&gt;</a>&nbsp;&nbsp;&nbsp;sin
<LI><a href="#[249]">&gt;&gt;</a>&nbsp;&nbsp;&nbsp;cos
<LI><a href="#[195]">&gt;&gt;</a>&nbsp;&nbsp;&nbsp;atan2
</UL>
<BR>[Called By]<UL><LI><a href="#[24d]">&gt;&gt;</a>&nbsp;&nbsp;&nbsp;GetRotateXY
</UL>

<P><STRONG><a name="[a2]"></a>mSelect</STRONG> (Thumb, 6 bytes, Stack size 0 bytes, my_menu.o(.text))
<BR><BR>[Calls]<UL><LI><a href="#[1ee]">&gt;&gt;</a>&nbsp;&nbsp;&nbsp;doAction
</UL>
<BR>[Address Reference Count : 1]<UL><LI> my_menu.o(.text)
</UL>
<P><STRONG><a name="[a1]"></a>itemLoader</STRONG> (Thumb, 64 bytes, Stack size 16 bytes, my_menu.o(.text))
<BR><BR>[Stack]<UL><LI>Max Depth = 336<LI>Call Chain = itemLoader &rArr; setMenuOption_P &rArr; setMenuOption &rArr; sin &rArr; __ieee754_rem_pio2 &rArr; __aeabi_dsub &rArr; __aeabi_dadd &rArr; _double_epilogue &rArr; _double_round
</UL>
<BR>[Calls]<UL><LI><a href="#[1fd]">&gt;&gt;</a>&nbsp;&nbsp;&nbsp;setMenuOption_P
</UL>
<BR>[Address Reference Count : 1]<UL><LI> my_menu.o(.text)
</UL>
<P><STRONG><a name="[a5]"></a>btnExit</STRONG> (Thumb, 20 bytes, Stack size 8 bytes, altitude_display.o(.text))
<BR><BR>[Stack]<UL><LI>Max Depth = 8<LI>Call Chain = btnExit
</UL>
<BR>[Calls]<UL><LI><a href="#[14d]">&gt;&gt;</a>&nbsp;&nbsp;&nbsp;animation_start
</UL>
<BR>[Address Reference Count : 1]<UL><LI> altitude_display.o(.text)
</UL>
<P><STRONG><a name="[a6]"></a>btnup</STRONG> (Thumb, 12 bytes, Stack size 0 bytes, altitude_display.o(.text))
<BR>[Address Reference Count : 1]<UL><LI> altitude_display.o(.text)
</UL>
<P><STRONG><a name="[a4]"></a>btndown</STRONG> (Thumb, 4 bytes, Stack size 0 bytes, altitude_display.o(.text))
<BR>[Address Reference Count : 1]<UL><LI> altitude_display.o(.text)
</UL>
<P><STRONG><a name="[a3]"></a>draw</STRONG> (Thumb, 10 bytes, Stack size 8 bytes, altitude_display.o(.text))
<BR><BR>[Stack]<UL><LI>Max Depth = 160<LI>Call Chain = draw &rArr; display_altitude &rArr; draw_string &rArr; draw_bitmap
</UL>
<BR>[Calls]<UL><LI><a href="#[124]">&gt;&gt;</a>&nbsp;&nbsp;&nbsp;display_altitude
</UL>
<BR>[Address Reference Count : 1]<UL><LI> altitude_display.o(.text)
</UL>
<P><STRONG><a name="[a7]"></a>history_draw</STRONG> (Thumb, 198 bytes, Stack size 32 bytes, altitude_display.o(.text))
<BR><BR>[Stack]<UL><LI>Max Depth = 160<LI>Call Chain = history_draw &rArr; draw_string &rArr; draw_bitmap
</UL>
<BR>[Calls]<UL><LI><a href="#[125]">&gt;&gt;</a>&nbsp;&nbsp;&nbsp;draw_string
<LI><a href="#[119]">&gt;&gt;</a>&nbsp;&nbsp;&nbsp;__aeabi_f2d
<LI><a href="#[126]">&gt;&gt;</a>&nbsp;&nbsp;&nbsp;__2sprintf
</UL>
<BR>[Address Reference Count : 1]<UL><LI> altitude_display.o(.text)
</UL>
<P><STRONG><a name="[a8]"></a>btnup1</STRONG> (Thumb, 10 bytes, Stack size 0 bytes, altitude_display.o(.text))
<BR>[Address Reference Count : 1]<UL><LI> altitude_display.o(.text)
</UL>
<P><STRONG><a name="[a9]"></a>btndown1</STRONG> (Thumb, 8 bytes, Stack size 0 bytes, altitude_display.o(.text))
<BR>[Address Reference Count : 1]<UL><LI> altitude_display.o(.text)
</UL>
<P><STRONG><a name="[287]"></a>_fp_digits</STRONG> (Thumb, 366 bytes, Stack size 64 bytes, printfa.o(i._fp_digits), UNUSED)
<BR><BR>[Calls]<UL><LI><a href="#[11e]">&gt;&gt;</a>&nbsp;&nbsp;&nbsp;__aeabi_dmul
<LI><a href="#[113]">&gt;&gt;</a>&nbsp;&nbsp;&nbsp;__aeabi_ddiv
<LI><a href="#[11a]">&gt;&gt;</a>&nbsp;&nbsp;&nbsp;__aeabi_dadd
<LI><a href="#[120]">&gt;&gt;</a>&nbsp;&nbsp;&nbsp;__aeabi_cdrcmple
<LI><a href="#[26e]">&gt;&gt;</a>&nbsp;&nbsp;&nbsp;__aeabi_uldivmod
<LI><a href="#[277]">&gt;&gt;</a>&nbsp;&nbsp;&nbsp;__aeabi_d2ulz
</UL>
<BR>[Called By]<UL><LI><a href="#[27b]">&gt;&gt;</a>&nbsp;&nbsp;&nbsp;_printf_core
</UL>

<P><STRONG><a name="[27b]"></a>_printf_core</STRONG> (Thumb, 1704 bytes, Stack size 136 bytes, printfa.o(i._printf_core), UNUSED)
<BR><BR>[Calls]<UL><LI><a href="#[288]">&gt;&gt;</a>&nbsp;&nbsp;&nbsp;_printf_pre_padding
<LI><a href="#[289]">&gt;&gt;</a>&nbsp;&nbsp;&nbsp;_printf_post_padding
<LI><a href="#[287]">&gt;&gt;</a>&nbsp;&nbsp;&nbsp;_fp_digits
<LI><a href="#[26e]">&gt;&gt;</a>&nbsp;&nbsp;&nbsp;__aeabi_uldivmod
<LI><a href="#[28a]">&gt;&gt;</a>&nbsp;&nbsp;&nbsp;__aeabi_uidivmod
</UL>
<BR>[Called By]<UL><LI><a href="#[27c]">&gt;&gt;</a>&nbsp;&nbsp;&nbsp;__0sprintf
<LI><a href="#[27a]">&gt;&gt;</a>&nbsp;&nbsp;&nbsp;__0printf
<LI><a href="#[27d]">&gt;&gt;</a>&nbsp;&nbsp;&nbsp;__0vsprintf
</UL>

<P><STRONG><a name="[289]"></a>_printf_post_padding</STRONG> (Thumb, 36 bytes, Stack size 24 bytes, printfa.o(i._printf_post_padding), UNUSED)
<BR><BR>[Called By]<UL><LI><a href="#[27b]">&gt;&gt;</a>&nbsp;&nbsp;&nbsp;_printf_core
</UL>

<P><STRONG><a name="[288]"></a>_printf_pre_padding</STRONG> (Thumb, 46 bytes, Stack size 24 bytes, printfa.o(i._printf_pre_padding), UNUSED)
<BR><BR>[Called By]<UL><LI><a href="#[27b]">&gt;&gt;</a>&nbsp;&nbsp;&nbsp;_printf_core
</UL>

<P><STRONG><a name="[ab]"></a>_sputc</STRONG> (Thumb, 10 bytes, Stack size 0 bytes, printfa.o(i._sputc))
<BR><BR>[Called By]<UL><LI><a href="#[27c]">&gt;&gt;</a>&nbsp;&nbsp;&nbsp;__0sprintf
<LI><a href="#[27d]">&gt;&gt;</a>&nbsp;&nbsp;&nbsp;__0vsprintf
</UL>
<BR>[Address Reference Count : 2]<UL><LI> printfa.o(i.__0sprintf)
<LI> printfa.o(i.__0vsprintf)
</UL><P>
<H3>
Undefined Global Symbols
</H3><HR></body></html>
