<html>
<body>
<pre>
<h1>礦ision Build Log</h1>
<h2>Tool Versions:</h2>
IDE-Version: μVision V5.37.0.0
Copyright (C) 2022 ARM Ltd and ARM Germany GmbH. All rights reserved.
License Information: Sean Song, USST, LIC=9WSKC-7ATVZ-QDQKD-81NKV-6FJ84-1FIS7
 
Tool Versions:
Toolchain:       MDK-ARM Plus  Version: 5.37.0.0
Toolchain Path:  D:\Program Files\Keil\ARM\ARM_Compiler_5.06\Bin
C Compiler:      Armcc.exe V5.06 update 7 (build 960)
Assembler:       Armasm.exe V5.06 update 7 (build 960)
Linker/Locator:  ArmLink.exe V5.06 update 7 (build 960)
Library Manager: ArmAr.exe V5.06 update 7 (build 960)
Hex Converter:   FromElf.exe V5.06 update 7 (build 960)
CPU DLL:         SARMCM3.DLL V5.37.0.0
Dialog DLL:      DCM.DLL V1.17.5.0
Target DLL:      Segger\JL2CM3.dll V2.99.42.0
Dialog DLL:      TCM.DLL V1.56.1.0
 
<h2>Project:</h2>
D:\Desktop\00KT\02_脉搏手环\7_手环显示界面修改\开源stm32手环\software_MDK\USER\REMOTE.uvprojx
Project File Date:  08/09/2022

<h2>Output:</h2>
*** Using Compiler 'V5.06 update 7 (build 960)', folder: 'D:\Program Files\Keil\ARM\ARM_Compiler_5.06\Bin'
Rebuild target 'Target 1'
compiling stm32f10x_it.c...
compiling i2c_soft.c...
compiling lcd.c...
compiling ADC.c...
compiling main.c...
compiling system_stm32f10x.c...
compiling DA17.c...
compiling beep.c...
compiling myiic.c...
compiling DS3231.c...
..\HARDWARE\DS3231.c(110): warning:  #188-D: enumerated type mixed with another type
  	timeDate.date.day=5;
..\HARDWARE\DS3231.c(111): warning:  #188-D: enumerated type mixed with another type
  	timeDate.date.month=2;
..\HARDWARE\DS3231.c(122): warning:  #188-D: enumerated type mixed with another type
      timeDate.date.month=BCD2HEX(calendar.w_month);
..\HARDWARE\DS3231.c(135): warning:  #188-D: enumerated type mixed with another type
      timeDate.date.day=BCD2HEX(calendar.week);
..\HARDWARE\DS3231.c: 4 warnings, 0 errors
compiling bme280.c...
assembling startup_stm32f10x_md.s...
compiling mpu_task.c...
compiling core_cm3.c...
compiling mpu6050.c...
compiling usart.c...
compiling delay.c...
compiling dma.c...
compiling inv_mpu_dmp_motion_driver.c...
compiling sys.c...
compiling NVIC.c...
compiling inv_mpu.c...
compiling stm32f10x_gpio.c...
compiling stm32f10x_rcc.c...
compiling stm32f10x_usart.c...
compiling misc.c...
compiling stm32f10x_spi.c...
compiling stm32f10x_adc.c...
compiling stm32f10x_pwr.c...
compiling stm32f10x_dma.c...
compiling stm32f10x_tim.c...
compiling stm32f10x_exti.c...
compiling alarm.c...
compiling alarms.c...
compiling animation.c...
compiling appconfig.c...
compiling buttons.c...
compiling diag.c...
compiling display.c...
compiling draw.c...
compiling game1.c...
compiling game2.c...
compiling game3.c...
compiling global.c...
compiling games.c...
compiling m_display.c...
compiling m_main.c...
compiling menu.c...
compiling millis.c...
compiling normal.c...
compiling resources.c...
compiling settings.c...
compiling sleep.c...
compiling sound.c...
compiling stopwatch.c...
compiling time.c...
compiling oled_bmp.c...
compiling oled_basic.c...
compiling torch.c...
compiling timedate.c...
compiling oled_color.c...
compiling oled_buffer.c...
compiling tune.c...
compiling tunes.c...
compiling ui.c...
compiling tunemaker.c...
compiling pwrmgr.c...
compiling oled_debug.c...
compiling oled_font.c...
compiling oled_config.c...
compiling oled_draw.c...
compiling oled_draw_ex_example.c...
compiling oled_driver.c...
compiling test.c...
compiling gui_log_console.c...
compiling My_Menu.c...
..\MYAPP\My_Menu.c(61): warning:  #177-D: variable "buff"  was declared but never referenced
  	char buff[20];
..\MYAPP\My_Menu.c(51): warning:  #177-D: function "LogTimeUpdate"  was declared but never referenced
  static void LogTimeUpdate()
..\MYAPP\My_Menu.c: 2 warnings, 0 errors
compiling altitude_display.c...
linking...
Program Size: Code=53964 RO-data=14756 RW-data=604 ZI-data=7612  
FromELF: creating hex file...
"..\OBJ\REMOTE.axf" - 0 Error(s), 6 Warning(s).

<h2>Software Packages used:</h2>

Package Vendor: Keil
                http://www.keil.com/pack/Keil.STM32F1xx_DFP.2.4.0.pack
                Keil.STM32F1xx_DFP.2.4.0
                STMicroelectronics STM32F1 Series Device Support, Drivers and Examples

<h2>Collection of Component include folders:</h2>
  D:/Users/72707/AppData/Local/Arm/Packs/Keil/STM32F1xx_DFP/2.4.0/Device/Include

<h2>Collection of Component Files used:</h2>
Build Time Elapsed:  00:00:03
</pre>
</body>
</html>
