Component: ARM Compiler 5.06 update 7 (build 960) Tool: armlink [4d3601]

==============================================================================

Section Cross References

    main.o(.text) refers to bme280.o(.text) for readTrim
    main.o(.text) refers to system_stm32f10x.o(.text) for SystemInit
    main.o(.text) refers to misc.o(.text) for NVIC_PriorityGroupConfig
    main.o(.text) refers to delay.o(.text) for delay_init
    main.o(.text) refers to usart.o(.text) for uart_init
    main.o(.text) refers to dma.o(.text) for MYDMA_Config
    main.o(.text) refers to lcd.o(.text) for LCD_Init
    main.o(.text) refers to adc.o(.text) for Adc_Init
    main.o(.text) refers to nvic.o(.text) for KEY_INT_INIT
    main.o(.text) refers to millis.o(.text) for millis_init
    main.o(.text) refers to gui_log_console.o(.text) for console_log
    main.o(.text) refers to i2c_soft.o(.text) for I2C_GPIO_Config
    main.o(.text) refers to mpu6050.o(.text) for MPU_Init
    main.o(.text) refers to inv_mpu.o(.text) for mpu_dmp_init
    main.o(.text) refers to memseta.o(.text) for __aeabi_memclr
    main.o(.text) refers to ds3231.o(.text) for DS3231_Init
    main.o(.text) refers to appconfig.o(.text) for appconfig_init
    main.o(.text) refers to beep.o(.text) for buzzer_init
    main.o(.text) refers to buttons.o(.text) for buttons_init
    main.o(.text) refers to alarm.o(.text) for alarm_init
    main.o(.text) refers to pwrmgr.o(.text) for pwrmgr_init
    main.o(.text) refers to myiic.o(.text) for DA17_IIC_Init
    main.o(.text) refers to display.o(.text) for display_set
    main.o(.text) refers to stm32f10x_usart.o(.text) for USART_DMACmd
    main.o(.text) refers to time.o(.text) for time_update
    main.o(.text) refers to stopwatch.o(.text) for stopwatch_update
    main.o(.text) refers to stm32f10x_gpio.o(.text) for GPIO_ReadOutputDataBit
    main.o(.text) refers to millis.o(.data) for bme_flag
    main.o(.text) refers to main.o(.bss) for .bss
    main.o(.text) refers to lcd.o(.bss) for oledBuffer
    main.o(.text) refers to normal.o(.text) for watchface_normal
    main.o(.text) refers to main.o(.data) for .data
    system_stm32f10x.o(.text) refers to system_stm32f10x.o(.data) for .data
    lcd.o(.text) refers to oled_basic.o(.text) for InitGraph
    lcd.o(.text) refers to oled_driver.o(.text) for WriteCmd
    lcd.o(.text) refers to appconfig.o(.bss) for appConfig
    lcd.o(.text) refers to lcd.o(.bss) for .bss
    beep.o(.text) refers to stm32f10x_rcc.o(.text) for RCC_APB1PeriphClockCmd
    beep.o(.text) refers to stm32f10x_gpio.o(.text) for GPIO_Init
    beep.o(.text) refers to stm32f10x_tim.o(.text) for TIM_TimeBaseInit
    beep.o(.text) refers to millis.o(.text) for millis_get
    beep.o(.text) refers to beep.o(.data) for .data
    beep.o(.text) refers to appconfig.o(.bss) for appConfig
    i2c_soft.o(.text) refers to stm32f10x_rcc.o(.text) for RCC_APB2PeriphClockCmd
    i2c_soft.o(.text) refers to stm32f10x_gpio.o(.text) for GPIO_Init
    i2c_soft.o(.text) refers to delay.o(.text) for delay_us
    adc.o(.text) refers to stm32f10x_rcc.o(.text) for RCC_APB2PeriphClockCmd
    adc.o(.text) refers to stm32f10x_gpio.o(.text) for GPIO_Init
    adc.o(.text) refers to stm32f10x_adc.o(.text) for ADC_DeInit
    adc.o(.text) refers to delay.o(.text) for delay_us
    ds3231.o(.text) refers to i2c_soft.o(.text) for I2C_Start
    ds3231.o(.text) refers to delay.o(.text) for delay_ms
    ds3231.o(.text) refers to ffltui.o(.text) for __aeabi_ui2f
    ds3231.o(.text) refers to fdiv.o(.text) for __aeabi_fdiv
    ds3231.o(.text) refers to fadd.o(.text) for __aeabi_fadd
    ds3231.o(.text) refers to time.o(.data) for timeDate
    ds3231.o(.text) refers to ds3231.o(.bss) for .bss
    ds3231.o(.text) refers to ds3231.o(.data) for .data
    bme280.o(.text) refers to i2c_soft.o(.text) for I2C_Start
    bme280.o(.text) refers to delay.o(.text) for delay_ms
    bme280.o(.text) refers to dflti.o(.text) for __aeabi_i2d
    bme280.o(.text) refers to ddiv.o(.text) for __aeabi_ddiv
    bme280.o(.text) refers to d2f.o(.text) for __aeabi_d2f
    bme280.o(.text) refers to memseta.o(.text) for __aeabi_memclr4
    bme280.o(.text) refers to fadd.o(.text) for __aeabi_fsub
    bme280.o(.text) refers to cfcmple.o(.text) for __aeabi_cfcmple
    bme280.o(.text) refers to f2d.o(.text) for __aeabi_f2d
    bme280.o(.text) refers to dadd.o(.text) for __aeabi_dadd
    bme280.o(.text) refers to dfltui.o(.text) for __aeabi_ui2d
    bme280.o(.text) refers to dscalb.o(.text) for __ARM_scalbn
    bme280.o(.text) refers to dmul.o(.text) for __aeabi_dmul
    bme280.o(.text) refers to bme280.o(.bss) for .bss
    bme280.o(.text) refers to cdrcmple.o(.text) for __aeabi_cdrcmple
    bme280.o(.text) refers to cdcmple.o(.text) for __aeabi_cdcmple
    bme280.o(.text) refers to fmul.o(.text) for __aeabi_fmul
    bme280.o(.text) refers to fdiv.o(.text) for __aeabi_fdiv
    bme280.o(.text) refers to ffixi.o(.text) for __aeabi_f2iz
[...]
    TIM_CounterModeConfig                    0x08005c77   Thumb Code    12  stm32f10x_tim.o(.text)
    TIM_EncoderInterfaceConfig               0x08005c83   Thumb Code    50  stm32f10x_tim.o(.text)
    TIM_ForcedOC1Config                      0x08005cb5   Thumb Code    12  stm32f10x_tim.o(.text)
    TIM_ForcedOC2Config                      0x08005cc1   Thumb Code    20  stm32f10x_tim.o(.text)
    TIM_ForcedOC3Config                      0x08005cd5   Thumb Code    12  stm32f10x_tim.o(.text)
    TIM_ForcedOC4Config                      0x08005ce1   Thumb Code    20  stm32f10x_tim.o(.text)
    TIM_ARRPreloadConfig                     0x08005cf5   Thumb Code    20  stm32f10x_tim.o(.text)
    TIM_SelectCOM                            0x08005d09   Thumb Code    20  stm32f10x_tim.o(.text)
    TIM_SelectCCDMA                          0x08005d1d   Thumb Code    20  stm32f10x_tim.o(.text)
    TIM_CCPreloadControl                     0x08005d31   Thumb Code    20  stm32f10x_tim.o(.text)
    TIM_OC1PreloadConfig                     0x08005d45   Thumb Code    32  stm32f10x_tim.o(.text)
    TIM_OC2PreloadConfig                     0x08005d65   Thumb Code    20  stm32f10x_tim.o(.text)
    TIM_OC3PreloadConfig                     0x08005d79   Thumb Code    12  stm32f10x_tim.o(.text)
    TIM_OC4PreloadConfig                     0x08005d85   Thumb Code    20  stm32f10x_tim.o(.text)
    TIM_OC1FastConfig                        0x08005d99   Thumb Code    12  stm32f10x_tim.o(.text)
    TIM_OC2FastConfig                        0x08005da5   Thumb Code    20  stm32f10x_tim.o(.text)
    TIM_OC3FastConfig                        0x08005db9   Thumb Code    12  stm32f10x_tim.o(.text)
    TIM_OC4FastConfig                        0x08005dc5   Thumb Code    20  stm32f10x_tim.o(.text)
    TIM_ClearOC1Ref                          0x08005dd9   Thumb Code    12  stm32f10x_tim.o(.text)
    TIM_ClearOC2Ref                          0x08005de5   Thumb Code    20  stm32f10x_tim.o(.text)
    TIM_ClearOC3Ref                          0x08005df9   Thumb Code    12  stm32f10x_tim.o(.text)
    TIM_ClearOC4Ref                          0x08005e05   Thumb Code    20  stm32f10x_tim.o(.text)
    TIM_OC1PolarityConfig                    0x08005e19   Thumb Code    12  stm32f10x_tim.o(.text)
    TIM_OC1NPolarityConfig                   0x08005e25   Thumb Code    12  stm32f10x_tim.o(.text)
    TIM_OC2PolarityConfig                    0x08005e31   Thumb Code    20  stm32f10x_tim.o(.text)
    TIM_OC2NPolarityConfig                   0x08005e45   Thumb Code    20  stm32f10x_tim.o(.text)
    TIM_OC3PolarityConfig                    0x08005e59   Thumb Code    20  stm32f10x_tim.o(.text)
    TIM_OC3NPolarityConfig                   0x08005e6d   Thumb Code    20  stm32f10x_tim.o(.text)
    TIM_OC4PolarityConfig                    0x08005e81   Thumb Code    20  stm32f10x_tim.o(.text)
    TIM_CCxCmd                               0x08005e95   Thumb Code    22  stm32f10x_tim.o(.text)
    TIM_CCxNCmd                              0x08005eab   Thumb Code    22  stm32f10x_tim.o(.text)
    TIM_SelectOCxM                           0x08005ec1   Thumb Code    70  stm32f10x_tim.o(.text)
    TIM_UpdateDisableConfig                  0x08005f07   Thumb Code    20  stm32f10x_tim.o(.text)
    TIM_UpdateRequestConfig                  0x08005f1b   Thumb Code    20  stm32f10x_tim.o(.text)
    TIM_SelectHallSensor                     0x08005f2f   Thumb Code    20  stm32f10x_tim.o(.text)
    TIM_SelectOnePulseMode                   0x08005f43   Thumb Code    16  stm32f10x_tim.o(.text)
    TIM_SelectOutputTrigger                  0x08005f53   Thumb Code    16  stm32f10x_tim.o(.text)
    TIM_SelectSlaveMode                      0x08005f63   Thumb Code    16  stm32f10x_tim.o(.text)
    TIM_SelectMasterSlaveMode                0x08005f73   Thumb Code    16  stm32f10x_tim.o(.text)
    TIM_SetCounter                           0x08005f83   Thumb Code     4  stm32f10x_tim.o(.text)
    TIM_SetAutoreload                        0x08005f87   Thumb Code     4  stm32f10x_tim.o(.text)
    TIM_SetCompare1                          0x08005f8b   Thumb Code     4  stm32f10x_tim.o(.text)
    TIM_SetCompare2                          0x08005f8f   Thumb Code     4  stm32f10x_tim.o(.text)
    TIM_SetCompare3                          0x08005f93   Thumb Code     4  stm32f10x_tim.o(.text)
    TIM_SetCompare4                          0x08005f97   Thumb Code     6  stm32f10x_tim.o(.text)
    TIM_SetClockDivision                     0x08005f9d   Thumb Code    16  stm32f10x_tim.o(.text)
    TIM_GetCapture1                          0x08005fad   Thumb Code     4  stm32f10x_tim.o(.text)
    TIM_GetCapture2                          0x08005fb1   Thumb Code     4  stm32f10x_tim.o(.text)
    TIM_GetCapture3                          0x08005fb5   Thumb Code     4  stm32f10x_tim.o(.text)
    TIM_GetCapture4                          0x08005fb9   Thumb Code     6  stm32f10x_tim.o(.text)
    TIM_GetCounter                           0x08005fbf   Thumb Code     4  stm32f10x_tim.o(.text)
    TIM_GetPrescaler                         0x08005fc3   Thumb Code     4  stm32f10x_tim.o(.text)
    TIM_GetFlagStatus                        0x08005fc7   Thumb Code    14  stm32f10x_tim.o(.text)
    TIM_ClearFlag                            0x08005fd5   Thumb Code     6  stm32f10x_tim.o(.text)
    TIM_GetITStatus                          0x08005fdb   Thumb Code    24  stm32f10x_tim.o(.text)
    TIM_ClearITPendingBit                    0x08005ff3   Thumb Code     6  stm32f10x_tim.o(.text)
    ADC_DeInit                               0x08005ff9   Thumb Code    56  stm32f10x_adc.o(.text)
    ADC_Init                                 0x08006031   Thumb Code    62  stm32f10x_adc.o(.text)
    ADC_StructInit                           0x0800606f   Thumb Code    18  stm32f10x_adc.o(.text)
    ADC_Cmd                                  0x08006081   Thumb Code    20  stm32f10x_adc.o(.text)
    ADC_DMACmd                               0x08006095   Thumb Code    20  stm32f10x_adc.o(.text)
    ADC_ITConfig                             0x080060a9   Thumb Code    18  stm32f10x_adc.o(.text)
    ADC_ResetCalibration                     0x080060bb   Thumb Code    10  stm32f10x_adc.o(.text)
    ADC_GetResetCalibrationStatus            0x080060c5   Thumb Code    14  stm32f10x_adc.o(.text)
    ADC_StartCalibration                     0x080060d3   Thumb Code    10  stm32f10x_adc.o(.text)
    ADC_GetCalibrationStatus                 0x080060dd   Thumb Code    14  stm32f10x_adc.o(.text)
    ADC_SoftwareStartConvCmd                 0x080060eb   Thumb Code    20  stm32f10x_adc.o(.text)
    ADC_GetSoftwareStartConvStatus           0x080060ff   Thumb Code    14  stm32f10x_adc.o(.text)
    ADC_DiscModeChannelCountConfig           0x0800610d   Thumb Code    16  stm32f10x_adc.o(.text)
    ADC_DiscModeCmd                          0x0800611d   Thumb Code    20  stm32f10x_adc.o(.text)
    ADC_RegularChannelConfig                 0x08006131   Thumb Code   116  stm32f10x_adc.o(.text)
    ADC_ExternalTrigConvCmd                  0x080061a5   Thumb Code    20  stm32f10x_adc.o(.text)
    ADC_GetConversionValue                   0x080061b9   Thumb Code     6  stm32f10x_adc.o(.text)
    ADC_GetDualModeConversionValue           0x080061bf   Thumb Code     8  stm32f10x_adc.o(.text)
    ADC_AutoInjectedConvCmd                  0x080061c7   Thumb Code    20  stm32f10x_adc.o(.text)
    ADC_InjectedDiscModeCmd                  0x080061db   Thumb Code    20  stm32f10x_adc.o(.text)
    ADC_ExternalTrigInjectedConvConfig       0x080061ef   Thumb Code    12  stm32f10x_adc.o(.text)
    ADC_ExternalTrigInjectedConvCmd          0x080061fb   Thumb Code    20  stm32f10x_adc.o(.text)
    ADC_SoftwareStartInjectedConvCmd         0x0800620f   Thumb Code    20  stm32f10x_adc.o(.text)
    ADC_GetSoftwareStartInjectedConvCmdStatus 0x08006223   Thumb Code    14  stm32f10x_adc.o(.text)
    ADC_InjectedChannelConfig                0x08006231   Thumb Code    74  stm32f10x_adc.o(.text)
    ADC_InjectedSequencerLengthConfig        0x0800627b   Thumb Code    16  stm32f10x_adc.o(.text)
    ADC_SetInjectedOffset                    0x0800628b   Thumb Code    10  stm32f10x_adc.o(.text)
    ADC_GetInjectedConversionValue           0x08006295   Thumb Code    14  stm32f10x_adc.o(.text)
    ADC_AnalogWatchdogCmd                    0x080062a3   Thumb Code    12  stm32f10x_adc.o(.text)
    ADC_AnalogWatchdogThresholdsConfig       0x080062af   Thumb Code     6  stm32f10x_adc.o(.text)
    ADC_AnalogWatchdogSingleChannelConfig    0x080062b5   Thumb Code    12  stm32f10x_adc.o(.text)
    ADC_TempSensorVrefintCmd                 0x080062c1   Thumb Code    24  stm32f10x_adc.o(.text)
    ADC_GetFlagStatus                        0x080062d9   Thumb Code    14  stm32f10x_adc.o(.text)
    ADC_ClearFlag                            0x080062e7   Thumb Code     6  stm32f10x_adc.o(.text)
    ADC_GetITStatus                          0x080062ed   Thumb Code    28  stm32f10x_adc.o(.text)
    ADC_ClearITPendingBit                    0x08006309   Thumb Code     8  stm32f10x_adc.o(.text)
    DMA_DeInit                               0x08006329   Thumb Code   218  stm32f10x_dma.o(.text)
    DMA_Init                                 0x08006403   Thumb Code    58  stm32f10x_dma.o(.text)
    DMA_StructInit                           0x0800643d   Thumb Code    26  stm32f10x_dma.o(.text)
    DMA_Cmd                                  0x08006457   Thumb Code    22  stm32f10x_dma.o(.text)
    DMA_ITConfig                             0x0800646d   Thumb Code    16  stm32f10x_dma.o(.text)
    DMA_SetCurrDataCounter                   0x0800647d   Thumb Code     4  stm32f10x_dma.o(.text)
    DMA_GetCurrDataCounter                   0x08006481   Thumb Code     6  stm32f10x_dma.o(.text)
    DMA_GetFlagStatus                        0x08006487   Thumb Code    28  stm32f10x_dma.o(.text)
    DMA_ClearFlag                            0x080064a3   Thumb Code    20  stm32f10x_dma.o(.text)
    DMA_GetITStatus                          0x080064b7   Thumb Code    28  stm32f10x_dma.o(.text)
    DMA_ClearITPendingBit                    0x080064d3   Thumb Code    20  stm32f10x_dma.o(.text)
    PWR_DeInit                               0x080064f1   Thumb Code    24  stm32f10x_pwr.o(.text)
    PWR_BackupAccessCmd                      0x08006509   Thumb Code     6  stm32f10x_pwr.o(.text)
    PWR_PVDCmd                               0x0800650f   Thumb Code     6  stm32f10x_pwr.o(.text)
    PWR_PVDLevelConfig                       0x08006515   Thumb Code    14  stm32f10x_pwr.o(.text)
    PWR_WakeUpPinCmd                         0x08006523   Thumb Code     8  stm32f10x_pwr.o(.text)
    PWR_EnterSTOPMode                        0x0800652b   Thumb Code    42  stm32f10x_pwr.o(.text)
    PWR_EnterSTANDBYMode                     0x08006555   Thumb Code    32  stm32f10x_pwr.o(.text)
    PWR_GetFlagStatus                        0x08006575   Thumb Code    16  stm32f10x_pwr.o(.text)
    PWR_ClearFlag                            0x08006585   Thumb Code    12  stm32f10x_pwr.o(.text)
    EXTI_DeInit                              0x0800659d   Thumb Code    28  stm32f10x_exti.o(.text)
    EXTI_Init                                0x080065b9   Thumb Code   108  stm32f10x_exti.o(.text)
    EXTI_StructInit                          0x08006625   Thumb Code    14  stm32f10x_exti.o(.text)
    EXTI_GenerateSWInterrupt                 0x08006633   Thumb Code    12  stm32f10x_exti.o(.text)
    EXTI_GetFlagStatus                       0x0800663f   Thumb Code    18  stm32f10x_exti.o(.text)
    EXTI_ClearFlag                           0x08006651   Thumb Code     8  stm32f10x_exti.o(.text)
    EXTI_GetITStatus                         0x08006659   Thumb Code    28  stm32f10x_exti.o(.text)
    EXTI_ClearITPendingBit                   0x08006675   Thumb Code     8  stm32f10x_exti.o(.text)
    AlarmEnalbe                              0x08006685   Thumb Code    32  alarm.o(.text)
    alarm_get                                0x080066a5   Thumb Code    18  alarm.o(.text)
    alarm_init                               0x08006751   Thumb Code     2  alarm.o(.text)
    alarm_reset                              0x08006753   Thumb Code     8  alarm.o(.text)
    alarm_getNext                            0x0800675b   Thumb Code    26  alarm.o(.text)
    alarm_getNextDay                         0x08006775   Thumb Code     8  alarm.o(.text)
    alarm_save                               0x0800677d   Thumb Code    18  alarm.o(.text)
    alarm_update                             0x08006807   Thumb Code    84  alarm.o(.text)
    alarm_updateNextAlarm                    0x0800685b   Thumb Code     2  alarm.o(.text)
    mAlarmsOpen                              0x08006bd7   Thumb Code    44  alarms.o(.text)
    animation_init                           0x08006ced   Thumb Code    10  animation.o(.text)
    animation_update                         0x08006cf7   Thumb Code   120  animation.o(.text)
    animation_start                          0x08006d6f   Thumb Code    34  animation.o(.text)
    animation_active                         0x08006d91   Thumb Code     6  animation.o(.text)
    animation_movingOn                       0x08006d97   Thumb Code    14  animation.o(.text)
    animation_offsetY                        0x08006da5   Thumb Code     6  animation.o(.text)
    appconfig_save                           0x08006db5   Thumb Code     2  appconfig.o(.text)
    appconfig_reset                          0x08006db7   Thumb Code    30  appconfig.o(.text)
    appconfig_init                           0x08006dd5   Thumb Code     2  appconfig.o(.text)
    buttons_startup                          0x08006ddd   Thumb Code    66  buttons.o(.text)
    buttons_init                             0x08006e1f   Thumb Code    22  buttons.o(.text)
    buttons_update                           0x08006e35   Thumb Code    90  buttons.o(.text)
    buttons_shutdown                         0x08006e8f   Thumb Code     2  buttons.o(.text)
    buttons_setFunc                          0x08006e91   Thumb Code    12  buttons.o(.text)
    buttons_setFuncs                         0x08006e9d   Thumb Code    10  buttons.o(.text)
    buttons_isActive                         0x08006ea7   Thumb Code    58  buttons.o(.text)
    buttons_wake                             0x08006ee1   Thumb Code    44  buttons.o(.text)
    mDiagOpen                                0x08007045   Thumb Code    44  diag.o(.text)
    display_set                              0x08007105   Thumb Code     6  display.o(.text)
    display_load                             0x0800710b   Thumb Code    12  display.o(.text)
    display_setDrawFunc                      0x08007117   Thumb Code    10  display.o(.text)
    display_update                           0x0800725f   Thumb Code   124  display.o(.text)
    display_startCRTAnim                     0x080072db   Thumb Code    52  display.o(.text)
    draw_bitmap                              0x08007321   Thumb Code   308  draw.o(.text)
    draw_string                              0x08007455   Thumb Code   120  draw.o(.text)
    draw_string_P                            0x080074cd   Thumb Code    54  draw.o(.text)
    draw_clearArea                           0x08007503   Thumb Code    16  draw.o(.text)
    draw_end                                 0x08007513   Thumb Code     4  draw.o(.text)
    game1_draw                               0x08007569   Thumb Code   786  game1.o(.text)
    game1_start                              0x0800787b   Thumb Code   100  game1.o(.text)
    game2_start                              0x08007c95   Thumb Code    78  game2.o(.text)
    draw_bitmap_set                          0x08007d41   Thumb Code    26  game3.o(.text)
    draw_bitmap_s2                           0x08007d5b   Thumb Code    26  game3.o(.text)
    game3_start                              0x0800801f   Thumb Code    78  game3.o(.text)
    _DrawPoint                               0x0800806d   Thumb Code    34  game3.o(.text)
    mGamesOpen                               0x08008145   Thumb Code    44  games.o(.text)
    global_init                              0x080081c5   Thumb Code     2  global.o(.text)
    global_update                            0x080081c7   Thumb Code     2  global.o(.text)
    div10                                    0x080081c9   Thumb Code     8  global.o(.text)
    mod10                                    0x080081d1   Thumb Code    12  global.o(.text)
    mDisplayOpen                             0x080082b9   Thumb Code    50  m_display.o(.text)
    mMainOpen                                0x0800847d   Thumb Code    22  m_main.o(.text)
    menu_select                              0x08008551   Thumb Code    40  menu.o(.text)
    menu_down                                0x08008579   Thumb Code    14  menu.o(.text)
    menu_up                                  0x08008587   Thumb Code    14  menu.o(.text)
    menu_draw                                0x0800869d   Thumb Code   128  menu.o(.text)
    beginAnimation                           0x0800871d   Thumb Code     6  menu.o(.text)
    setMenuOption                            0x08008723   Thumb Code   152  menu.o(.text)
    setMenuOption_P                          0x080087bb   Thumb Code    40  menu.o(.text)
    menu_isOpen                              0x080087e3   Thumb Code     6  menu.o(.text)
    menu_close                               0x080087e9   Thumb Code    22  menu.o(.text)
    setPrevMenuOpen                          0x080087ff   Thumb Code    18  menu.o(.text)
    exitSelected                             0x08008811   Thumb Code    20  menu.o(.text)
    setPrevMenuExit                          0x08008825   Thumb Code    30  menu.o(.text)
    back                                     0x08008843   Thumb Code    12  menu.o(.text)
    addBackOption                            0x0800884f   Thumb Code    18  menu.o(.text)
    beginAnimation2                          0x08008861   Thumb Code     6  menu.o(.text)
    setMenuInfo                              0x08008867   Thumb Code    30  menu.o(.text)
    setMenuFuncs                             0x08008885   Thumb Code    14  menu.o(.text)
    nextOption                               0x080088af   Thumb Code    22  menu.o(.text)
    prevOption                               0x080088c5   Thumb Code    22  menu.o(.text)
    doAction                                 0x080088db   Thumb Code    12  menu.o(.text)
    millis_init                              0x08008961   Thumb Code   104  millis.o(.text)
    millis_get                               0x080089c9   Thumb Code     6  millis.o(.text)
    TIM3_IRQHandler                          0x080089cf   Thumb Code   362  millis.o(.text)
    watchface_normal                         0x08008f1b   Thumb Code    30  normal.o(.text)
    mSettingsOpen                            0x08009041   Thumb Code    44  settings.o(.text)
    mSleepOpen                               0x08009199   Thumb Code    52  sleep.o(.text)
    mSoundOpen                               0x080092b5   Thumb Code    50  sound.o(.text)
    stopwatch_open                           0x08009519   Thumb Code    28  stopwatch.o(.text)
    stopwatch_active                         0x08009535   Thumb Code    12  stopwatch.o(.text)
    stopwatch_update                         0x08009541   Thumb Code    36  stopwatch.o(.text)
    time_wake                                0x08009591   Thumb Code    18  time.o(.text)
    time_init                                0x080095a3   Thumb Code     2  time.o(.text)
    time_sleep                               0x080095a5   Thumb Code     8  time.o(.text)
    time_shutdown                            0x080095ad   Thumb Code     8  time.o(.text)
    time_timeMode                            0x080095b5   Thumb Code    76  time.o(.text)
    time_set                                 0x08009601   Thumb Code    50  time.o(.text)
    time_isLeapYear                          0x08009633   Thumb Code    12  time.o(.text)
    time_dow                                 0x0800963f   Thumb Code    92  time.o(.text)
    time_monthDayCount                       0x0800969b   Thumb Code    24  time.o(.text)
    time_timeStr                             0x080096b3   Thumb Code    26  time.o(.text)
    time_update                              0x080096cd   Thumb Code    54  time.o(.text)
    mTimeDateOpen                            0x08009a65   Thumb Code    72  timedate.o(.text)
    torch_open                               0x08009bf3   Thumb Code    34  torch.o(.text)
    tune_play                                0x08009c61   Thumb Code    28  tune.o(.text)
    tune_stop                                0x08009c7d   Thumb Code    24  tune.o(.text)
    OLED_DrawPoint                           0x08009d49   Thumb Code    42  tunemaker.o(.text)
    OLED_DrawLine                            0x08009d73   Thumb Code   148  tunemaker.o(.text)
    __SysTick                                0x08009e07   Thumb Code    20  tunemaker.o(.text)
    tunemakerOpen                            0x08009fa1   Thumb Code    48  tunemaker.o(.text)
    drawBattery                              0x0800a021   Thumb Code   138  ui.o(.text)
    pwrmgr_init                              0x0800a0e5   Thumb Code    10  pwrmgr.o(.text)
    userWake                                 0x0800a0ef   Thumb Code    22  pwrmgr.o(.text)
    movecheck                                0x0800a105   Thumb Code    80  pwrmgr.o(.text)
    pwrmgr_update                            0x0800a155   Thumb Code    84  pwrmgr.o(.text)
    pwrmgr_userActive                        0x0800a1a9   Thumb Code    14  pwrmgr.o(.text)
    InitGraph                                0x0800a1c1   Thumb Code     4  oled_basic.o(.text)
    ClearScreen                              0x0800a1c5   Thumb Code     6  oled_basic.o(.text)
    UpdateScreen                             0x0800a1cb   Thumb Code     4  oled_basic.o(.text)
    FillByte                                 0x0800a1cf   Thumb Code    48  oled_basic.o(.text)
    FillRect                                 0x0800a1ff   Thumb Code   184  oled_basic.o(.text)
    FillVerticalLine                         0x0800a2b7   Thumb Code   142  oled_basic.o(.text)
    mySqrt                                   0x0800a345   Thumb Code    32  oled_basic.o(.text)
    sqrt_16                                  0x0800a365   Thumb Code    54  oled_basic.o(.text)
    SetAngle                                 0x0800a465   Thumb Code    46  oled_basic.o(.text)
    SetAnggleDir                             0x0800a493   Thumb Code     8  oled_basic.o(.text)
    SetRotateCenter                          0x0800a49b   Thumb Code    10  oled_basic.o(.text)
    SetRotateValue                           0x0800a4a5   Thumb Code    22  oled_basic.o(.text)
    GetRotateXY                              0x0800a4bb   Thumb Code    50  oled_basic.o(.text)
    FloodFill                                0x0800a4ed   Thumb Code    96  oled_basic.o(.text)
    GetLengthUp                              0x0800a54d   Thumb Code    40  oled_basic.o(.text)
    GetLengthDown                            0x0800a575   Thumb Code    42  oled_basic.o(.text)
    FloodFill2                               0x0800a59f   Thumb Code   134  oled_basic.o(.text)
    pgm_read_byte                            0x0800a625   Thumb Code     4  oled_basic.o(.text)
    oled_pow                                 0x0800a629   Thumb Code    16  oled_basic.o(.text)
    FrameRateUpdateScreen                    0x0800a639   Thumb Code    38  oled_basic.o(.text)
    WaitTimeMs                               0x0800a65f   Thumb Code    10  oled_basic.o(.text)
    UpdateScreenPiece                        0x0800a669   Thumb Code     2  oled_basic.o(.text)
    SetTempBuffer                            0x0800a685   Thumb Code     8  oled_buffer.o(.text)
    SetScreenBuffer                          0x0800a68d   Thumb Code     8  oled_buffer.o(.text)
    GetSelectedBuffer                        0x0800a695   Thumb Code     6  oled_buffer.o(.text)
    ReadByteBuffer                           0x0800a69b   Thumb Code    20  oled_buffer.o(.text)
    WriteByteBuffer                          0x0800a6af   Thumb Code    20  oled_buffer.o(.text)
    SetPointBuffer                           0x0800a6c3   Thumb Code    68  oled_buffer.o(.text)
    GetPointBuffer                           0x0800a707   Thumb Code    54  oled_buffer.o(.text)
    UpdateScreenDisplay                      0x0800a73d   Thumb Code     4  oled_buffer.o(.text)
    ClearScreenBuffer                        0x0800a741   Thumb Code    12  oled_buffer.o(.text)
    ClearTempBuffer                          0x0800a74d   Thumb Code    10  oled_buffer.o(.text)
    TempBufferFunc                           0x0800a757   Thumb Code   108  oled_buffer.o(.text)
    SetDrawColor                             0x0800a7d1   Thumb Code     6  oled_color.o(.text)
    GetDrawColor                             0x0800a7d7   Thumb Code     6  oled_color.o(.text)
    SetFillcolor                             0x0800a7dd   Thumb Code     6  oled_color.o(.text)
    GetFillColor                             0x0800a7e3   Thumb Code     6  oled_color.o(.text)
    DriverInit                               0x0800a7ed   Thumb Code    14  oled_config.o(.text)
    UpdateScreenBuffer                       0x0800a7fb   Thumb Code     6  oled_config.o(.text)
    UpdateTempBuffer                         0x0800a801   Thumb Code     6  oled_config.o(.text)
    OledTimeMsFunc                           0x0800a807   Thumb Code    14  oled_config.o(.text)
    SW_IIC_Configuration                     0x0800a821   Thumb Code    98  oled_driver.o(.text)
    OLED_IIC_Start                           0x0800a883   Thumb Code    46  oled_driver.o(.text)
    OLED_IIC_Stop                            0x0800a8b1   Thumb Code    36  oled_driver.o(.text)
    OLED_IIC_Wait_Ack                        0x0800a8d5   Thumb Code    28  oled_driver.o(.text)
    Write_IIC_Byte                           0x0800a8f1   Thumb Code    80  oled_driver.o(.text)
    WriteCmd                                 0x0800a941   Thumb Code    44  oled_driver.o(.text)
    WriteDat                                 0x0800a96d   Thumb Code    44  oled_driver.o(.text)
    OLED_FILL                                0x0800a999   Thumb Code    56  oled_driver.o(.text)
    OLED_CLS                                 0x0800a9d1   Thumb Code    52  oled_driver.o(.text)
    OLED_Init                                0x0800aa05   Thumb Code   176  oled_driver.o(.text)
    OLED_ON                                  0x0800aab5   Thumb Code    22  oled_driver.o(.text)
    OLED_OFF                                 0x0800aacb   Thumb Code    22  oled_driver.o(.text)
    gui_print_s                              0x0800aae9   Thumb Code    20  gui_log_console.o(.text)
    up_line                                  0x0800aafd   Thumb Code    22  gui_log_console.o(.text)
    down_line                                0x0800ab13   Thumb Code    22  gui_log_console.o(.text)
    console_loop_show                        0x0800ab29   Thumb Code    76  gui_log_console.o(.text)
    strcopy_cnt                              0x0800ab75   Thumb Code    24  gui_log_console.o(.text)
    find_huanhang_str_idx                    0x0800ab8d   Thumb Code    28  gui_log_console.o(.text)
    console_log                              0x0800aba9   Thumb Code   366  gui_log_console.o(.text)
    ShutDown                                 0x0800ad37   Thumb Code    10  my_menu.o(.text)
    cmd2                                     0x0800ad41   Thumb Code    30  my_menu.o(.text)
    cmd3                                     0x0800ad5f   Thumb Code    18  my_menu.o(.text)
    my_menu_open                             0x0800adb1   Thumb Code    56  my_menu.o(.text)
    altitude_open                            0x0800ae8b   Thumb Code    40  altitude_display.o(.text)
    history_display                          0x0800af8b   Thumb Code    32  altitude_display.o(.text)
    __aeabi_ldivmod                          0x0800b021   Thumb Code    98  ldiv.o(.text)
    rand                                     0x0800b085   Thumb Code    20  rand.o(.text)
    srand                                    0x0800b099   Thumb Code     6  rand.o(.text)
    __aeabi_memcpy                           0x0800b0a9   Thumb Code    36  memcpya.o(.text)
    __aeabi_memcpy4                          0x0800b0a9   Thumb Code     0  memcpya.o(.text)
    __aeabi_memcpy8                          0x0800b0a9   Thumb Code     0  memcpya.o(.text)
    __aeabi_memset                           0x0800b0cd   Thumb Code    14  memseta.o(.text)
    __aeabi_memset4                          0x0800b0cd   Thumb Code     0  memseta.o(.text)
    __aeabi_memset8                          0x0800b0cd   Thumb Code     0  memseta.o(.text)
    __aeabi_memclr                           0x0800b0db   Thumb Code     4  memseta.o(.text)
    __aeabi_memclr4                          0x0800b0db   Thumb Code     0  memseta.o(.text)
    __aeabi_memclr8                          0x0800b0db   Thumb Code     0  memseta.o(.text)
    _memset$wrapper                          0x0800b0df   Thumb Code    18  memseta.o(.text)
    strcat                                   0x0800b0f1   Thumb Code    24  strcat.o(.text)
    strlen                                   0x0800b109   Thumb Code    14  strlen.o(.text)
    memcmp                                   0x0800b117   Thumb Code    26  memcmp.o(.text)
    strcpy                                   0x0800b131   Thumb Code    18  strcpy.o(.text)
    calloc                                   0x0800b143   Thumb Code    28  calloc.o(.text)
    __aeabi_fadd                             0x0800b15f   Thumb Code   164  fadd.o(.text)
    __aeabi_fsub                             0x0800b203   Thumb Code     6  fadd.o(.text)
    __aeabi_frsub                            0x0800b209   Thumb Code     6  fadd.o(.text)
    __aeabi_fmul                             0x0800b20f   Thumb Code   100  fmul.o(.text)
    __aeabi_fdiv                             0x0800b273   Thumb Code   124  fdiv.o(.text)
    __ARM_scalbnf                            0x0800b2ef   Thumb Code    24  fscalb.o(.text)
    scalbnf                                  0x0800b2ef   Thumb Code     0  fscalb.o(.text)
    __aeabi_dadd                             0x0800b307   Thumb Code   322  dadd.o(.text)
    __aeabi_dsub                             0x0800b449   Thumb Code     6  dadd.o(.text)
    __aeabi_drsub                            0x0800b44f   Thumb Code     6  dadd.o(.text)
    __aeabi_dmul                             0x0800b455   Thumb Code   228  dmul.o(.text)
    __aeabi_ddiv                             0x0800b539   Thumb Code   222  ddiv.o(.text)
    __ARM_scalbn                             0x0800b617   Thumb Code    46  dscalb.o(.text)
    scalbn                                   0x0800b617   Thumb Code     0  dscalb.o(.text)
    __aeabi_i2f                              0x0800b645   Thumb Code    18  fflti.o(.text)
    __aeabi_ui2f                             0x0800b657   Thumb Code    10  ffltui.o(.text)
    __aeabi_i2d                              0x0800b661   Thumb Code    34  dflti.o(.text)
    __aeabi_ui2d                             0x0800b683   Thumb Code    26  dfltui.o(.text)
    __aeabi_f2iz                             0x0800b69d   Thumb Code    50  ffixi.o(.text)
    __aeabi_f2uiz                            0x0800b6cf   Thumb Code    40  ffixui.o(.text)
    __aeabi_d2iz                             0x0800b6f7   Thumb Code    62  dfixi.o(.text)
    __aeabi_d2uiz                            0x0800b735   Thumb Code    50  dfixui.o(.text)
    __aeabi_f2d                              0x0800b767   Thumb Code    38  f2d.o(.text)
    __aeabi_cdcmpeq                          0x0800b78d   Thumb Code     0  cdcmple.o(.text)
    __aeabi_cdcmple                          0x0800b78d   Thumb Code    48  cdcmple.o(.text)
    __aeabi_cdrcmple                         0x0800b7bd   Thumb Code    48  cdrcmple.o(.text)
    __aeabi_d2f                              0x0800b7ed   Thumb Code    56  d2f.o(.text)
    __aeabi_cfcmpeq                          0x0800b825   Thumb Code     0  cfcmple.o(.text)
    __aeabi_cfcmple                          0x0800b825   Thumb Code    20  cfcmple.o(.text)
    __aeabi_cfrcmple                         0x0800b839   Thumb Code    20  cfrcmple.o(.text)
    __aeabi_uidiv                            0x0800b84d   Thumb Code     0  uidiv.o(.text)
    __aeabi_uidivmod                         0x0800b84d   Thumb Code    44  uidiv.o(.text)
    __aeabi_uldivmod                         0x0800b879   Thumb Code    98  uldiv.o(.text)
    __aeabi_llsl                             0x0800b8db   Thumb Code    30  llshl.o(.text)
    _ll_shift_l                              0x0800b8db   Thumb Code     0  llshl.o(.text)
    __aeabi_llsr                             0x0800b8f9   Thumb Code    32  llushr.o(.text)
    _ll_ushift_r                             0x0800b8f9   Thumb Code     0  llushr.o(.text)
    __aeabi_lasr                             0x0800b919   Thumb Code    36  llsshr.o(.text)
    _ll_sshift_r                             0x0800b919   Thumb Code     0  llsshr.o(.text)
    __I$use$fp                               0x0800b93d   Thumb Code     0  iusefp.o(.text)
    _float_round                             0x0800b93d   Thumb Code    18  fepilogue.o(.text)
    _float_epilogue                          0x0800b94f   Thumb Code    92  fepilogue.o(.text)
    _double_round                            0x0800b9ab   Thumb Code    30  depilogue.o(.text)
    _double_epilogue                         0x0800b9c9   Thumb Code   156  depilogue.o(.text)
    __aeabi_d2ulz                            0x0800ba65   Thumb Code    48  dfixul.o(.text)
    __scatterload                            0x0800ba95   Thumb Code    28  init.o(.text)
    __scatterload_rt2                        0x0800ba95   Thumb Code     0  init.o(.text)
    _dsqrt                                   0x0800bab9   Thumb Code   162  dsqrt.o(.text)
    __decompress                             0x0800bb5b   Thumb Code     0  __dczerorl2.o(.text)
    __decompress1                            0x0800bb5b   Thumb Code    86  __dczerorl2.o(.text)
    __0printf                                0x0800bbb1   Thumb Code    22  printfa.o(i.__0printf)
    __1printf                                0x0800bbb1   Thumb Code     0  printfa.o(i.__0printf)
    __2printf                                0x0800bbb1   Thumb Code     0  printfa.o(i.__0printf)
    __c89printf                              0x0800bbb1   Thumb Code     0  printfa.o(i.__0printf)
    printf                                   0x0800bbb1   Thumb Code     0  printfa.o(i.__0printf)
    __0sprintf                               0x0800bbd1   Thumb Code    34  printfa.o(i.__0sprintf)
    __1sprintf                               0x0800bbd1   Thumb Code     0  printfa.o(i.__0sprintf)
    __2sprintf                               0x0800bbd1   Thumb Code     0  printfa.o(i.__0sprintf)
    __c89sprintf                             0x0800bbd1   Thumb Code     0  printfa.o(i.__0sprintf)
    sprintf                                  0x0800bbd1   Thumb Code     0  printfa.o(i.__0sprintf)
    __0vsprintf                              0x0800bbf9   Thumb Code    30  printfa.o(i.__0vsprintf)
    __1vsprintf                              0x0800bbf9   Thumb Code     0  printfa.o(i.__0vsprintf)
    __2vsprintf                              0x0800bbf9   Thumb Code     0  printfa.o(i.__0vsprintf)
    __c89vsprintf                            0x0800bbf9   Thumb Code     0  printfa.o(i.__0vsprintf)
    vsprintf                                 0x0800bbf9   Thumb Code     0  printfa.o(i.__0vsprintf)
    __ARM_fpclassify                         0x0800bc1d   Thumb Code    40  fpclassify.o(i.__ARM_fpclassify)
    __ieee754_rem_pio2                       0x0800bc45   Thumb Code   828  rred.o(i.__ieee754_rem_pio2)
    __kernel_cos                             0x0800bfcd   Thumb Code   230  cos_i.o(i.__kernel_cos)
    __kernel_poly                            0x0800c0c9   Thumb Code   170  poly.o(i.__kernel_poly)
    __kernel_sin                             0x0800c175   Thumb Code   224  sin_i.o(i.__kernel_sin)
    __mathlib_dbl_infnan                     0x0800c261   Thumb Code     6  dunder.o(i.__mathlib_dbl_infnan)
    __mathlib_dbl_infnan2                    0x0800c267   Thumb Code     4  dunder.o(i.__mathlib_dbl_infnan2)
    __mathlib_dbl_invalid                    0x0800c26b   Thumb Code    12  dunder.o(i.__mathlib_dbl_invalid)
    __mathlib_dbl_underflow                  0x0800c279   Thumb Code    10  dunder.o(i.__mathlib_dbl_underflow)
    __scatterload_copy                       0x0800c289   Thumb Code    14  handlers.o(i.__scatterload_copy)
    __scatterload_null                       0x0800c297   Thumb Code     2  handlers.o(i.__scatterload_null)
    __scatterload_zeroinit                   0x0800c299   Thumb Code    14  handlers.o(i.__scatterload_zeroinit)
    __set_errno                              0x0800c2a9   Thumb Code     6  errno.o(i.__set_errno)
    asin                                     0x0800cb49   Thumb Code   572  asin.o(i.asin)
    atan                                     0x0800cdb9   Thumb Code   474  atan.o(i.atan)
    atan2                                    0x0800cfd9   Thumb Code   374  atan2.o(i.atan2)
    cos                                      0x0800d175   Thumb Code   148  cos.o(i.cos)
    free                                     0x0800d211   Thumb Code    76  malloc.o(i.free)
    malloc                                   0x0800d261   Thumb Code    92  malloc.o(i.malloc)
    sin                                      0x0800d2cd   Thumb Code   150  sin.o(i.sin)
    sqrt                                     0x0800d36d   Thumb Code    76  sqrt.o(i.sqrt)
    STAY                                     0x0800d3b8   Data         236  main.o(.constdata)
    TUNE                                     0x0800d4a4   Data        1000  main.o(.constdata)
    reg                                      0x0800d88c   Data          27  inv_mpu.o(.constdata)
    hw                                       0x0800d8a8   Data          12  inv_mpu.o(.constdata)
    test                                     0x0800d8b4   Data          40  inv_mpu.o(.constdata)
    menuBack                                 0x0800e55a   Data           5  menu.o(.constdata)
    dowChars                                 0x0800e55f   Data           8  resources.o(.constdata)
    days                                     0x0800e567   Data          28  resources.o(.constdata)
    months                                   0x0800e583   Data          48  resources.o(.constdata)
    livesImg                                 0x0800e5b3   Data           7  resources.o(.constdata)
    stopwatch                                0x0800e5ba   Data           8  resources.o(.constdata)
    menu_tunemaker                           0x0800e5c2   Data         128  resources.o(.constdata)
    menu_timedate                            0x0800e642   Data         128  resources.o(.constdata)
    menu_sleep                               0x0800e6c2   Data         128  resources.o(.constdata)
    menu_sound                               0x0800e742   Data         128  resources.o(.constdata)
    menu_games                               0x0800e7c2   Data         128  resources.o(.constdata)
    menu_brightness                          0x0800e842   Data         512  resources.o(.constdata)
    menu_invert                              0x0800ea42   Data         128  resources.o(.constdata)
    menu_anim                                0x0800eac2   Data         256  resources.o(.constdata)
    menu_volume                              0x0800ebc2   Data         512  resources.o(.constdata)
    menu_rotate                              0x0800edc2   Data         128  resources.o(.constdata)
    menu_display                             0x0800ee42   Data         128  resources.o(.constdata)
    menu_sleeptimeout                        0x0800eec2   Data         128  resources.o(.constdata)
    battIconEmpty                            0x0800ef42   Data          16  resources.o(.constdata)
    battIconLow                              0x0800ef52   Data          16  resources.o(.constdata)
    battIconHigh                             0x0800ef62   Data          16  resources.o(.constdata)
    battIconFull                             0x0800ef72   Data          16  resources.o(.constdata)
    smallFont                                0x0800ef82   Data         485  resources.o(.constdata)
    smallFontAlarm                           0x0800f167   Data           8  resources.o(.constdata)
    midFont                                  0x0800f16f   Data         570  resources.o(.constdata)
    small2Font                               0x0800f3a9   Data         220  resources.o(.constdata)
    colon                                    0x0800f485   Data          18  resources.o(.constdata)
    selectbar_top                            0x0800f497   Data          36  resources.o(.constdata)
    selectbar_bottom                         0x0800f4bb   Data          36  resources.o(.constdata)
    menu_alarm                               0x0800f4df   Data         128  resources.o(.constdata)
    menu_stopwatch                           0x0800f55f   Data         128  resources.o(.constdata)
    menu_torch                               0x0800f5df   Data         128  resources.o(.constdata)
    menu_settings                            0x0800f65f   Data         128  resources.o(.constdata)
    menu_diagnostic                          0x0800f6df   Data         128  resources.o(.constdata)
    menu_exit                                0x0800f75f   Data         128  resources.o(.constdata)
    menu_setfps                              0x0800f7df   Data         128  resources.o(.constdata)
    tuneHour                                 0x080109ac   Data          16  tunes.o(.constdata)
    tuneBtn1                                 0x080109bc   Data          16  tunes.o(.constdata)
    tuneBtn2                                 0x080109cc   Data          16  tunes.o(.constdata)
    tuneBtn3                                 0x080109dc   Data          16  tunes.o(.constdata)
    __mathlib_zero                           0x08010b08   Data           8  qnan.o(.constdata)
    Region$$Table$$Base                      0x08010c50   Number         0  anon$$obj.o(Region$$Table)
    Region$$Table$$Limit                     0x08010c70   Number         0  anon$$obj.o(Region$$Table)
    bme_enable                               0x20000000   Data           1  main.o(.data)
    DA17_enable                              0x20000001   Data           1  main.o(.data)
    SystemCoreClock                          0x20000004   Data           4  system_stm32f10x.o(.data)
    AHBPrescTable                            0x20000008   Data          16  system_stm32f10x.o(.data)
    DS3231_Temp                              0x20000024   Data           4  ds3231.o(.data)
    difference_P                             0x20000028   Data           2  bme280.o(.data)
    P_standard                               0x2000002c   Data           4  bme280.o(.data)
    altitude                                 0x20000030   Data           4  bme280.o(.data)
    TempData                                 0x20000034   Data           2  da17.o(.data)
    Pressure_Dis_Cun                         0x20000038   Data           4  da17.o(.data)
    Pressure_Dis_Guan                        0x2000003c   Data           4  da17.o(.data)
    Pressure_Dis_Chi                         0x20000040   Data           4  da17.o(.data)
    Read_Data                                0x20000044   Data           5  da17.o(.data)
    Read2_Data                               0x20000049   Data           5  da17.o(.data)
    Read3_Data                               0x2000004e   Data           5  da17.o(.data)
    imu_run                                  0x20000054   Data           1  mpu_task.o(.data)
    delta                                    0x20000055   Data           1  mpu_task.o(.data)
    point_delta                              0x20000056   Data           1  mpu_task.o(.data)
    pitch                                    0x20000060   Data           4  mpu_task.o(.data)
    roll                                     0x20000064   Data           4  mpu_task.o(.data)
    yaw                                      0x20000068   Data           4  mpu_task.o(.data)
    USART_RX_STA                             0x200000aa   Data           2  usart.o(.data)
    __stdout                                 0x200000ac   Data           4  usart.o(.data)
    DeepSleepFlag                            0x200000b0   Data           1  nvic.o(.data)
    DMA1_MEM_LEN                             0x200000b2   Data           2  dma.o(.data)
    eepAlarms                                0x200000dc   Data          15  alarm.o(.data)
    MY_FPS                                   0x20000108   Data           1  display.o(.data)
    MiddlePitch                              0x2000012c   Data           4  game1.o(.data)
    lives                                    0x20000154   Data           4  game3.o(.data)
    setting                                  0x20000190   Data           2  menu.o(.data)
    HistoryCount                             0x20000194   Data           1  millis.o(.data)
    bme_flag                                 0x20000195   Data           1  millis.o(.data)
    bme_time                                 0x20000196   Data           1  millis.o(.data)
    log_time                                 0x20000197   Data           1  millis.o(.data)
    i                                        0x20000198   Data           1  millis.o(.data)
    milliseconds                             0x2000019c   Data           4  millis.o(.data)
    MoveCheckFlag                            0x200001b4   Data           1  sleep.o(.data)
    update                                   0x200001d5   Data           1  time.o(.data)
    timeDate                                 0x200001d6   Data           8  time.o(.data)
    iAng                                     0x20000204   Data           1  tunemaker.o(.data)
    x1                                       0x20000205   Data           1  tunemaker.o(.data)
    x2                                       0x20000206   Data           1  tunemaker.o(.data)
    y1                                       0x20000207   Data           1  tunemaker.o(.data)
    y2                                       0x20000208   Data           1  tunemaker.o(.data)
    Cnt                                      0x2000020c   Data           4  tunemaker.o(.data)
    Cntv                                     0x20000210   Data           4  tunemaker.o(.data)
    BatteryVol                               0x20000214   Data           4  ui.o(.data)
    keep_on                                  0x20000218   Data           1  pwrmgr.o(.data)
    pitch_a                                  0x2000021c   Data           2  pwrmgr.o(.data)
    roll_a                                   0x2000021e   Data           2  pwrmgr.o(.data)
    yaw_a                                    0x20000220   Data           2  pwrmgr.o(.data)
    _RoateValue                              0x2000022c   Data          16  oled_basic.o(.data)
    OledTimeMs                               0x20000240   Data           4  oled_config.o(.data)
    new_line_flag                            0x20000244   Data           1  gui_log_console.o(.data)
    show_last_line_ldx                       0x20000247   Data           1  gui_log_console.o(.data)
    now_str_length                           0x20000248   Data           1  gui_log_console.o(.data)
    page_flag                                0x20000249   Data           1  altitude_display.o(.data)
    __microlib_freelist                      0x20000250   Data           4  mvars.o(.data)
    __microlib_freelist_initialised          0x20000254   Data           4  mvars.o(.data)
    Data_Pressure                            0x2000025c   Data          20  main.o(.bss)
    oledBuffer                               0x20000270   Data        1024  lcd.o(.bss)
    calendar                                 0x20000670   Data           9  ds3231.o(.bss)
    bme280_data                              0x2000067c   Data          16  bme280.o(.bss)
    bme280_cal                               0x2000068c   Data          40  bme280.o(.bss)
    data_send                                0x200006b4   Data          12  da17.o(.bss)
    USART_RX_BUF                             0x200007d0   Data         200  usart.o(.bss)
    DMA_InitStructure                        0x20000898   Data          44  dma.o(.bss)
    appConfig                                0x200008d0   Data          12  appconfig.o(.bss)
    _GRAM                                    0x20000925   Data          64  game3.o(.bss)
    menuData                                 0x20000968   Data          36  menu.o(.bss)
    send                                     0x2000098c   Data          24  millis.o(.bss)
    vert                                     0x200009ad   Data          24  tunemaker.o(.bss)
    OLED_GRAM                                0x200009c5   Data         512  tunemaker.o(.bss)
    ScreenBuffer                             0x20000bc5   Data        1024  oled_buffer.o(.bss)
    TempBuffer                               0x20000fc5   Data        1024  oled_buffer.o(.bss)
    string_buff                              0x200013c5   Data         400  gui_log_console.o(.bss)
    firststr_buff                            0x20001555   Data        1024  gui_log_console.o(.bss)
    historydat                               0x20001958   Data         192  altitude_display.o(.bss)
    __heap_base                              0x20001a18   Data           0  startup_stm32f10x_md.o(HEAP)
    __heap_limit                             0x20001c18   Data           0  startup_stm32f10x_md.o(HEAP)
    __initial_sp                             0x20002018   Data           0  startup_stm32f10x_md.o(STACK)



==============================================================================

Memory Map of the image

  Image Entry point : 0x080000ed

  Load Region LR_IROM1 (Base: 0x08000000, Size: 0x00010ecc, Max: 0x00020000, ABSOLUTE, COMPRESSED[0x00010ce0])

    Execution Region ER_IROM1 (Exec base: 0x08000000, Load base: 0x08000000, Size: 0x00010c70, Max: 0x00020000, ABSOLUTE)

    Exec Addr    Load Addr    Size         Type   Attr      Idx    E Section Name        Object

    0x08000000   0x08000000   0x000000ec   Data   RO          822    RESET               startup_stm32f10x_md.o
    0x080000ec   0x080000ec   0x00000000   Code   RO         1780  * .ARM.Collect$$$$00000000  mc_w.l(entry.o)
    0x080000ec   0x080000ec   0x00000004   Code   RO         2188    .ARM.Collect$$$$00000001  mc_w.l(entry2.o)
    0x080000f0   0x080000f0   0x00000004   Code   RO         2191    .ARM.Collect$$$$00000004  mc_w.l(entry5.o)
    0x080000f4   0x080000f4   0x00000000   Code   RO         2193    .ARM.Collect$$$$00000008  mc_w.l(entry7b.o)
    0x080000f4   0x080000f4   0x00000000   Code   RO         2195    .ARM.Collect$$$$0000000A  mc_w.l(entry8b.o)
    0x080000f4   0x080000f4   0x00000008   Code   RO         2196    .ARM.Collect$$$$0000000B  mc_w.l(entry9a.o)
    0x080000fc   0x080000fc   0x00000004   Code   RO         2203    .ARM.Collect$$$$0000000E  mc_w.l(entry12b.o)
    0x08000100   0x08000100   0x00000000   Code   RO         2198    .ARM.Collect$$$$0000000F  mc_w.l(entry10a.o)
    0x08000100   0x08000100   0x00000000   Code   RO         2200    .ARM.Collect$$$$00000011  mc_w.l(entry11a.o)
    0x08000100   0x08000100   0x00000004   Code   RO         2189    .ARM.Collect$$$$00002712  mc_w.l(entry2.o)
    0x08000104   0x08000104   0x000002a0   Code   RO            1    .text               main.o
    0x080003a4   0x080003a4   0x00000012   Code   RO          352    .text               stm32f10x_it.o
    0x080003b6   0x080003b6   0x00000002   PAD
    0x080003b8   0x080003b8   0x00000158   Code   RO          393    .text               system_stm32f10x.o
    0x08000510   0x08000510   0x0000007c   Code   RO          411    .text               lcd.o
    0x0800058c   0x0800058c   0x000001b8   Code   RO          466    .text               beep.o
    0x08000744   0x08000744   0x000002dc   Code   RO          483    .text               i2c_soft.o
    0x08000a20   0x08000a20   0x000000ec   Code   RO          496    .text               adc.o
    0x08000b0c   0x08000b0c   0x000001f8   Code   RO          511    .text               ds3231.o
    0x08000d04   0x08000d04   0x0000068c   Code   RO          578    .text               bme280.o
    0x08001390   0x08001390   0x00000384   Code   RO          604    .text               da17.o
    0x08001714   0x08001714   0x000006f4   Code   RO          625    .text               myiic.o
    0x08001e08   0x08001e08   0x000002d8   Code   RO          638    .text               mpu_task.o
    0x080020e0   0x080020e0   0x00000358   Code   RO          661    .text               mpu6050.o
    0x08002438   0x08002438   0x00001a14   Code   RO          675    .text               inv_mpu.o
    0x08003e4c   0x08003e4c   0x00000a7c   Code   RO          702    .text               inv_mpu_dmp_motion_driver.o
    0x080048c8   0x080048c8   0x00000098   Code   RO          724    .text               delay.o
    0x08004960   0x08004960   0x00000104   Code   RO          755    .text               usart.o
    0x08004a64   0x08004a64   0x00000118   Code   RO          779    .text               nvic.o
    0x08004b7c   0x08004b7c   0x00000074   Code   RO          794    .text               dma.o
    0x08004bf0   0x08004bf0   0x00000024   Code   RO          823    .text               startup_stm32f10x_md.o
    0x08004c14   0x08004c14   0x00000264   Code   RO          827    .text               stm32f10x_gpio.o
    0x08004e78   0x08004e78   0x000002b8   Code   RO          839    .text               stm32f10x_rcc.o
    0x08005130   0x08005130   0x00000328   Code   RO          853    .text               stm32f10x_usart.o
    0x08005458   0x08005458   0x000000b0   Code   RO          865    .text               misc.o
    0x08005508   0x08005508   0x00000af0   Code   RO          877    .text               stm32f10x_tim.o
    0x08005ff8   0x08005ff8   0x00000330   Code   RO          902    .text               stm32f10x_adc.o
    0x08006328   0x08006328   0x000001c8   Code   RO          914    .text               stm32f10x_dma.o
    0x080064f0   0x080064f0   0x000000ac   Code   RO          926    .text               stm32f10x_pwr.o
    0x0800659c   0x0800659c   0x000000e8   Code   RO          938    .text               stm32f10x_exti.o
    0x08006684   0x08006684   0x00000264   Code   RO          950    .text               alarm.o
    0x080068e8   0x080068e8   0x00000404   Code   RO          966    .text               alarms.o
    0x08006cec   0x08006cec   0x000000c8   Code   RO          980    .text               animation.o
    0x08006db4   0x08006db4   0x00000028   Code   RO          994    .text               appconfig.o
    0x08006ddc   0x08006ddc   0x000001c4   Code   RO         1013    .text               buttons.o
    0x08006fa0   0x08006fa0   0x00000164   Code   RO         1028    .text               diag.o
    0x08007104   0x08007104   0x0000021c   Code   RO         1043    .text               display.o
    0x08007320   0x08007320   0x0000020c   Code   RO         1058    .text               draw.o
    0x0800752c   0x0800752c   0x00000408   Code   RO         1073    .text               game1.o
    0x08007934   0x08007934   0x0000040c   Code   RO         1091    .text               game2.o
    0x08007d40   0x08007d40   0x000003c0   Code   RO         1108    .text               game3.o
    0x08008100   0x08008100   0x000000c4   Code   RO         1158    .text               games.o
    0x080081c4   0x080081c4   0x00000018   Code   RO         1172    .text               global.o
    0x080081dc   0x080081dc   0x000001ec   Code   RO         1184    .text               m_display.o
    0x080083c8   0x080083c8   0x00000188   Code   RO         1205    .text               m_main.o
    0x08008550   0x08008550   0x00000410   Code   RO         1219    .text               menu.o
    0x08008960   0x08008960   0x00000224   Code   RO         1241    .text               millis.o
    0x08008b84   0x08008b84   0x00000464   Code   RO         1262    .text               normal.o
    0x08008fe8   0x08008fe8   0x00000100   Code   RO         1330    .text               settings.o
    0x080090e8   0x080090e8   0x00000140   Code   RO         1344    .text               sleep.o
    0x08009228   0x08009228   0x0000015c   Code   RO         1359    .text               sound.o
    0x08009384   0x08009384   0x0000020c   Code   RO         1373    .text               stopwatch.o
    0x08009590   0x08009590   0x0000019c   Code   RO         1387    .text               time.o
    0x0800972c   0x0800972c   0x0000044c   Code   RO         1408    .text               timedate.o
    0x08009b78   0x08009b78   0x000000b4   Code   RO         1422    .text               torch.o
    0x08009c2c   0x08009c2c   0x00000070   Code   RO         1436    .text               tune.o
    0x08009c9c   0x08009c9c   0x00000384   Code   RO         1450    .text               tunemaker.o
    0x0800a020   0x0800a020   0x000000c4   Code   RO         1487    .text               ui.o
    0x0800a0e4   0x0800a0e4   0x000000dc   Code   RO         1502    .text               pwrmgr.o
    0x0800a1c0   0x0800a1c0   0x000004c4   Code   RO         1518    .text               oled_basic.o
    0x0800a684   0x0800a684   0x0000014c   Code   RO         1550    .text               oled_buffer.o
    0x0800a7d0   0x0800a7d0   0x0000001c   Code   RO         1567    .text               oled_color.o
    0x0800a7ec   0x0800a7ec   0x00000034   Code   RO         1581    .text               oled_config.o
    0x0800a820   0x0800a820   0x000002c8   Code   RO         1645    .text               oled_driver.o
    0x0800aae8   0x0800aae8   0x00000248   Code   RO         1691    .text               gui_log_console.o
    0x0800ad30   0x0800ad30   0x0000012c   Code   RO         1713    .text               my_menu.o
    0x0800ae5c   0x0800ae5c   0x000001c4   Code   RO         1729    .text               altitude_display.o
    0x0800b020   0x0800b020   0x00000062   Code   RO         1783    .text               mc_w.l(ldiv.o)
    0x0800b082   0x0800b082   0x00000002   PAD
    0x0800b084   0x0800b084   0x00000024   Code   RO         1785    .text               mc_w.l(rand.o)
    0x0800b0a8   0x0800b0a8   0x00000024   Code   RO         1788    .text               mc_w.l(memcpya.o)
    0x0800b0cc   0x0800b0cc   0x00000024   Code   RO         1790    .text               mc_w.l(memseta.o)
    0x0800b0f0   0x0800b0f0   0x00000018   Code   RO         1792    .text               mc_w.l(strcat.o)
    0x0800b108   0x0800b108   0x0000000e   Code   RO         1794    .text               mc_w.l(strlen.o)
    0x0800b116   0x0800b116   0x0000001a   Code   RO         1796    .text               mc_w.l(memcmp.o)
    0x0800b130   0x0800b130   0x00000012   Code   RO         1798    .text               mc_w.l(strcpy.o)
    0x0800b142   0x0800b142   0x0000001c   Code   RO         2091    .text               mc_w.l(calloc.o)
    0x0800b15e   0x0800b15e   0x000000b0   Code   RO         2093    .text               mf_w.l(fadd.o)
    0x0800b20e   0x0800b20e   0x00000064   Code   RO         2095    .text               mf_w.l(fmul.o)
    0x0800b272   0x0800b272   0x0000007c   Code   RO         2097    .text               mf_w.l(fdiv.o)
    0x0800b2ee   0x0800b2ee   0x00000018   Code   RO         2099    .text               mf_w.l(fscalb.o)
    0x0800b306   0x0800b306   0x0000014e   Code   RO         2101    .text               mf_w.l(dadd.o)
    0x0800b454   0x0800b454   0x000000e4   Code   RO         2103    .text               mf_w.l(dmul.o)
    0x0800b538   0x0800b538   0x000000de   Code   RO         2105    .text               mf_w.l(ddiv.o)
    0x0800b616   0x0800b616   0x0000002e   Code   RO         2107    .text               mf_w.l(dscalb.o)
    0x0800b644   0x0800b644   0x00000012   Code   RO         2109    .text               mf_w.l(fflti.o)
    0x0800b656   0x0800b656   0x0000000a   Code   RO         2111    .text               mf_w.l(ffltui.o)
    0x0800b660   0x0800b660   0x00000022   Code   RO         2113    .text               mf_w.l(dflti.o)
    0x0800b682   0x0800b682   0x0000001a   Code   RO         2115    .text               mf_w.l(dfltui.o)
    0x0800b69c   0x0800b69c   0x00000032   Code   RO         2117    .text               mf_w.l(ffixi.o)
    0x0800b6ce   0x0800b6ce   0x00000028   Code   RO         2119    .text               mf_w.l(ffixui.o)
    0x0800b6f6   0x0800b6f6   0x0000003e   Code   RO         2121    .text               mf_w.l(dfixi.o)
    0x0800b734   0x0800b734   0x00000032   Code   RO         2123    .text               mf_w.l(dfixui.o)
    0x0800b766   0x0800b766   0x00000026   Code   RO         2125    .text               mf_w.l(f2d.o)
    0x0800b78c   0x0800b78c   0x00000030   Code   RO         2127    .text               mf_w.l(cdcmple.o)
    0x0800b7bc   0x0800b7bc   0x00000030   Code   RO         2129    .text               mf_w.l(cdrcmple.o)
    0x0800b7ec   0x0800b7ec   0x00000038   Code   RO         2131    .text               mf_w.l(d2f.o)
    0x0800b824   0x0800b824   0x00000014   Code   RO         2133    .text               mf_w.l(cfcmple.o)
    0x0800b838   0x0800b838   0x00000014   Code   RO         2135    .text               mf_w.l(cfrcmple.o)
    0x0800b84c   0x0800b84c   0x0000002c   Code   RO         2204    .text               mc_w.l(uidiv.o)
    0x0800b878   0x0800b878   0x00000062   Code   RO         2206    .text               mc_w.l(uldiv.o)
    0x0800b8da   0x0800b8da   0x0000001e   Code   RO         2208    .text               mc_w.l(llshl.o)
    0x0800b8f8   0x0800b8f8   0x00000020   Code   RO         2210    .text               mc_w.l(llushr.o)
    0x0800b918   0x0800b918   0x00000024   Code   RO         2212    .text               mc_w.l(llsshr.o)
    0x0800b93c   0x0800b93c   0x00000000   Code   RO         2223    .text               mc_w.l(iusefp.o)
    0x0800b93c   0x0800b93c   0x0000006e   Code   RO         2224    .text               mf_w.l(fepilogue.o)
    0x0800b9aa   0x0800b9aa   0x000000ba   Code   RO         2226    .text               mf_w.l(depilogue.o)
    0x0800ba64   0x0800ba64   0x00000030   Code   RO         2228    .text               mf_w.l(dfixul.o)
    0x0800ba94   0x0800ba94   0x00000024   Code   RO         2230    .text               mc_w.l(init.o)
    0x0800bab8   0x0800bab8   0x000000a2   Code   RO         2232    .text               mf_w.l(dsqrt.o)
    0x0800bb5a   0x0800bb5a   0x00000056   Code   RO         2242    .text               mc_w.l(__dczerorl2.o)
    0x0800bbb0   0x0800bbb0   0x00000020   Code   RO         2035    i.__0printf         mc_w.l(printfa.o)
    0x0800bbd0   0x0800bbd0   0x00000028   Code   RO         2037    i.__0sprintf        mc_w.l(printfa.o)
    0x0800bbf8   0x0800bbf8   0x00000024   Code   RO         2041    i.__0vsprintf       mc_w.l(printfa.o)
    0x0800bc1c   0x0800bc1c   0x00000028   Code   RO         2164    i.__ARM_fpclassify  m_ws.l(fpclassify.o)
    0x0800bc44   0x0800bc44   0x00000388   Code   RO         2169    i.__ieee754_rem_pio2  m_ws.l(rred.o)
    0x0800bfcc   0x0800bfcc   0x000000fc   Code   RO         2147    i.__kernel_cos      m_ws.l(cos_i.o)
    0x0800c0c8   0x0800c0c8   0x000000aa   Code   RO         2166    i.__kernel_poly     m_ws.l(poly.o)
    0x0800c172   0x0800c172   0x00000002   PAD
    0x0800c174   0x0800c174   0x000000ec   Code   RO         2174    i.__kernel_sin      m_ws.l(sin_i.o)
    0x0800c260   0x0800c260   0x00000006   Code   RO         2151    i.__mathlib_dbl_infnan  m_ws.l(dunder.o)
    0x0800c266   0x0800c266   0x00000004   Code   RO         2152    i.__mathlib_dbl_infnan2  m_ws.l(dunder.o)
    0x0800c26a   0x0800c26a   0x0000000c   Code   RO         2153    i.__mathlib_dbl_invalid  m_ws.l(dunder.o)
    0x0800c276   0x0800c276   0x00000002   PAD
    0x0800c278   0x0800c278   0x00000010   Code   RO         2156    i.__mathlib_dbl_underflow  m_ws.l(dunder.o)
    0x0800c288   0x0800c288   0x0000000e   Code   RO         2236    i.__scatterload_copy  mc_w.l(handlers.o)
    0x0800c296   0x0800c296   0x00000002   Code   RO         2237    i.__scatterload_null  mc_w.l(handlers.o)
    0x0800c298   0x0800c298   0x0000000e   Code   RO         2238    i.__scatterload_zeroinit  mc_w.l(handlers.o)
    0x0800c2a6   0x0800c2a6   0x00000002   PAD
    0x0800c2a8   0x0800c2a8   0x0000000c   Code   RO         2218    i.__set_errno       mc_w.l(errno.o)
    0x0800c2b4   0x0800c2b4   0x00000184   Code   RO         2042    i._fp_digits        mc_w.l(printfa.o)
    0x0800c438   0x0800c438   0x000006b4   Code   RO         2043    i._printf_core      mc_w.l(printfa.o)
    0x0800caec   0x0800caec   0x00000024   Code   RO         2044    i._printf_post_padding  mc_w.l(printfa.o)
    0x0800cb10   0x0800cb10   0x0000002e   Code   RO         2045    i._printf_pre_padding  mc_w.l(printfa.o)
    0x0800cb3e   0x0800cb3e   0x0000000a   Code   RO         2047    i._sputc            mc_w.l(printfa.o)
    0x0800cb48   0x0800cb48   0x00000270   Code   RO         1747    i.asin              m_ws.l(asin.o)
    0x0800cdb8   0x0800cdb8   0x00000220   Code   RO         2138    i.atan              m_ws.l(atan.o)
    0x0800cfd8   0x0800cfd8   0x0000019c   Code   RO         1757    i.atan2             m_ws.l(atan2.o)
    0x0800d174   0x0800d174   0x0000009c   Code   RO         1765    i.cos               m_ws.l(cos.o)
    0x0800d210   0x0800d210   0x00000050   Code   RO         2063    i.free              mc_w.l(malloc.o)
    0x0800d260   0x0800d260   0x0000006c   Code   RO         2064    i.malloc            mc_w.l(malloc.o)
    0x0800d2cc   0x0800d2cc   0x000000a0   Code   RO         1773    i.sin               m_ws.l(sin.o)
    0x0800d36c   0x0800d36c   0x0000004c   Code   RO         2181    i.sqrt              m_ws.l(sqrt.o)
    0x0800d3b8   0x0800d3b8   0x000000ec   Data   RO            3    .constdata          main.o
    0x0800d4a4   0x0800d4a4   0x000003e8   Data   RO            4    .constdata          main.o
    0x0800d88c   0x0800d88c   0x0000001b   Data   RO          676    .constdata          inv_mpu.o
    0x0800d8a7   0x0800d8a7   0x00000001   PAD
    0x0800d8a8   0x0800d8a8   0x0000000c   Data   RO          677    .constdata          inv_mpu.o
    0x0800d8b4   0x0800d8b4   0x00000028   Data   RO          678    .constdata          inv_mpu.o
    0x0800d8dc   0x0800d8dc   0x00000bf6   Data   RO          704    .constdata          inv_mpu_dmp_motion_driver.o
    0x0800e4d2   0x0800e4d2   0x00000011   Data   RO         1075    .constdata          game1.o
    0x0800e4e3   0x0800e4e3   0x00000026   Data   RO         1093    .constdata          game2.o
    0x0800e509   0x0800e509   0x00000003   PAD
    0x0800e50c   0x0800e50c   0x00000030   Data   RO         1110    .constdata          game3.o
    0x0800e53c   0x0800e53c   0x0000001e   Data   RO         1111    .constdata          game3.o
    0x0800e55a   0x0800e55a   0x00000005   Data   RO         1221    .constdata          menu.o
    0x0800e55f   0x0800e55f   0x00000008   Data   RO         1282    .constdata          resources.o
    0x0800e567   0x0800e567   0x0000001c   Data   RO         1283    .constdata          resources.o
    0x0800e583   0x0800e583   0x00000030   Data   RO         1284    .constdata          resources.o
    0x0800e5b3   0x0800e5b3   0x00000007   Data   RO         1285    .constdata          resources.o
    0x0800e5ba   0x0800e5ba   0x00000008   Data   RO         1286    .constdata          resources.o
    0x0800e5c2   0x0800e5c2   0x00000080   Data   RO         1288    .constdata          resources.o
    0x0800e642   0x0800e642   0x00000080   Data   RO         1289    .constdata          resources.o
    0x0800e6c2   0x0800e6c2   0x00000080   Data   RO         1290    .constdata          resources.o
    0x0800e742   0x0800e742   0x00000080   Data   RO         1291    .constdata          resources.o
    0x0800e7c2   0x0800e7c2   0x00000080   Data   RO         1292    .constdata          resources.o
    0x0800e842   0x0800e842   0x00000200   Data   RO         1293    .constdata          resources.o
    0x0800ea42   0x0800ea42   0x00000080   Data   RO         1294    .constdata          resources.o
    0x0800eac2   0x0800eac2   0x00000100   Data   RO         1295    .constdata          resources.o
    0x0800ebc2   0x0800ebc2   0x00000200   Data   RO         1296    .constdata          resources.o
    0x0800edc2   0x0800edc2   0x00000080   Data   RO         1297    .constdata          resources.o
    0x0800ee42   0x0800ee42   0x00000080   Data   RO         1298    .constdata          resources.o
    0x0800eec2   0x0800eec2   0x00000080   Data   RO         1299    .constdata          resources.o
    0x0800ef42   0x0800ef42   0x00000010   Data   RO         1300    .constdata          resources.o
    0x0800ef52   0x0800ef52   0x00000010   Data   RO         1301    .constdata          resources.o
    0x0800ef62   0x0800ef62   0x00000010   Data   RO         1302    .constdata          resources.o
    0x0800ef72   0x0800ef72   0x00000010   Data   RO         1303    .constdata          resources.o
    0x0800ef82   0x0800ef82   0x000001e5   Data   RO         1304    .constdata          resources.o
    0x0800f167   0x0800f167   0x00000008   Data   RO         1305    .constdata          resources.o
    0x0800f16f   0x0800f16f   0x0000023a   Data   RO         1306    .constdata          resources.o
    0x0800f3a9   0x0800f3a9   0x000000dc   Data   RO         1307    .constdata          resources.o
    0x0800f485   0x0800f485   0x00000012   Data   RO         1308    .constdata          resources.o
    0x0800f497   0x0800f497   0x00000024   Data   RO         1309    .constdata          resources.o
    0x0800f4bb   0x0800f4bb   0x00000024   Data   RO         1310    .constdata          resources.o
    0x0800f4df   0x0800f4df   0x00000080   Data   RO         1311    .constdata          resources.o
    0x0800f55f   0x0800f55f   0x00000080   Data   RO         1312    .constdata          resources.o
    0x0800f5df   0x0800f5df   0x00000080   Data   RO         1313    .constdata          resources.o
    0x0800f65f   0x0800f65f   0x00000080   Data   RO         1314    .constdata          resources.o
    0x0800f6df   0x0800f6df   0x00000080   Data   RO         1315    .constdata          resources.o
    0x0800f75f   0x0800f75f   0x00000080   Data   RO         1316    .constdata          resources.o
    0x0800f7df   0x0800f7df   0x00000080   Data   RO         1317    .constdata          resources.o
    0x0800f85f   0x0800f85f   0x0000000c   Data   RO         1389    .constdata          time.o
    0x0800f86b   0x0800f86b   0x00000001   PAD
    0x0800f86c   0x0800f86c   0x00001140   Data   RO         1452    .constdata          tunemaker.o
    0x080109ac   0x080109ac   0x00000010   Data   RO         1471    .constdata          tunes.o
    0x080109bc   0x080109bc   0x00000010   Data   RO         1473    .constdata          tunes.o
    0x080109cc   0x080109cc   0x00000010   Data   RO         1474    .constdata          tunes.o
    0x080109dc   0x080109dc   0x00000010   Data   RO         1475    .constdata          tunes.o
    0x080109ec   0x080109ec   0x00000004   PAD
    0x080109f0   0x080109f0   0x00000050   Data   RO         1748    .constdata          m_ws.l(asin.o)
    0x08010a40   0x08010a40   0x00000098   Data   RO         2139    .constdata          m_ws.l(atan.o)
    0x08010ad8   0x08010ad8   0x00000030   Data   RO         2148    .constdata          m_ws.l(cos_i.o)
    0x08010b08   0x08010b08   0x00000008   Data   RO         2168    .constdata          m_ws.l(qnan.o)
    0x08010b10   0x08010b10   0x000000c8   Data   RO         2171    .constdata          m_ws.l(rred.o)
    0x08010bd8   0x08010bd8   0x00000028   Data   RO         2175    .constdata          m_ws.l(sin_i.o)
    0x08010c00   0x08010c00   0x0000004d   Data   RO          679    .conststring        inv_mpu.o
    0x08010c4d   0x08010c4d   0x00000003   PAD
    0x08010c50   0x08010c50   0x00000020   Data   RO         2234    Region$$Table       anon$$obj.o


    Execution Region RW_IRAM1 (Exec base: 0x20000000, Load base: 0x08010c70, Size: 0x00002018, Max: 0x00005000, ABSOLUTE, COMPRESSED[0x00000070])

    Exec Addr    Load Addr    Size         Type   Attr      Idx    E Section Name        Object

    0x20000000   COMPRESSED   0x00000001   Data   RW            5    .data               main.o
    0x20000001   COMPRESSED   0x00000001   Data   RW            6    .data               main.o
    0x20000002   COMPRESSED   0x00000002   PAD
    0x20000004   COMPRESSED   0x00000014   Data   RW          394    .data               system_stm32f10x.o
    0x20000018   COMPRESSED   0x0000000c   Data   RW          467    .data               beep.o
    0x20000024   COMPRESSED   0x00000004   Data   RW          521    .data               ds3231.o
    0x20000028   COMPRESSED   0x0000000c   Data   RW          580    .data               bme280.o
    0x20000034   COMPRESSED   0x0000001f   Data   RW          607    .data               da17.o
    0x20000053   COMPRESSED   0x00000001   PAD
    0x20000054   COMPRESSED   0x0000000c   Data   RW          640    .data               mpu_task.o
    0x20000060   COMPRESSED   0x00000004   Data   RW          641    .data               mpu_task.o
    0x20000064   COMPRESSED   0x00000004   Data   RW          642    .data               mpu_task.o
    0x20000068   COMPRESSED   0x00000004   Data   RW          643    .data               mpu_task.o
    0x2000006c   COMPRESSED   0x00000002   Data   RW          662    .data               mpu6050.o
    0x2000006e   COMPRESSED   0x00000002   PAD
    0x20000070   COMPRESSED   0x00000035   Data   RW          680    .data               inv_mpu.o
    0x200000a5   COMPRESSED   0x00000001   PAD
    0x200000a6   COMPRESSED   0x00000004   Data   RW          725    .data               delay.o
    0x200000aa   COMPRESSED   0x00000002   Data   RW          757    .data               usart.o
    0x200000ac   COMPRESSED   0x00000004   Data   RW          758    .data               usart.o
    0x200000b0   COMPRESSED   0x00000001   Data   RW          780    .data               nvic.o
    0x200000b1   COMPRESSED   0x00000001   PAD
    0x200000b2   COMPRESSED   0x00000002   Data   RW          796    .data               dma.o
    0x200000b4   COMPRESSED   0x00000014   Data   RW          840    .data               stm32f10x_rcc.o
    0x200000c8   COMPRESSED   0x00000023   Data   RW          951    .data               alarm.o
    0x200000eb   COMPRESSED   0x00000001   PAD
    0x200000ec   COMPRESSED   0x00000010   Data   RW          967    .data               alarms.o
    0x200000fc   COMPRESSED   0x00000004   Data   RW         1015    .data               buttons.o
    0x20000100   COMPRESSED   0x00000008   Data   RW         1029    .data               diag.o
    0x20000108   COMPRESSED   0x00000016   Data   RW         1044    .data               display.o
    0x2000011e   COMPRESSED   0x00000002   PAD
    0x20000120   COMPRESSED   0x00000010   Data   RW         1076    .data               game1.o
    0x20000130   COMPRESSED   0x00000014   Data   RW         1094    .data               game2.o
    0x20000144   COMPRESSED   0x00000004   PAD
    0x20000148   COMPRESSED   0x00000028   Data   RW         1112    .data               game3.o
    0x20000170   COMPRESSED   0x00000008   Data   RW         1159    .data               games.o
    0x20000178   COMPRESSED   0x00000008   Data   RW         1185    .data               m_display.o
    0x20000180   COMPRESSED   0x00000008   Data   RW         1206    .data               m_main.o
    0x20000188   COMPRESSED   0x00000008   Data   RW         1222    .data               menu.o
    0x20000190   COMPRESSED   0x00000002   Data   RW         1223    .data               menu.o
    0x20000192   COMPRESSED   0x00000002   PAD
    0x20000194   COMPRESSED   0x0000000c   Data   RW         1243    .data               millis.o
    0x200001a0   COMPRESSED   0x0000000b   Data   RW         1263    .data               normal.o
    0x200001ab   COMPRESSED   0x00000001   PAD
    0x200001ac   COMPRESSED   0x00000008   Data   RW         1331    .data               settings.o
    0x200001b4   COMPRESSED   0x0000000c   Data   RW         1345    .data               sleep.o
    0x200001c0   COMPRESSED   0x00000008   Data   RW         1360    .data               sound.o
    0x200001c8   COMPRESSED   0x0000000c   Data   RW         1374    .data               stopwatch.o
    0x200001d4   COMPRESSED   0x0000000a   Data   RW         1390    .data               time.o
    0x200001de   COMPRESSED   0x00000002   PAD
    0x200001e0   COMPRESSED   0x00000014   Data   RW         1409    .data               timedate.o
    0x200001f4   COMPRESSED   0x00000008   Data   RW         1423    .data               torch.o
    0x200001fc   COMPRESSED   0x00000008   Data   RW         1437    .data               tune.o
    0x20000204   COMPRESSED   0x00000010   Data   RW         1453    .data               tunemaker.o
    0x20000214   COMPRESSED   0x00000004   Data   RW         1488    .data               ui.o
    0x20000218   COMPRESSED   0x0000000a   Data   RW         1503    .data               pwrmgr.o
    0x20000222   COMPRESSED   0x00000002   PAD
    0x20000224   COMPRESSED   0x00000018   Data   RW         1519    .data               oled_basic.o
    0x2000023c   COMPRESSED   0x00000001   Data   RW         1552    .data               oled_buffer.o
    0x2000023d   COMPRESSED   0x00000002   Data   RW         1568    .data               oled_color.o
    0x2000023f   COMPRESSED   0x00000001   PAD
    0x20000240   COMPRESSED   0x00000004   Data   RW         1582    .data               oled_config.o
    0x20000244   COMPRESSED   0x00000005   Data   RW         1694    .data               gui_log_console.o
    0x20000249   COMPRESSED   0x00000001   Data   RW         1731    .data               altitude_display.o
    0x2000024a   COMPRESSED   0x00000002   PAD
    0x2000024c   COMPRESSED   0x00000004   Data   RW         1786    .data               mc_w.l(rand.o)
    0x20000250   COMPRESSED   0x00000004   Data   RW         2214    .data               mc_w.l(mvars.o)
    0x20000254   COMPRESSED   0x00000004   Data   RW         2215    .data               mc_w.l(mvars.o)
    0x20000258   COMPRESSED   0x00000004   Data   RW         2219    .data               mc_w.l(errno.o)
    0x2000025c        -       0x00000014   Zero   RW            2    .bss                main.o
    0x20000270        -       0x00000400   Zero   RW          412    .bss                lcd.o
    0x20000670        -       0x00000009   Zero   RW          512    .bss                ds3231.o
    0x20000679   COMPRESSED   0x00000003   PAD
    0x2000067c        -       0x00000038   Zero   RW          579    .bss                bme280.o
    0x200006b4        -       0x0000000c   Zero   RW          605    .bss                da17.o
    0x200006c0        -       0x00000100   Zero   RW          639    .bss                mpu_task.o
    0x200007c0        -       0x00000010   Zero   RW          703    .bss                inv_mpu_dmp_motion_driver.o
    0x200007d0        -       0x000000c8   Zero   RW          756    .bss                usart.o
    0x20000898        -       0x0000002c   Zero   RW          795    .bss                dma.o
    0x200008c4        -       0x0000000c   Zero   RW          981    .bss                animation.o
    0x200008d0        -       0x0000000c   Zero   RW          995    .bss                appconfig.o
    0x200008dc        -       0x00000030   Zero   RW         1014    .bss                buttons.o
    0x2000090c        -       0x00000010   Zero   RW         1074    .bss                game1.o
    0x2000091c        -       0x00000009   Zero   RW         1092    .bss                game2.o
    0x20000925        -       0x00000040   Zero   RW         1109    .bss                game3.o
    0x20000965   COMPRESSED   0x00000003   PAD
    0x20000968        -       0x00000024   Zero   RW         1220    .bss                menu.o
    0x2000098c        -       0x00000018   Zero   RW         1242    .bss                millis.o
    0x200009a4        -       0x00000009   Zero   RW         1388    .bss                time.o
    0x200009ad        -       0x00000218   Zero   RW         1451    .bss                tunemaker.o
    0x20000bc5        -       0x00000800   Zero   RW         1551    .bss                oled_buffer.o
    0x200013c5        -       0x00000590   Zero   RW         1692    .bss                gui_log_console.o
    0x20001955   COMPRESSED   0x00000003   PAD
    0x20001958        -       0x000000c0   Zero   RW         1730    .bss                altitude_display.o
    0x20001a18        -       0x00000200   Zero   RW          821    HEAP                startup_stm32f10x_md.o
    0x20001c18        -       0x00000400   Zero   RW          820    STACK               startup_stm32f10x_md.o


==============================================================================

Image component sizes


      Code (inc. data)   RO Data    RW Data    ZI Data      Debug   Object Name

       236         10          0          0          0       1123   adc.o
       612         28          0         35          0       4171   alarm.o
      1028        118          0         16          0       3978   alarms.o
       452        118          0          1        192       2461   altitude_display.o
       200         10          0          0         12       1768   animation.o
        40          6          0          0         12       1442   appconfig.o
       440         18          0         12          0       2317   beep.o
      1676        118          0         12         56       5733   bme280.o
       452         34          0          4         48       3546   buttons.o
       900         16          0         31         12       3708   da17.o
       152         14          0          4          0       1127   delay.o
       356        148          0          8          0       1834   diag.o
       540         18          0         22          0       3396   display.o
       116         10          0          2         44       1493   dma.o
       524         10          0          0          0       4312   draw.o
       504         16          0          4          9       8232   ds3231.o
      1032         86         17         16         16       3509   game1.o
      1036         94         38         20          9       3412   game2.o
       960        114         78         40         64       6073   game3.o
       196         84          0          8          0       1373   games.o
        24          0          0          0          0        892   global.o
       584         26          0          5       1424       3827   gui_log_console.o
       732          6          0          0          0       4147   i2c_soft.o
      6676        180        156         53          0      24827   inv_mpu.o
      2684        118       3062          0         16      15429   inv_mpu_dmp_motion_driver.o
       124         10          0          0       1024       1661   lcd.o
       492        142          0          8          0       2868   m_display.o
       392        186          0          8          0       1548   m_main.o
       672        252       1236          2         20     279583   main.o
      1040         48          5         10         36       7500   menu.o
       548         76          0         12         24       2518   millis.o
       176         14          0          0          0       1937   misc.o
       856         28          0          2          0       5154   mpu6050.o
       728         74          0         24        256       3567   mpu_task.o
       300        116          0          0          0       1106   my_menu.o
      1780         16          0          0          0       5741   myiic.o
      1124        106          0         11          0       3061   normal.o
       280         12          0          1          0       1224   nvic.o
      1220         26          0         24          0       7672   oled_basic.o
       332         14          0          1       2048       3580   oled_buffer.o
        28          4          0          2          0       1146   oled_color.o
        52         12          0          4          0       1125   oled_config.o
         0          0          0          0          0        584   oled_debug.o
       712          8          0          0          0       3199   oled_driver.o
       220         10          0         10          0       2284   pwrmgr.o
         0          0       4864          0          0       2430   resources.o
       256        124          0          8          0        984   settings.o
       320         92          0         12          0       1869   sleep.o
       348         88          0          8          0       2113   sound.o
        36          8        236          0       1536        792   startup_stm32f10x_md.o
       816         24          0          0          0      11389   stm32f10x_adc.o
       456         10          0          0          0       4694   stm32f10x_dma.o
       232          8          0          0          0       2447   stm32f10x_exti.o
       612         36          0          0          0       6069   stm32f10x_gpio.o
        18          0          0          0          0       1178   stm32f10x_it.o
       172         12          0          0          0       2003   stm32f10x_pwr.o
       696         32          0         20          0       9068   stm32f10x_rcc.o
      2800         84          0          0          0      24002   stm32f10x_tim.o
       808         22          0          0          0       8932   stm32f10x_usart.o
       524         44          0         12          0       2287   stopwatch.o
         0          0          0          0          0         32   sys.o
       344         34          0         20          0       1839   system_stm32f10x.o
       412         42         12         10          9       3823   time.o
      1100        172          0         20          0       4356   timedate.o
       180         24          0          8          0       1225   torch.o
       112          8          0          8          0       1534   tune.o
       900         80       4416         16        536       3754   tunemaker.o
         0          0         64          0          0        871   tunes.o
       196         58          0          4          0        843   ui.o
       260         16          0          6        200       3298   usart.o

    ----------------------------------------------------------------------
     44828       3572      14228        588       7612     553020   Object Totals
         0          0         32          0          0          0   (incl. Generated)
         2          0         12         24          9          0   (incl. Padding)

    ----------------------------------------------------------------------

      Code (inc. data)   RO Data    RW Data    ZI Data      Debug   Library Member Name

       624         52         80          0          0        168   asin.o
       544         70        152          0          0        124   atan.o
       412         38          0          0          0        144   atan2.o
       156          8          0          0          0        104   cos.o
       252         22         48          0          0        124   cos_i.o
        38          6          0          0          0        272   dunder.o
        40          0          0          0          0         68   fpclassify.o
       170          0          0          0          0         96   poly.o
         0          0          8          0          0          0   qnan.o
       904         76        200          0          0        140   rred.o
       160         10          0          0          0        108   sin.o
       236         12         40          0          0        128   sin_i.o
        76          0          0          0          0         84   sqrt.o
        86          0          0          0          0          0   __dczerorl2.o
        28          0          0          0          0         76   calloc.o
         0          0          0          0          0          0   entry.o
         0          0          0          0          0          0   entry10a.o
         0          0          0          0          0          0   entry11a.o
         4          0          0          0          0          0   entry12b.o
         8          4          0          0          0          0   entry2.o
         4          0          0          0          0          0   entry5.o
         0          0          0          0          0          0   entry7b.o
         0          0          0          0          0          0   entry8b.o
         8          4          0          0          0          0   entry9a.o
        12          6          0          4          0         68   errno.o
        30          0          0          0          0          0   handlers.o
        36          8          0          0          0         68   init.o
         0          0          0          0          0          0   iusefp.o
        98          0          0          0          0         84   ldiv.o
        30          0          0          0          0         68   llshl.o
        36          0          0          0          0         68   llsshr.o
        32          0          0          0          0         68   llushr.o
       188         20          0          0          0        160   malloc.o
        26          0          0          0          0         80   memcmp.o
        36          0          0          0          0         68   memcpya.o
        36          0          0          0          0        108   memseta.o
         0          0          0          8          0          0   mvars.o
      2304        102          0          0          0        696   printfa.o
        36         10          0          4          0        136   rand.o
        24          0          0          0          0         68   strcat.o
        18          0          0          0          0         68   strcpy.o
        14          0          0          0          0         68   strlen.o
        44          0          0          0          0         80   uidiv.o
        98          0          0          0          0         92   uldiv.o
        48          0          0          0          0         68   cdcmple.o
        48          0          0          0          0         68   cdrcmple.o
        20          0          0          0          0         68   cfcmple.o
        20          0          0          0          0         68   cfrcmple.o
        56          0          0          0          0         88   d2f.o
       334          0          0          0          0        148   dadd.o
       222          0          0          0          0        100   ddiv.o
       186          0          0          0          0        176   depilogue.o
        62          0          0          0          0         80   dfixi.o
        50          0          0          0          0         76   dfixui.o
        48          0          0          0          0         68   dfixul.o
        34          0          0          0          0         76   dflti.o
        26          0          0          0          0         76   dfltui.o
       228          0          0          0          0         96   dmul.o
        46          0          0          0          0         80   dscalb.o
       162          0          0          0          0        100   dsqrt.o
        38          0          0          0          0         68   f2d.o
       176          0          0          0          0        140   fadd.o
       124          0          0          0          0         88   fdiv.o
       110          0          0          0          0        168   fepilogue.o
        50          0          0          0          0         68   ffixi.o
        40          0          0          0          0         68   ffixui.o
        18          0          0          0          0         68   fflti.o
        10          0          0          0          0         68   ffltui.o
       100          0          0          0          0         76   fmul.o
        24          0          0          0          0         68   fscalb.o

    ----------------------------------------------------------------------
      9136        448        528         16          0       6000   Library Totals
         8          0          0          0          0          0   (incl. Padding)

    ----------------------------------------------------------------------

      Code (inc. data)   RO Data    RW Data    ZI Data      Debug   Library Name

      3612        294        528          0          0       1560   m_ws.l
      3236        154          0         16          0       2124   mc_w.l
      2280          0          0          0          0       2316   mf_w.l

    ----------------------------------------------------------------------
      9136        448        528         16          0       6000   Library Totals

    ----------------------------------------------------------------------

==============================================================================


      Code (inc. data)   RO Data    RW Data    ZI Data      Debug   

     53964       4020      14756        604       7612     548228   Grand Totals
     53964       4020      14756        112       7612     548228   ELF Image Totals (compressed)
     53964       4020      14756        112          0          0   ROM Totals

==============================================================================

    Total RO  Size (Code + RO Data)                68720 (  67.11kB)
    Total RW  Size (RW Data + ZI Data)              8216 (   8.02kB)
    Total ROM Size (Code + RO Data + RW Data)      68832 (  67.22kB)

==============================================================================

